{
  "config": {
    "configFile": "/Users/Lucas-Lenovo/Documents/Documentos/Portal dos Eletricistas/playwright.config.ts",
    "rootDir": "/Users/Lucas-Lenovo/Documents/Documentos/Portal dos Eletricistas/tests/e2e",
    "forbidOnly": false,
    "fullyParallel": true,
    "globalSetup": null,
    "globalTeardown": null,
    "globalTimeout": 0,
    "grep": {},
    "grepInvert": null,
    "maxFailures": 0,
    "metadata": {
      "actualWorkers": 5
    },
    "preserveOutput": "always",
    "projects": [
      {
        "outputDir": "/Users/Lucas-Lenovo/Documents/Documentos/Portal dos Eletricistas/test-results",
        "repeatEach": 1,
        "retries": 0,
        "metadata": {
          "actualWorkers": 5
        },
        "id": "chromium",
        "name": "chromium",
        "testDir": "/Users/Lucas-Lenovo/Documents/Documentos/Portal dos Eletricistas/tests/e2e",
        "testIgnore": [],
        "testMatch": [
          "**/*.@(spec|test).?(c|m)[jt]s?(x)"
        ],
        "timeout": 30000
      },
      {
        "outputDir": "/Users/Lucas-Lenovo/Documents/Documentos/Portal dos Eletricistas/test-results",
        "repeatEach": 1,
        "retries": 0,
        "metadata": {
          "actualWorkers": 5
        },
        "id": "firefox",
        "name": "firefox",
        "testDir": "/Users/Lucas-Lenovo/Documents/Documentos/Portal dos Eletricistas/tests/e2e",
        "testIgnore": [],
        "testMatch": [
          "**/*.@(spec|test).?(c|m)[jt]s?(x)"
        ],
        "timeout": 30000
      },
      {
        "outputDir": "/Users/Lucas-Lenovo/Documents/Documentos/Portal dos Eletricistas/test-results",
        "repeatEach": 1,
        "retries": 0,
        "metadata": {
          "actualWorkers": 5
        },
        "id": "webkit",
        "name": "webkit",
        "testDir": "/Users/Lucas-Lenovo/Documents/Documentos/Portal dos Eletricistas/tests/e2e",
        "testIgnore": [],
        "testMatch": [
          "**/*.@(spec|test).?(c|m)[jt]s?(x)"
        ],
        "timeout": 30000
      },
      {
        "outputDir": "/Users/Lucas-Lenovo/Documents/Documentos/Portal dos Eletricistas/test-results",
        "repeatEach": 1,
        "retries": 0,
        "metadata": {
          "actualWorkers": 5
        },
        "id": "Mobile Chrome",
        "name": "Mobile Chrome",
        "testDir": "/Users/Lucas-Lenovo/Documents/Documentos/Portal dos Eletricistas/tests/e2e",
        "testIgnore": [],
        "testMatch": [
          "**/*.@(spec|test).?(c|m)[jt]s?(x)"
        ],
        "timeout": 30000
      },
      {
        "outputDir": "/Users/Lucas-Lenovo/Documents/Documentos/Portal dos Eletricistas/test-results",
        "repeatEach": 1,
        "retries": 0,
        "metadata": {
          "actualWorkers": 5
        },
        "id": "Mobile Safari",
        "name": "Mobile Safari",
        "testDir": "/Users/Lucas-Lenovo/Documents/Documentos/Portal dos Eletricistas/tests/e2e",
        "testIgnore": [],
        "testMatch": [
          "**/*.@(spec|test).?(c|m)[jt]s?(x)"
        ],
        "timeout": 30000
      },
      {
        "outputDir": "/Users/Lucas-Lenovo/Documents/Documentos/Portal dos Eletricistas/test-results",
        "repeatEach": 1,
        "retries": 0,
        "metadata": {
          "actualWorkers": 5
        },
        "id": "iPad",
        "name": "iPad",
        "testDir": "/Users/Lucas-Lenovo/Documents/Documentos/Portal dos Eletricistas/tests/e2e",
        "testIgnore": [],
        "testMatch": [
          "**/*.@(spec|test).?(c|m)[jt]s?(x)"
        ],
        "timeout": 30000
      }
    ],
    "quiet": false,
    "reporter": [
      [
        "json"
      ]
    ],
    "reportSlowTests": {
      "max": 5,
      "threshold": 300000
    },
    "runAgents": "none",
    "shard": null,
    "tags": [],
    "updateSnapshots": "missing",
    "updateSourceMethod": "patch",
    "version": "1.58.0",
    "workers": 5,
    "webServer": null
  },
  "suites": [
    {
      "title": "01-landing-page.spec.ts",
      "file": "01-landing-page.spec.ts",
      "column": 0,
      "line": 0,
      "specs": [],
      "suites": [
        {
          "title": "Landing Page - Primeira Impressão",
          "file": "01-landing-page.spec.ts",
          "line": 8,
          "column": 6,
          "specs": [
            {
              "title": "deve exibir o logo e título corretamente",
              "ok": true,
              "tags": [],
              "tests": [
                {
                  "timeout": 30000,
                  "annotations": [],
                  "expectedStatus": "passed",
                  "projectId": "chromium",
                  "projectName": "chromium",
                  "results": [
                    {
                      "workerIndex": 0,
                      "parallelIndex": 0,
                      "status": "passed",
                      "duration": 3003,
                      "errors": [],
                      "stdout": [],
                      "stderr": [],
                      "retry": 0,
                      "startTime": "2026-01-30T04:12:23.731Z",
                      "annotations": [],
                      "attachments": []
                    }
                  ],
                  "status": "expected"
                }
              ],
              "id": "d41b322f13ba9940b119-64edf157be0eff2a6730",
              "file": "01-landing-page.spec.ts",
              "line": 15,
              "column": 9
            },
            {
              "title": "deve exibir mensagem de boas-vindas para usuários não autenticados",
              "ok": true,
              "tags": [],
              "tests": [
                {
                  "timeout": 30000,
                  "annotations": [],
                  "expectedStatus": "passed",
                  "projectId": "chromium",
                  "projectName": "chromium",
                  "results": [
                    {
                      "workerIndex": 1,
                      "parallelIndex": 1,
                      "status": "passed",
                      "duration": 3106,
                      "errors": [],
                      "stdout": [],
                      "stderr": [],
                      "retry": 0,
                      "startTime": "2026-01-30T04:12:23.681Z",
                      "annotations": [],
                      "attachments": []
                    }
                  ],
                  "status": "expected"
                }
              ],
              "id": "d41b322f13ba9940b119-4b727c785ade9dbd5a55",
              "file": "01-landing-page.spec.ts",
              "line": 24,
              "column": 9
            },
            {
              "title": "deve exibir botões de autenticação (Entrar e Cadastrar)",
              "ok": true,
              "tags": [],
              "tests": [
                {
                  "timeout": 30000,
                  "annotations": [],
                  "expectedStatus": "passed",
                  "projectId": "chromium",
                  "projectName": "chromium",
                  "results": [
                    {
                      "workerIndex": 2,
                      "parallelIndex": 2,
                      "status": "passed",
                      "duration": 6634,
                      "errors": [],
                      "stdout": [],
                      "stderr": [],
                      "retry": 0,
                      "startTime": "2026-01-30T04:12:24.227Z",
                      "annotations": [],
                      "attachments": []
                    }
                  ],
                  "status": "expected"
                }
              ],
              "id": "d41b322f13ba9940b119-9ed7a24a4bcd843256c5",
              "file": "01-landing-page.spec.ts",
              "line": 30,
              "column": 9
            },
            {
              "title": "deve exibir seção de Acesso Rápido com 4 cards",
              "ok": true,
              "tags": [],
              "tests": [
                {
                  "timeout": 30000,
                  "annotations": [],
                  "expectedStatus": "passed",
                  "projectId": "chromium",
                  "projectName": "chromium",
                  "results": [
                    {
                      "workerIndex": 3,
                      "parallelIndex": 3,
                      "status": "passed",
                      "duration": 2600,
                      "errors": [],
                      "stdout": [],
                      "stderr": [],
                      "retry": 0,
                      "startTime": "2026-01-30T04:12:24.277Z",
                      "annotations": [],
                      "attachments": []
                    }
                  ],
                  "status": "expected"
                }
              ],
              "id": "d41b322f13ba9940b119-1e9eab739b926609e717",
              "file": "01-landing-page.spec.ts",
              "line": 42,
              "column": 9
            },
            {
              "title": "NÃO deve exibir card de instalação PWA (conforme solicitado)",
              "ok": false,
              "tags": [],
              "tests": [
                {
                  "timeout": 30000,
                  "annotations": [],
                  "expectedStatus": "passed",
                  "projectId": "chromium",
                  "projectName": "chromium",
                  "results": [
                    {
                      "workerIndex": 4,
                      "parallelIndex": 4,
                      "status": "failed",
                      "duration": 12304,
                      "error": {
                        "message": "Error: \u001b[2mexpect(\u001b[22m\u001b[31mlocator\u001b[39m\u001b[2m).not.\u001b[22mtoBeVisible\u001b[2m(\u001b[22m\u001b[2m)\u001b[22m failed\n\nLocator:  getByText(/Instale o App e ganhe acesso offline/i)\nExpected: not visible\nReceived: visible\nTimeout:  5000ms\n\nCall log:\n\u001b[2m  - Expect \"not toBeVisible\" with timeout 5000ms\u001b[22m\n\u001b[2m  - waiting for getByText(/Instale o App e ganhe acesso offline/i)\u001b[22m\n\u001b[2m    8 × locator resolved to <h3 class=\"text-2xl font-bold mb-2 leading-tight\">Instale o App e ganhe acesso offline!</h3>\u001b[22m\n\u001b[2m      - unexpected value \"visible\"\u001b[22m\n",
                        "stack": "Error: \u001b[2mexpect(\u001b[22m\u001b[31mlocator\u001b[39m\u001b[2m).not.\u001b[22mtoBeVisible\u001b[2m(\u001b[22m\u001b[2m)\u001b[22m failed\n\nLocator:  getByText(/Instale o App e ganhe acesso offline/i)\nExpected: not visible\nReceived: visible\nTimeout:  5000ms\n\nCall log:\n\u001b[2m  - Expect \"not toBeVisible\" with timeout 5000ms\u001b[22m\n\u001b[2m  - waiting for getByText(/Instale o App e ganhe acesso offline/i)\u001b[22m\n\u001b[2m    8 × locator resolved to <h3 class=\"text-2xl font-bold mb-2 leading-tight\">Instale o App e ganhe acesso offline!</h3>\u001b[22m\n\u001b[2m      - unexpected value \"visible\"\u001b[22m\n\n    at /Users/Lucas-Lenovo/Documents/Documentos/Portal dos Eletricistas/tests/e2e/01-landing-page.spec.ts:56:35",
                        "location": {
                          "file": "/Users/Lucas-Lenovo/Documents/Documentos/Portal dos Eletricistas/tests/e2e/01-landing-page.spec.ts",
                          "column": 35,
                          "line": 56
                        },
                        "snippet": "  54 |         // Verificar que o card de PWA está oculto\n  55 |         const pwaCard = page.getByText(/Instale o App e ganhe acesso offline/i);\n> 56 |         await expect(pwaCard).not.toBeVisible();\n     |                                   ^\n  57 |     });\n  58 |\n  59 |     test('deve exibir seção \"Outros Serviços\" com badge \"Em Breve\"', async ({ page }) => {"
                      },
                      "errors": [
                        {
                          "location": {
                            "file": "/Users/Lucas-Lenovo/Documents/Documentos/Portal dos Eletricistas/tests/e2e/01-landing-page.spec.ts",
                            "column": 35,
                            "line": 56
                          },
                          "message": "Error: \u001b[2mexpect(\u001b[22m\u001b[31mlocator\u001b[39m\u001b[2m).not.\u001b[22mtoBeVisible\u001b[2m(\u001b[22m\u001b[2m)\u001b[22m failed\n\nLocator:  getByText(/Instale o App e ganhe acesso offline/i)\nExpected: not visible\nReceived: visible\nTimeout:  5000ms\n\nCall log:\n\u001b[2m  - Expect \"not toBeVisible\" with timeout 5000ms\u001b[22m\n\u001b[2m  - waiting for getByText(/Instale o App e ganhe acesso offline/i)\u001b[22m\n\u001b[2m    8 × locator resolved to <h3 class=\"text-2xl font-bold mb-2 leading-tight\">Instale o App e ganhe acesso offline!</h3>\u001b[22m\n\u001b[2m      - unexpected value \"visible\"\u001b[22m\n\n\n  54 |         // Verificar que o card de PWA está oculto\n  55 |         const pwaCard = page.getByText(/Instale o App e ganhe acesso offline/i);\n> 56 |         await expect(pwaCard).not.toBeVisible();\n     |                                   ^\n  57 |     });\n  58 |\n  59 |     test('deve exibir seção \"Outros Serviços\" com badge \"Em Breve\"', async ({ page }) => {\n    at /Users/Lucas-Lenovo/Documents/Documentos/Portal dos Eletricistas/tests/e2e/01-landing-page.spec.ts:56:35"
                        }
                      ],
                      "stdout": [],
                      "stderr": [],
                      "retry": 0,
                      "startTime": "2026-01-30T04:12:24.192Z",
                      "annotations": [],
                      "attachments": [
                        {
                          "name": "screenshot",
                          "contentType": "image/png",
                          "path": "/Users/Lucas-Lenovo/Documents/Documentos/Portal dos Eletricistas/test-results/01-landing-page-Landing-Pa-9a518-ão-PWA-conforme-solicitado--chromium/test-failed-1.png"
                        },
                        {
                          "name": "video",
                          "contentType": "video/webm",
                          "path": "/Users/Lucas-Lenovo/Documents/Documentos/Portal dos Eletricistas/test-results/01-landing-page-Landing-Pa-9a518-ão-PWA-conforme-solicitado--chromium/video.webm"
                        },
                        {
                          "name": "error-context",
                          "contentType": "text/markdown",
                          "path": "/Users/Lucas-Lenovo/Documents/Documentos/Portal dos Eletricistas/test-results/01-landing-page-Landing-Pa-9a518-ão-PWA-conforme-solicitado--chromium/error-context.md"
                        }
                      ],
                      "errorLocation": {
                        "file": "/Users/Lucas-Lenovo/Documents/Documentos/Portal dos Eletricistas/tests/e2e/01-landing-page.spec.ts",
                        "column": 35,
                        "line": 56
                      }
                    }
                  ],
                  "status": "unexpected"
                }
              ],
              "id": "d41b322f13ba9940b119-5a6d0b3e420f926fa23f",
              "file": "01-landing-page.spec.ts",
              "line": 53,
              "column": 9
            },
            {
              "title": "deve exibir seção \"Outros Serviços\" com badge \"Em Breve\"",
              "ok": true,
              "tags": [],
              "tests": [
                {
                  "timeout": 30000,
                  "annotations": [],
                  "expectedStatus": "passed",
                  "projectId": "chromium",
                  "projectName": "chromium",
                  "results": [
                    {
                      "workerIndex": 0,
                      "parallelIndex": 0,
                      "status": "passed",
                      "duration": 3635,
                      "errors": [],
                      "stdout": [],
                      "stderr": [],
                      "retry": 0,
                      "startTime": "2026-01-30T04:12:27.532Z",
                      "annotations": [],
                      "attachments": []
                    }
                  ],
                  "status": "expected"
                }
              ],
              "id": "d41b322f13ba9940b119-e438b8c05e715e8ad6ba",
              "file": "01-landing-page.spec.ts",
              "line": 59,
              "column": 9
            },
            {
              "title": "deve ter navegação responsiva (bottom nav em mobile)",
              "ok": false,
              "tags": [],
              "tests": [
                {
                  "timeout": 30000,
                  "annotations": [],
                  "expectedStatus": "passed",
                  "projectId": "chromium",
                  "projectName": "chromium",
                  "results": [
                    {
                      "workerIndex": 1,
                      "parallelIndex": 1,
                      "status": "failed",
                      "duration": 9552,
                      "error": {
                        "message": "Error: \u001b[2mexpect(\u001b[22m\u001b[31mlocator\u001b[39m\u001b[2m).\u001b[22mtoBeVisible\u001b[2m(\u001b[22m\u001b[2m)\u001b[22m failed\n\nLocator: locator('nav')\nExpected: visible\nTimeout: 5000ms\nError: element(s) not found\n\nCall log:\n\u001b[2m  - Expect \"toBeVisible\" with timeout 5000ms\u001b[22m\n\u001b[2m  - waiting for locator('nav')\u001b[22m\n",
                        "stack": "Error: \u001b[2mexpect(\u001b[22m\u001b[31mlocator\u001b[39m\u001b[2m).\u001b[22mtoBeVisible\u001b[2m(\u001b[22m\u001b[2m)\u001b[22m failed\n\nLocator: locator('nav')\nExpected: visible\nTimeout: 5000ms\nError: element(s) not found\n\nCall log:\n\u001b[2m  - Expect \"toBeVisible\" with timeout 5000ms\u001b[22m\n\u001b[2m  - waiting for locator('nav')\u001b[22m\n\n    at /Users/Lucas-Lenovo/Documents/Documentos/Portal dos Eletricistas/tests/e2e/01-landing-page.spec.ts:68:34",
                        "location": {
                          "file": "/Users/Lucas-Lenovo/Documents/Documentos/Portal dos Eletricistas/tests/e2e/01-landing-page.spec.ts",
                          "column": 34,
                          "line": 68
                        },
                        "snippet": "  66 |         // Verificar presença de elementos de navegação\n  67 |         const navigation = page.locator('nav');\n> 68 |         await expect(navigation).toBeVisible();\n     |                                  ^\n  69 |     });\n  70 |\n  71 |     test('deve permitir navegação para página de cadastro', async ({ page }) => {"
                      },
                      "errors": [
                        {
                          "location": {
                            "file": "/Users/Lucas-Lenovo/Documents/Documentos/Portal dos Eletricistas/tests/e2e/01-landing-page.spec.ts",
                            "column": 34,
                            "line": 68
                          },
                          "message": "Error: \u001b[2mexpect(\u001b[22m\u001b[31mlocator\u001b[39m\u001b[2m).\u001b[22mtoBeVisible\u001b[2m(\u001b[22m\u001b[2m)\u001b[22m failed\n\nLocator: locator('nav')\nExpected: visible\nTimeout: 5000ms\nError: element(s) not found\n\nCall log:\n\u001b[2m  - Expect \"toBeVisible\" with timeout 5000ms\u001b[22m\n\u001b[2m  - waiting for locator('nav')\u001b[22m\n\n\n  66 |         // Verificar presença de elementos de navegação\n  67 |         const navigation = page.locator('nav');\n> 68 |         await expect(navigation).toBeVisible();\n     |                                  ^\n  69 |     });\n  70 |\n  71 |     test('deve permitir navegação para página de cadastro', async ({ page }) => {\n    at /Users/Lucas-Lenovo/Documents/Documentos/Portal dos Eletricistas/tests/e2e/01-landing-page.spec.ts:68:34"
                        }
                      ],
                      "stdout": [],
                      "stderr": [],
                      "retry": 0,
                      "startTime": "2026-01-30T04:12:27.583Z",
                      "annotations": [],
                      "attachments": [
                        {
                          "name": "screenshot",
                          "contentType": "image/png",
                          "path": "/Users/Lucas-Lenovo/Documents/Documentos/Portal dos Eletricistas/test-results/01-landing-page-Landing-Pa-68413-nsiva-bottom-nav-em-mobile--chromium/test-failed-1.png"
                        },
                        {
                          "name": "video",
                          "contentType": "video/webm",
                          "path": "/Users/Lucas-Lenovo/Documents/Documentos/Portal dos Eletricistas/test-results/01-landing-page-Landing-Pa-68413-nsiva-bottom-nav-em-mobile--chromium/video.webm"
                        },
                        {
                          "name": "error-context",
                          "contentType": "text/markdown",
                          "path": "/Users/Lucas-Lenovo/Documents/Documentos/Portal dos Eletricistas/test-results/01-landing-page-Landing-Pa-68413-nsiva-bottom-nav-em-mobile--chromium/error-context.md"
                        }
                      ],
                      "errorLocation": {
                        "file": "/Users/Lucas-Lenovo/Documents/Documentos/Portal dos Eletricistas/tests/e2e/01-landing-page.spec.ts",
                        "column": 34,
                        "line": 68
                      }
                    }
                  ],
                  "status": "unexpected"
                }
              ],
              "id": "d41b322f13ba9940b119-3f831e62e7b8f399c559",
              "file": "01-landing-page.spec.ts",
              "line": 64,
              "column": 9
            },
            {
              "title": "deve permitir navegação para página de cadastro",
              "ok": true,
              "tags": [],
              "tests": [
                {
                  "timeout": 30000,
                  "annotations": [],
                  "expectedStatus": "passed",
                  "projectId": "chromium",
                  "projectName": "chromium",
                  "results": [
                    {
                      "workerIndex": 3,
                      "parallelIndex": 3,
                      "status": "passed",
                      "duration": 3538,
                      "errors": [],
                      "stdout": [],
                      "stderr": [],
                      "retry": 0,
                      "startTime": "2026-01-30T04:12:27.643Z",
                      "annotations": [],
                      "attachments": []
                    }
                  ],
                  "status": "expected"
                }
              ],
              "id": "d41b322f13ba9940b119-b30d564d609386d125a6",
              "file": "01-landing-page.spec.ts",
              "line": 71,
              "column": 9
            },
            {
              "title": "deve permitir navegação para página de login",
              "ok": true,
              "tags": [],
              "tests": [
                {
                  "timeout": 30000,
                  "annotations": [],
                  "expectedStatus": "passed",
                  "projectId": "chromium",
                  "projectName": "chromium",
                  "results": [
                    {
                      "workerIndex": 0,
                      "parallelIndex": 0,
                      "status": "passed",
                      "duration": 3053,
                      "errors": [],
                      "stdout": [],
                      "stderr": [],
                      "retry": 0,
                      "startTime": "2026-01-30T04:12:31.284Z",
                      "annotations": [],
                      "attachments": []
                    }
                  ],
                  "status": "expected"
                }
              ],
              "id": "d41b322f13ba9940b119-41e2419160ea8be0f47b",
              "file": "01-landing-page.spec.ts",
              "line": 80,
              "column": 9
            },
            {
              "title": "deve carregar a página em menos de 3 segundos",
              "ok": true,
              "tags": [],
              "tests": [
                {
                  "timeout": 30000,
                  "annotations": [],
                  "expectedStatus": "passed",
                  "projectId": "chromium",
                  "projectName": "chromium",
                  "results": [
                    {
                      "workerIndex": 3,
                      "parallelIndex": 3,
                      "status": "passed",
                      "duration": 5758,
                      "errors": [],
                      "stdout": [],
                      "stderr": [],
                      "retry": 0,
                      "startTime": "2026-01-30T04:12:31.280Z",
                      "annotations": [],
                      "attachments": []
                    }
                  ],
                  "status": "expected"
                }
              ],
              "id": "d41b322f13ba9940b119-d80be8bead2cf0eb76cc",
              "file": "01-landing-page.spec.ts",
              "line": 89,
              "column": 9
            }
          ]
        }
      ]
    },
    {
      "title": "02-registro.spec.ts",
      "file": "02-registro.spec.ts",
      "column": 0,
      "line": 0,
      "specs": [],
      "suites": [
        {
          "title": "Registro de Usuário",
          "file": "02-registro.spec.ts",
          "line": 18,
          "column": 6,
          "specs": [
            {
              "title": "deve exibir formulário de cadastro corretamente",
              "ok": false,
              "tags": [],
              "tests": [
                {
                  "timeout": 30000,
                  "annotations": [],
                  "expectedStatus": "passed",
                  "projectId": "chromium",
                  "projectName": "chromium",
                  "results": [
                    {
                      "workerIndex": 2,
                      "parallelIndex": 2,
                      "status": "failed",
                      "duration": 8137,
                      "error": {
                        "message": "Error: \u001b[2mexpect(\u001b[22m\u001b[31mlocator\u001b[39m\u001b[2m).\u001b[22mtoBeVisible\u001b[2m(\u001b[22m\u001b[2m)\u001b[22m failed\n\nLocator: getByLabel(/Nome/i)\nExpected: visible\nTimeout: 5000ms\nError: element(s) not found\n\nCall log:\n\u001b[2m  - Expect \"toBeVisible\" with timeout 5000ms\u001b[22m\n\u001b[2m  - waiting for getByLabel(/Nome/i)\u001b[22m\n",
                        "stack": "Error: \u001b[2mexpect(\u001b[22m\u001b[31mlocator\u001b[39m\u001b[2m).\u001b[22mtoBeVisible\u001b[2m(\u001b[22m\u001b[2m)\u001b[22m failed\n\nLocator: getByLabel(/Nome/i)\nExpected: visible\nTimeout: 5000ms\nError: element(s) not found\n\nCall log:\n\u001b[2m  - Expect \"toBeVisible\" with timeout 5000ms\u001b[22m\n\u001b[2m  - waiting for getByLabel(/Nome/i)\u001b[22m\n\n    at /Users/Lucas-Lenovo/Documents/Documentos/Portal dos Eletricistas/tests/e2e/02-registro.spec.ts:30:48",
                        "location": {
                          "file": "/Users/Lucas-Lenovo/Documents/Documentos/Portal dos Eletricistas/tests/e2e/02-registro.spec.ts",
                          "column": 48,
                          "line": 30
                        },
                        "snippet": "  28 |\n  29 |         // Verificar presença de todos os campos\n> 30 |         await expect(page.getByLabel(/Nome/i)).toBeVisible();\n     |                                                ^\n  31 |         await expect(page.getByLabel(/E-mail/i)).toBeVisible();\n  32 |         await expect(page.getByLabel(/Telefone/i)).toBeVisible();\n  33 |         await expect(page.getByLabel(/CPF/i)).toBeVisible();"
                      },
                      "errors": [
                        {
                          "location": {
                            "file": "/Users/Lucas-Lenovo/Documents/Documentos/Portal dos Eletricistas/tests/e2e/02-registro.spec.ts",
                            "column": 48,
                            "line": 30
                          },
                          "message": "Error: \u001b[2mexpect(\u001b[22m\u001b[31mlocator\u001b[39m\u001b[2m).\u001b[22mtoBeVisible\u001b[2m(\u001b[22m\u001b[2m)\u001b[22m failed\n\nLocator: getByLabel(/Nome/i)\nExpected: visible\nTimeout: 5000ms\nError: element(s) not found\n\nCall log:\n\u001b[2m  - Expect \"toBeVisible\" with timeout 5000ms\u001b[22m\n\u001b[2m  - waiting for getByLabel(/Nome/i)\u001b[22m\n\n\n  28 |\n  29 |         // Verificar presença de todos os campos\n> 30 |         await expect(page.getByLabel(/Nome/i)).toBeVisible();\n     |                                                ^\n  31 |         await expect(page.getByLabel(/E-mail/i)).toBeVisible();\n  32 |         await expect(page.getByLabel(/Telefone/i)).toBeVisible();\n  33 |         await expect(page.getByLabel(/CPF/i)).toBeVisible();\n    at /Users/Lucas-Lenovo/Documents/Documentos/Portal dos Eletricistas/tests/e2e/02-registro.spec.ts:30:48"
                        }
                      ],
                      "stdout": [],
                      "stderr": [],
                      "retry": 0,
                      "startTime": "2026-01-30T04:12:31.685Z",
                      "annotations": [],
                      "attachments": [
                        {
                          "name": "screenshot",
                          "contentType": "image/png",
                          "path": "/Users/Lucas-Lenovo/Documents/Documentos/Portal dos Eletricistas/test-results/02-registro-Registro-de-Us-b3870-io-de-cadastro-corretamente-chromium/test-failed-1.png"
                        },
                        {
                          "name": "video",
                          "contentType": "video/webm",
                          "path": "/Users/Lucas-Lenovo/Documents/Documentos/Portal dos Eletricistas/test-results/02-registro-Registro-de-Us-b3870-io-de-cadastro-corretamente-chromium/video.webm"
                        },
                        {
                          "name": "error-context",
                          "contentType": "text/markdown",
                          "path": "/Users/Lucas-Lenovo/Documents/Documentos/Portal dos Eletricistas/test-results/02-registro-Registro-de-Us-b3870-io-de-cadastro-corretamente-chromium/error-context.md"
                        }
                      ],
                      "errorLocation": {
                        "file": "/Users/Lucas-Lenovo/Documents/Documentos/Portal dos Eletricistas/tests/e2e/02-registro.spec.ts",
                        "column": 48,
                        "line": 30
                      }
                    }
                  ],
                  "status": "unexpected"
                }
              ],
              "id": "2ecf47cceeb5542f1714-c4e2ee3273db335af7f9",
              "file": "02-registro.spec.ts",
              "line": 25,
              "column": 9
            },
            {
              "title": "deve ter link para termos de uso funcionando",
              "ok": true,
              "tags": [],
              "tests": [
                {
                  "timeout": 30000,
                  "annotations": [],
                  "expectedStatus": "passed",
                  "projectId": "chromium",
                  "projectName": "chromium",
                  "results": [
                    {
                      "workerIndex": 0,
                      "parallelIndex": 0,
                      "status": "passed",
                      "duration": 2382,
                      "errors": [],
                      "stdout": [],
                      "stderr": [],
                      "retry": 0,
                      "startTime": "2026-01-30T04:12:34.415Z",
                      "annotations": [],
                      "attachments": []
                    }
                  ],
                  "status": "expected"
                }
              ],
              "id": "2ecf47cceeb5542f1714-9d10b93e49d8447ace11",
              "file": "02-registro.spec.ts",
              "line": 43,
              "column": 9
            },
            {
              "title": "deve ter link para página de login",
              "ok": true,
              "tags": [],
              "tests": [
                {
                  "timeout": 30000,
                  "annotations": [],
                  "expectedStatus": "passed",
                  "projectId": "chromium",
                  "projectName": "chromium",
                  "results": [
                    {
                      "workerIndex": 0,
                      "parallelIndex": 0,
                      "status": "passed",
                      "duration": 2347,
                      "errors": [],
                      "stdout": [],
                      "stderr": [],
                      "retry": 0,
                      "startTime": "2026-01-30T04:12:36.900Z",
                      "annotations": [],
                      "attachments": []
                    }
                  ],
                  "status": "expected"
                }
              ],
              "id": "2ecf47cceeb5542f1714-cbaafd4a35c9f4395a23",
              "file": "02-registro.spec.ts",
              "line": 51,
              "column": 9
            },
            {
              "title": "deve validar email inválido",
              "ok": false,
              "tags": [],
              "tests": [
                {
                  "timeout": 30000,
                  "annotations": [],
                  "expectedStatus": "passed",
                  "projectId": "chromium",
                  "projectName": "chromium",
                  "results": [
                    {
                      "workerIndex": 3,
                      "parallelIndex": 3,
                      "status": "failed",
                      "duration": 12949,
                      "error": {
                        "message": "TimeoutError: locator.fill: Timeout 10000ms exceeded.\nCall log:\n\u001b[2m  - waiting for getByLabel(/E-mail/i)\u001b[22m\n",
                        "stack": "TimeoutError: locator.fill: Timeout 10000ms exceeded.\nCall log:\n\u001b[2m  - waiting for getByLabel(/E-mail/i)\u001b[22m\n\n    at /Users/Lucas-Lenovo/Documents/Documentos/Portal dos Eletricistas/tests/e2e/02-registro.spec.ts:59:42",
                        "location": {
                          "file": "/Users/Lucas-Lenovo/Documents/Documentos/Portal dos Eletricistas/tests/e2e/02-registro.spec.ts",
                          "column": 42,
                          "line": 59
                        },
                        "snippet": "  57 |     test('deve validar email inválido', async ({ page }) => {\n  58 |         // Preencher com email inválido\n> 59 |         await page.getByLabel(/E-mail/i).fill('email-invalido');\n     |                                          ^\n  60 |         await page.getByLabel(/Nome/i).click(); // Trigger blur\n  61 |\n  62 |         // Verificar mensagem de erro ou validação HTML5"
                      },
                      "errors": [
                        {
                          "location": {
                            "file": "/Users/Lucas-Lenovo/Documents/Documentos/Portal dos Eletricistas/tests/e2e/02-registro.spec.ts",
                            "column": 42,
                            "line": 59
                          },
                          "message": "TimeoutError: locator.fill: Timeout 10000ms exceeded.\nCall log:\n\u001b[2m  - waiting for getByLabel(/E-mail/i)\u001b[22m\n\n\n  57 |     test('deve validar email inválido', async ({ page }) => {\n  58 |         // Preencher com email inválido\n> 59 |         await page.getByLabel(/E-mail/i).fill('email-invalido');\n     |                                          ^\n  60 |         await page.getByLabel(/Nome/i).click(); // Trigger blur\n  61 |\n  62 |         // Verificar mensagem de erro ou validação HTML5\n    at /Users/Lucas-Lenovo/Documents/Documentos/Portal dos Eletricistas/tests/e2e/02-registro.spec.ts:59:42"
                        }
                      ],
                      "stdout": [],
                      "stderr": [],
                      "retry": 0,
                      "startTime": "2026-01-30T04:12:37.084Z",
                      "annotations": [],
                      "attachments": [
                        {
                          "name": "screenshot",
                          "contentType": "image/png",
                          "path": "/Users/Lucas-Lenovo/Documents/Documentos/Portal dos Eletricistas/test-results/02-registro-Registro-de-Usuário-deve-validar-email-inválido-chromium/test-failed-1.png"
                        },
                        {
                          "name": "video",
                          "contentType": "video/webm",
                          "path": "/Users/Lucas-Lenovo/Documents/Documentos/Portal dos Eletricistas/test-results/02-registro-Registro-de-Usuário-deve-validar-email-inválido-chromium/video.webm"
                        },
                        {
                          "name": "error-context",
                          "contentType": "text/markdown",
                          "path": "/Users/Lucas-Lenovo/Documents/Documentos/Portal dos Eletricistas/test-results/02-registro-Registro-de-Usuário-deve-validar-email-inválido-chromium/error-context.md"
                        }
                      ],
                      "errorLocation": {
                        "file": "/Users/Lucas-Lenovo/Documents/Documentos/Portal dos Eletricistas/tests/e2e/02-registro.spec.ts",
                        "column": 42,
                        "line": 59
                      }
                    }
                  ],
                  "status": "unexpected"
                }
              ],
              "id": "2ecf47cceeb5542f1714-856e7c77d98d86206309",
              "file": "02-registro.spec.ts",
              "line": 57,
              "column": 9
            },
            {
              "title": "deve validar senha fraca",
              "ok": false,
              "tags": [],
              "tests": [
                {
                  "timeout": 30000,
                  "annotations": [],
                  "expectedStatus": "passed",
                  "projectId": "chromium",
                  "projectName": "chromium",
                  "results": [
                    {
                      "workerIndex": 5,
                      "parallelIndex": 1,
                      "status": "failed",
                      "duration": 14060,
                      "error": {
                        "message": "TimeoutError: locator.fill: Timeout 10000ms exceeded.\nCall log:\n\u001b[2m  - waiting for getByLabel(/Nome/i)\u001b[22m\n",
                        "stack": "TimeoutError: locator.fill: Timeout 10000ms exceeded.\nCall log:\n\u001b[2m  - waiting for getByLabel(/Nome/i)\u001b[22m\n\n    at /Users/Lucas-Lenovo/Documents/Documentos/Portal dos Eletricistas/tests/e2e/02-registro.spec.ts:70:40",
                        "location": {
                          "file": "/Users/Lucas-Lenovo/Documents/Documentos/Portal dos Eletricistas/tests/e2e/02-registro.spec.ts",
                          "column": 40,
                          "line": 70
                        },
                        "snippet": "  68 |     test('deve validar senha fraca', async ({ page }) => {\n  69 |         // Preencher formulário com senha fraca\n> 70 |         await page.getByLabel(/Nome/i).fill(testUser.name);\n     |                                        ^\n  71 |         await page.getByLabel(/E-mail/i).fill(testUser.email);\n  72 |         await page.getByLabel(/Senha/i).fill('123'); // Senha muito curta\n  73 |"
                      },
                      "errors": [
                        {
                          "location": {
                            "file": "/Users/Lucas-Lenovo/Documents/Documentos/Portal dos Eletricistas/tests/e2e/02-registro.spec.ts",
                            "column": 40,
                            "line": 70
                          },
                          "message": "TimeoutError: locator.fill: Timeout 10000ms exceeded.\nCall log:\n\u001b[2m  - waiting for getByLabel(/Nome/i)\u001b[22m\n\n\n  68 |     test('deve validar senha fraca', async ({ page }) => {\n  69 |         // Preencher formulário com senha fraca\n> 70 |         await page.getByLabel(/Nome/i).fill(testUser.name);\n     |                                        ^\n  71 |         await page.getByLabel(/E-mail/i).fill(testUser.email);\n  72 |         await page.getByLabel(/Senha/i).fill('123'); // Senha muito curta\n  73 |\n    at /Users/Lucas-Lenovo/Documents/Documentos/Portal dos Eletricistas/tests/e2e/02-registro.spec.ts:70:40"
                        }
                      ],
                      "stdout": [],
                      "stderr": [],
                      "retry": 0,
                      "startTime": "2026-01-30T04:12:41.068Z",
                      "annotations": [],
                      "attachments": [
                        {
                          "name": "screenshot",
                          "contentType": "image/png",
                          "path": "/Users/Lucas-Lenovo/Documents/Documentos/Portal dos Eletricistas/test-results/02-registro-Registro-de-Usuário-deve-validar-senha-fraca-chromium/test-failed-1.png"
                        },
                        {
                          "name": "video",
                          "contentType": "video/webm",
                          "path": "/Users/Lucas-Lenovo/Documents/Documentos/Portal dos Eletricistas/test-results/02-registro-Registro-de-Usuário-deve-validar-senha-fraca-chromium/video.webm"
                        },
                        {
                          "name": "error-context",
                          "contentType": "text/markdown",
                          "path": "/Users/Lucas-Lenovo/Documents/Documentos/Portal dos Eletricistas/test-results/02-registro-Registro-de-Usuário-deve-validar-senha-fraca-chromium/error-context.md"
                        }
                      ],
                      "errorLocation": {
                        "file": "/Users/Lucas-Lenovo/Documents/Documentos/Portal dos Eletricistas/tests/e2e/02-registro.spec.ts",
                        "column": 40,
                        "line": 70
                      }
                    }
                  ],
                  "status": "unexpected"
                }
              ],
              "id": "2ecf47cceeb5542f1714-d35322cf75a31703ac7b",
              "file": "02-registro.spec.ts",
              "line": 68,
              "column": 9
            },
            {
              "title": "deve exigir aceitação dos termos de uso",
              "ok": false,
              "tags": [],
              "tests": [
                {
                  "timeout": 30000,
                  "annotations": [],
                  "expectedStatus": "passed",
                  "projectId": "chromium",
                  "projectName": "chromium",
                  "results": [
                    {
                      "workerIndex": 6,
                      "parallelIndex": 4,
                      "status": "failed",
                      "duration": 14109,
                      "error": {
                        "message": "TimeoutError: locator.fill: Timeout 10000ms exceeded.\nCall log:\n\u001b[2m  - waiting for getByLabel(/Nome/i)\u001b[22m\n",
                        "stack": "TimeoutError: locator.fill: Timeout 10000ms exceeded.\nCall log:\n\u001b[2m  - waiting for getByLabel(/Nome/i)\u001b[22m\n\n    at /Users/Lucas-Lenovo/Documents/Documentos/Portal dos Eletricistas/tests/e2e/02-registro.spec.ts:84:40",
                        "location": {
                          "file": "/Users/Lucas-Lenovo/Documents/Documentos/Portal dos Eletricistas/tests/e2e/02-registro.spec.ts",
                          "column": 40,
                          "line": 84
                        },
                        "snippet": "  82 |     test('deve exigir aceitação dos termos de uso', async ({ page }) => {\n  83 |         // Preencher todos os campos EXCETO checkbox de termos\n> 84 |         await page.getByLabel(/Nome/i).fill(testUser.name);\n     |                                        ^\n  85 |         await page.getByLabel(/E-mail/i).fill(testUser.email);\n  86 |         await page.getByLabel(/Telefone/i).fill(testUser.phone);\n  87 |         await page.getByLabel(/CPF/i).fill(testUser.cpf);"
                      },
                      "errors": [
                        {
                          "location": {
                            "file": "/Users/Lucas-Lenovo/Documents/Documentos/Portal dos Eletricistas/tests/e2e/02-registro.spec.ts",
                            "column": 40,
                            "line": 84
                          },
                          "message": "TimeoutError: locator.fill: Timeout 10000ms exceeded.\nCall log:\n\u001b[2m  - waiting for getByLabel(/Nome/i)\u001b[22m\n\n\n  82 |     test('deve exigir aceitação dos termos de uso', async ({ page }) => {\n  83 |         // Preencher todos os campos EXCETO checkbox de termos\n> 84 |         await page.getByLabel(/Nome/i).fill(testUser.name);\n     |                                        ^\n  85 |         await page.getByLabel(/E-mail/i).fill(testUser.email);\n  86 |         await page.getByLabel(/Telefone/i).fill(testUser.phone);\n  87 |         await page.getByLabel(/CPF/i).fill(testUser.cpf);\n    at /Users/Lucas-Lenovo/Documents/Documentos/Portal dos Eletricistas/tests/e2e/02-registro.spec.ts:84:40"
                        }
                      ],
                      "stdout": [],
                      "stderr": [],
                      "retry": 0,
                      "startTime": "2026-01-30T04:12:40.944Z",
                      "annotations": [],
                      "attachments": [
                        {
                          "name": "screenshot",
                          "contentType": "image/png",
                          "path": "/Users/Lucas-Lenovo/Documents/Documentos/Portal dos Eletricistas/test-results/02-registro-Registro-de-Us-90e6a-aceitação-dos-termos-de-uso-chromium/test-failed-1.png"
                        },
                        {
                          "name": "video",
                          "contentType": "video/webm",
                          "path": "/Users/Lucas-Lenovo/Documents/Documentos/Portal dos Eletricistas/test-results/02-registro-Registro-de-Us-90e6a-aceitação-dos-termos-de-uso-chromium/video.webm"
                        },
                        {
                          "name": "error-context",
                          "contentType": "text/markdown",
                          "path": "/Users/Lucas-Lenovo/Documents/Documentos/Portal dos Eletricistas/test-results/02-registro-Registro-de-Us-90e6a-aceitação-dos-termos-de-uso-chromium/error-context.md"
                        }
                      ],
                      "errorLocation": {
                        "file": "/Users/Lucas-Lenovo/Documents/Documentos/Portal dos Eletricistas/tests/e2e/02-registro.spec.ts",
                        "column": 40,
                        "line": 84
                      }
                    }
                  ],
                  "status": "unexpected"
                }
              ],
              "id": "2ecf47cceeb5542f1714-ac2d702021336bc07c14",
              "file": "02-registro.spec.ts",
              "line": 82,
              "column": 9
            },
            {
              "title": "deve cadastrar novo usuário com sucesso",
              "ok": false,
              "tags": [],
              "tests": [
                {
                  "timeout": 30000,
                  "annotations": [],
                  "expectedStatus": "passed",
                  "projectId": "chromium",
                  "projectName": "chromium",
                  "results": [
                    {
                      "workerIndex": 0,
                      "parallelIndex": 0,
                      "status": "failed",
                      "duration": 13666,
                      "error": {
                        "message": "TimeoutError: locator.fill: Timeout 10000ms exceeded.\nCall log:\n\u001b[2m  - waiting for getByLabel(/Nome/i)\u001b[22m\n",
                        "stack": "TimeoutError: locator.fill: Timeout 10000ms exceeded.\nCall log:\n\u001b[2m  - waiting for getByLabel(/Nome/i)\u001b[22m\n\n    at /Users/Lucas-Lenovo/Documents/Documentos/Portal dos Eletricistas/tests/e2e/02-registro.spec.ts:105:40",
                        "location": {
                          "file": "/Users/Lucas-Lenovo/Documents/Documentos/Portal dos Eletricistas/tests/e2e/02-registro.spec.ts",
                          "column": 40,
                          "line": 105
                        },
                        "snippet": "  103 |     test('deve cadastrar novo usuário com sucesso', async ({ page }) => {\n  104 |         // Preencher formulário completo\n> 105 |         await page.getByLabel(/Nome/i).fill(testUser.name);\n      |                                        ^\n  106 |         await page.getByLabel(/E-mail/i).fill(testUser.email);\n  107 |         await page.getByLabel(/Telefone/i).fill(testUser.phone);\n  108 |         await page.getByLabel(/CPF/i).fill(testUser.cpf);"
                      },
                      "errors": [
                        {
                          "location": {
                            "file": "/Users/Lucas-Lenovo/Documents/Documentos/Portal dos Eletricistas/tests/e2e/02-registro.spec.ts",
                            "column": 40,
                            "line": 105
                          },
                          "message": "TimeoutError: locator.fill: Timeout 10000ms exceeded.\nCall log:\n\u001b[2m  - waiting for getByLabel(/Nome/i)\u001b[22m\n\n\n  103 |     test('deve cadastrar novo usuário com sucesso', async ({ page }) => {\n  104 |         // Preencher formulário completo\n> 105 |         await page.getByLabel(/Nome/i).fill(testUser.name);\n      |                                        ^\n  106 |         await page.getByLabel(/E-mail/i).fill(testUser.email);\n  107 |         await page.getByLabel(/Telefone/i).fill(testUser.phone);\n  108 |         await page.getByLabel(/CPF/i).fill(testUser.cpf);\n    at /Users/Lucas-Lenovo/Documents/Documentos/Portal dos Eletricistas/tests/e2e/02-registro.spec.ts:105:40"
                        }
                      ],
                      "stdout": [],
                      "stderr": [],
                      "retry": 0,
                      "startTime": "2026-01-30T04:12:39.279Z",
                      "annotations": [],
                      "attachments": [
                        {
                          "name": "screenshot",
                          "contentType": "image/png",
                          "path": "/Users/Lucas-Lenovo/Documents/Documentos/Portal dos Eletricistas/test-results/02-registro-Registro-de-Us-ff126-ar-novo-usuário-com-sucesso-chromium/test-failed-1.png"
                        },
                        {
                          "name": "video",
                          "contentType": "video/webm",
                          "path": "/Users/Lucas-Lenovo/Documents/Documentos/Portal dos Eletricistas/test-results/02-registro-Registro-de-Us-ff126-ar-novo-usuário-com-sucesso-chromium/video.webm"
                        },
                        {
                          "name": "error-context",
                          "contentType": "text/markdown",
                          "path": "/Users/Lucas-Lenovo/Documents/Documentos/Portal dos Eletricistas/test-results/02-registro-Registro-de-Us-ff126-ar-novo-usuário-com-sucesso-chromium/error-context.md"
                        }
                      ],
                      "errorLocation": {
                        "file": "/Users/Lucas-Lenovo/Documents/Documentos/Portal dos Eletricistas/tests/e2e/02-registro.spec.ts",
                        "column": 40,
                        "line": 105
                      }
                    }
                  ],
                  "status": "unexpected"
                }
              ],
              "id": "2ecf47cceeb5542f1714-cf56a6ef5b7c9b0dc53d",
              "file": "02-registro.spec.ts",
              "line": 103,
              "column": 9
            },
            {
              "title": "deve impedir cadastro com email duplicado",
              "ok": false,
              "tags": [],
              "tests": [
                {
                  "timeout": 30000,
                  "annotations": [],
                  "expectedStatus": "passed",
                  "projectId": "chromium",
                  "projectName": "chromium",
                  "results": [
                    {
                      "workerIndex": 7,
                      "parallelIndex": 2,
                      "status": "failed",
                      "duration": 13642,
                      "error": {
                        "message": "TimeoutError: locator.fill: Timeout 10000ms exceeded.\nCall log:\n\u001b[2m  - waiting for getByLabel(/Nome/i)\u001b[22m\n",
                        "stack": "TimeoutError: locator.fill: Timeout 10000ms exceeded.\nCall log:\n\u001b[2m  - waiting for getByLabel(/Nome/i)\u001b[22m\n\n    at /Users/Lucas-Lenovo/Documents/Documentos/Portal dos Eletricistas/tests/e2e/02-registro.spec.ts:140:40",
                        "location": {
                          "file": "/Users/Lucas-Lenovo/Documents/Documentos/Portal dos Eletricistas/tests/e2e/02-registro.spec.ts",
                          "column": 40,
                          "line": 140
                        },
                        "snippet": "  138 |\n  139 |         // Primeiro cadastro\n> 140 |         await page.getByLabel(/Nome/i).fill('Primeiro Usuário');\n      |                                        ^\n  141 |         await page.getByLabel(/E-mail/i).fill(duplicateEmail);\n  142 |         await page.getByLabel(/Telefone/i).fill(testUser.phone);\n  143 |         await page.getByLabel(/CPF/i).fill(testUser.cpf);"
                      },
                      "errors": [
                        {
                          "location": {
                            "file": "/Users/Lucas-Lenovo/Documents/Documentos/Portal dos Eletricistas/tests/e2e/02-registro.spec.ts",
                            "column": 40,
                            "line": 140
                          },
                          "message": "TimeoutError: locator.fill: Timeout 10000ms exceeded.\nCall log:\n\u001b[2m  - waiting for getByLabel(/Nome/i)\u001b[22m\n\n\n  138 |\n  139 |         // Primeiro cadastro\n> 140 |         await page.getByLabel(/Nome/i).fill('Primeiro Usuário');\n      |                                        ^\n  141 |         await page.getByLabel(/E-mail/i).fill(duplicateEmail);\n  142 |         await page.getByLabel(/Telefone/i).fill(testUser.phone);\n  143 |         await page.getByLabel(/CPF/i).fill(testUser.cpf);\n    at /Users/Lucas-Lenovo/Documents/Documentos/Portal dos Eletricistas/tests/e2e/02-registro.spec.ts:140:40"
                        }
                      ],
                      "stdout": [],
                      "stderr": [],
                      "retry": 0,
                      "startTime": "2026-01-30T04:12:44.489Z",
                      "annotations": [],
                      "attachments": [
                        {
                          "name": "screenshot",
                          "contentType": "image/png",
                          "path": "/Users/Lucas-Lenovo/Documents/Documentos/Portal dos Eletricistas/test-results/02-registro-Registro-de-Us-be39e-adastro-com-email-duplicado-chromium/test-failed-1.png"
                        },
                        {
                          "name": "video",
                          "contentType": "video/webm",
                          "path": "/Users/Lucas-Lenovo/Documents/Documentos/Portal dos Eletricistas/test-results/02-registro-Registro-de-Us-be39e-adastro-com-email-duplicado-chromium/video.webm"
                        },
                        {
                          "name": "error-context",
                          "contentType": "text/markdown",
                          "path": "/Users/Lucas-Lenovo/Documents/Documentos/Portal dos Eletricistas/test-results/02-registro-Registro-de-Us-be39e-adastro-com-email-duplicado-chromium/error-context.md"
                        }
                      ],
                      "errorLocation": {
                        "file": "/Users/Lucas-Lenovo/Documents/Documentos/Portal dos Eletricistas/tests/e2e/02-registro.spec.ts",
                        "column": 40,
                        "line": 140
                      }
                    }
                  ],
                  "status": "unexpected"
                }
              ],
              "id": "2ecf47cceeb5542f1714-8918d5754d2a34481377",
              "file": "02-registro.spec.ts",
              "line": 135,
              "column": 9
            },
            {
              "title": "deve formatar campos automaticamente (telefone, CPF)",
              "ok": false,
              "tags": [],
              "tests": [
                {
                  "timeout": 30000,
                  "annotations": [],
                  "expectedStatus": "passed",
                  "projectId": "chromium",
                  "projectName": "chromium",
                  "results": [
                    {
                      "workerIndex": 8,
                      "parallelIndex": 3,
                      "status": "failed",
                      "duration": 13200,
                      "error": {
                        "message": "TimeoutError: locator.fill: Timeout 10000ms exceeded.\nCall log:\n\u001b[2m  - waiting for getByLabel(/Telefone/i)\u001b[22m\n",
                        "stack": "TimeoutError: locator.fill: Timeout 10000ms exceeded.\nCall log:\n\u001b[2m  - waiting for getByLabel(/Telefone/i)\u001b[22m\n\n    at /Users/Lucas-Lenovo/Documents/Documentos/Portal dos Eletricistas/tests/e2e/02-registro.spec.ts:170:26",
                        "location": {
                          "file": "/Users/Lucas-Lenovo/Documents/Documentos/Portal dos Eletricistas/tests/e2e/02-registro.spec.ts",
                          "column": 26,
                          "line": 170
                        },
                        "snippet": "  168 |         // Preencher telefone sem formatação\n  169 |         const phoneInput = page.getByLabel(/Telefone/i);\n> 170 |         await phoneInput.fill('11987654321');\n      |                          ^\n  171 |\n  172 |         // Verificar se foi formatado (pode variar conforme implementação)\n  173 |         const phoneValue = await phoneInput.inputValue();"
                      },
                      "errors": [
                        {
                          "location": {
                            "file": "/Users/Lucas-Lenovo/Documents/Documentos/Portal dos Eletricistas/tests/e2e/02-registro.spec.ts",
                            "column": 26,
                            "line": 170
                          },
                          "message": "TimeoutError: locator.fill: Timeout 10000ms exceeded.\nCall log:\n\u001b[2m  - waiting for getByLabel(/Telefone/i)\u001b[22m\n\n\n  168 |         // Preencher telefone sem formatação\n  169 |         const phoneInput = page.getByLabel(/Telefone/i);\n> 170 |         await phoneInput.fill('11987654321');\n      |                          ^\n  171 |\n  172 |         // Verificar se foi formatado (pode variar conforme implementação)\n  173 |         const phoneValue = await phoneInput.inputValue();\n    at /Users/Lucas-Lenovo/Documents/Documentos/Portal dos Eletricistas/tests/e2e/02-registro.spec.ts:170:26"
                        }
                      ],
                      "stdout": [],
                      "stderr": [],
                      "retry": 0,
                      "startTime": "2026-01-30T04:12:53.197Z",
                      "annotations": [],
                      "attachments": [
                        {
                          "name": "screenshot",
                          "contentType": "image/png",
                          "path": "/Users/Lucas-Lenovo/Documents/Documentos/Portal dos Eletricistas/test-results/02-registro-Registro-de-Us-5cec8-tomaticamente-telefone-CPF--chromium/test-failed-1.png"
                        },
                        {
                          "name": "video",
                          "contentType": "video/webm",
                          "path": "/Users/Lucas-Lenovo/Documents/Documentos/Portal dos Eletricistas/test-results/02-registro-Registro-de-Us-5cec8-tomaticamente-telefone-CPF--chromium/video.webm"
                        },
                        {
                          "name": "error-context",
                          "contentType": "text/markdown",
                          "path": "/Users/Lucas-Lenovo/Documents/Documentos/Portal dos Eletricistas/test-results/02-registro-Registro-de-Us-5cec8-tomaticamente-telefone-CPF--chromium/error-context.md"
                        }
                      ],
                      "errorLocation": {
                        "file": "/Users/Lucas-Lenovo/Documents/Documentos/Portal dos Eletricistas/tests/e2e/02-registro.spec.ts",
                        "column": 26,
                        "line": 170
                      }
                    }
                  ],
                  "status": "unexpected"
                }
              ],
              "id": "2ecf47cceeb5542f1714-665790ac228957da27d8",
              "file": "02-registro.spec.ts",
              "line": 167,
              "column": 9
            }
          ]
        }
      ]
    },
    {
      "title": "03-login.spec.ts",
      "file": "03-login.spec.ts",
      "column": 0,
      "line": 0,
      "specs": [],
      "suites": [
        {
          "title": "Login e Autenticação",
          "file": "03-login.spec.ts",
          "line": 16,
          "column": 6,
          "specs": [
            {
              "title": "deve exibir formulário de login corretamente",
              "ok": false,
              "tags": [],
              "tests": [
                {
                  "timeout": 30000,
                  "annotations": [],
                  "expectedStatus": "passed",
                  "projectId": "chromium",
                  "projectName": "chromium",
                  "results": [
                    {
                      "workerIndex": 9,
                      "parallelIndex": 0,
                      "status": "failed",
                      "duration": 8458,
                      "error": {
                        "message": "Error: \u001b[2mexpect(\u001b[22m\u001b[31mlocator\u001b[39m\u001b[2m).\u001b[22mtoBeVisible\u001b[2m(\u001b[22m\u001b[2m)\u001b[22m failed\n\nLocator: getByLabel(/E-mail/i)\nExpected: visible\nTimeout: 5000ms\nError: element(s) not found\n\nCall log:\n\u001b[2m  - Expect \"toBeVisible\" with timeout 5000ms\u001b[22m\n\u001b[2m  - waiting for getByLabel(/E-mail/i)\u001b[22m\n",
                        "stack": "Error: \u001b[2mexpect(\u001b[22m\u001b[31mlocator\u001b[39m\u001b[2m).\u001b[22mtoBeVisible\u001b[2m(\u001b[22m\u001b[2m)\u001b[22m failed\n\nLocator: getByLabel(/E-mail/i)\nExpected: visible\nTimeout: 5000ms\nError: element(s) not found\n\nCall log:\n\u001b[2m  - Expect \"toBeVisible\" with timeout 5000ms\u001b[22m\n\u001b[2m  - waiting for getByLabel(/E-mail/i)\u001b[22m\n\n    at /Users/Lucas-Lenovo/Documents/Documentos/Portal dos Eletricistas/tests/e2e/03-login.spec.ts:27:50",
                        "location": {
                          "file": "/Users/Lucas-Lenovo/Documents/Documentos/Portal dos Eletricistas/tests/e2e/03-login.spec.ts",
                          "column": 50,
                          "line": 27
                        },
                        "snippet": "  25 |\n  26 |         // Verificar campos\n> 27 |         await expect(page.getByLabel(/E-mail/i)).toBeVisible();\n     |                                                  ^\n  28 |         await expect(page.getByLabel(/Senha/i)).toBeVisible();\n  29 |\n  30 |         // Verificar botão de login"
                      },
                      "errors": [
                        {
                          "location": {
                            "file": "/Users/Lucas-Lenovo/Documents/Documentos/Portal dos Eletricistas/tests/e2e/03-login.spec.ts",
                            "column": 50,
                            "line": 27
                          },
                          "message": "Error: \u001b[2mexpect(\u001b[22m\u001b[31mlocator\u001b[39m\u001b[2m).\u001b[22mtoBeVisible\u001b[2m(\u001b[22m\u001b[2m)\u001b[22m failed\n\nLocator: getByLabel(/E-mail/i)\nExpected: visible\nTimeout: 5000ms\nError: element(s) not found\n\nCall log:\n\u001b[2m  - Expect \"toBeVisible\" with timeout 5000ms\u001b[22m\n\u001b[2m  - waiting for getByLabel(/E-mail/i)\u001b[22m\n\n\n  25 |\n  26 |         // Verificar campos\n> 27 |         await expect(page.getByLabel(/E-mail/i)).toBeVisible();\n     |                                                  ^\n  28 |         await expect(page.getByLabel(/Senha/i)).toBeVisible();\n  29 |\n  30 |         // Verificar botão de login\n    at /Users/Lucas-Lenovo/Documents/Documentos/Portal dos Eletricistas/tests/e2e/03-login.spec.ts:27:50"
                        }
                      ],
                      "stdout": [],
                      "stderr": [],
                      "retry": 0,
                      "startTime": "2026-01-30T04:12:56.731Z",
                      "annotations": [],
                      "attachments": [
                        {
                          "name": "screenshot",
                          "contentType": "image/png",
                          "path": "/Users/Lucas-Lenovo/Documents/Documentos/Portal dos Eletricistas/test-results/03-login-Login-e-Autentica-f4281-lário-de-login-corretamente-chromium/test-failed-1.png"
                        },
                        {
                          "name": "video",
                          "contentType": "video/webm",
                          "path": "/Users/Lucas-Lenovo/Documents/Documentos/Portal dos Eletricistas/test-results/03-login-Login-e-Autentica-f4281-lário-de-login-corretamente-chromium/video.webm"
                        },
                        {
                          "name": "error-context",
                          "contentType": "text/markdown",
                          "path": "/Users/Lucas-Lenovo/Documents/Documentos/Portal dos Eletricistas/test-results/03-login-Login-e-Autentica-f4281-lário-de-login-corretamente-chromium/error-context.md"
                        }
                      ],
                      "errorLocation": {
                        "file": "/Users/Lucas-Lenovo/Documents/Documentos/Portal dos Eletricistas/tests/e2e/03-login.spec.ts",
                        "column": 50,
                        "line": 27
                      }
                    }
                  ],
                  "status": "unexpected"
                }
              ],
              "id": "9e57f58243bffce63c43-45f676c5ce8395fc3787",
              "file": "03-login.spec.ts",
              "line": 22,
              "column": 9
            },
            {
              "title": "deve mostrar erro com credenciais inválidas",
              "ok": false,
              "tags": [],
              "tests": [
                {
                  "timeout": 30000,
                  "annotations": [],
                  "expectedStatus": "passed",
                  "projectId": "chromium",
                  "projectName": "chromium",
                  "results": [
                    {
                      "workerIndex": 10,
                      "parallelIndex": 4,
                      "status": "failed",
                      "duration": 13504,
                      "error": {
                        "message": "TimeoutError: locator.fill: Timeout 10000ms exceeded.\nCall log:\n\u001b[2m  - waiting for getByLabel(/E-mail/i)\u001b[22m\n",
                        "stack": "TimeoutError: locator.fill: Timeout 10000ms exceeded.\nCall log:\n\u001b[2m  - waiting for getByLabel(/E-mail/i)\u001b[22m\n\n    at /Users/Lucas-Lenovo/Documents/Documentos/Portal dos Eletricistas/tests/e2e/03-login.spec.ts:40:42",
                        "location": {
                          "file": "/Users/Lucas-Lenovo/Documents/Documentos/Portal dos Eletricistas/tests/e2e/03-login.spec.ts",
                          "column": 42,
                          "line": 40
                        },
                        "snippet": "  38 |     test('deve mostrar erro com credenciais inválidas', async ({ page }) => {\n  39 |         // Preencher com credenciais inválidas\n> 40 |         await page.getByLabel(/E-mail/i).fill(testCredentials.invalidEmail);\n     |                                          ^\n  41 |         await page.getByLabel(/Senha/i).fill(testCredentials.invalidPassword);\n  42 |\n  43 |         // Submeter"
                      },
                      "errors": [
                        {
                          "location": {
                            "file": "/Users/Lucas-Lenovo/Documents/Documentos/Portal dos Eletricistas/tests/e2e/03-login.spec.ts",
                            "column": 42,
                            "line": 40
                          },
                          "message": "TimeoutError: locator.fill: Timeout 10000ms exceeded.\nCall log:\n\u001b[2m  - waiting for getByLabel(/E-mail/i)\u001b[22m\n\n\n  38 |     test('deve mostrar erro com credenciais inválidas', async ({ page }) => {\n  39 |         // Preencher com credenciais inválidas\n> 40 |         await page.getByLabel(/E-mail/i).fill(testCredentials.invalidEmail);\n     |                                          ^\n  41 |         await page.getByLabel(/Senha/i).fill(testCredentials.invalidPassword);\n  42 |\n  43 |         // Submeter\n    at /Users/Lucas-Lenovo/Documents/Documentos/Portal dos Eletricistas/tests/e2e/03-login.spec.ts:40:42"
                        }
                      ],
                      "stdout": [],
                      "stderr": [],
                      "retry": 0,
                      "startTime": "2026-01-30T04:12:58.384Z",
                      "annotations": [],
                      "attachments": [
                        {
                          "name": "screenshot",
                          "contentType": "image/png",
                          "path": "/Users/Lucas-Lenovo/Documents/Documentos/Portal dos Eletricistas/test-results/03-login-Login-e-Autentica-52d85-o-com-credenciais-inválidas-chromium/test-failed-1.png"
                        },
                        {
                          "name": "video",
                          "contentType": "video/webm",
                          "path": "/Users/Lucas-Lenovo/Documents/Documentos/Portal dos Eletricistas/test-results/03-login-Login-e-Autentica-52d85-o-com-credenciais-inválidas-chromium/video.webm"
                        },
                        {
                          "name": "error-context",
                          "contentType": "text/markdown",
                          "path": "/Users/Lucas-Lenovo/Documents/Documentos/Portal dos Eletricistas/test-results/03-login-Login-e-Autentica-52d85-o-com-credenciais-inválidas-chromium/error-context.md"
                        }
                      ],
                      "errorLocation": {
                        "file": "/Users/Lucas-Lenovo/Documents/Documentos/Portal dos Eletricistas/tests/e2e/03-login.spec.ts",
                        "column": 42,
                        "line": 40
                      }
                    }
                  ],
                  "status": "unexpected"
                }
              ],
              "id": "9e57f58243bffce63c43-f2d3a78993a4522722b1",
              "file": "03-login.spec.ts",
              "line": 38,
              "column": 9
            },
            {
              "title": "deve validar campos obrigatórios",
              "ok": false,
              "tags": [],
              "tests": [
                {
                  "timeout": 30000,
                  "annotations": [],
                  "expectedStatus": "passed",
                  "projectId": "chromium",
                  "projectName": "chromium",
                  "results": [
                    {
                      "workerIndex": 11,
                      "parallelIndex": 1,
                      "status": "failed",
                      "duration": 12399,
                      "error": {
                        "message": "TimeoutError: locator.evaluate: Timeout 10000ms exceeded.\nCall log:\n\u001b[2m  - waiting for getByLabel(/E-mail/i)\u001b[22m\n",
                        "stack": "TimeoutError: locator.evaluate: Timeout 10000ms exceeded.\nCall log:\n\u001b[2m  - waiting for getByLabel(/E-mail/i)\u001b[22m\n\n    at /Users/Lucas-Lenovo/Documents/Documentos/Portal dos Eletricistas/tests/e2e/03-login.spec.ts:56:52",
                        "location": {
                          "file": "/Users/Lucas-Lenovo/Documents/Documentos/Portal dos Eletricistas/tests/e2e/03-login.spec.ts",
                          "column": 52,
                          "line": 56
                        },
                        "snippet": "  54 |         // Verificar validação HTML5 ou mensagens de erro\n  55 |         const emailInput = page.getByLabel(/E-mail/i);\n> 56 |         const validationMessage = await emailInput.evaluate((el: HTMLInputElement) => el.validationMessage);\n     |                                                    ^\n  57 |         expect(validationMessage).toBeTruthy();\n  58 |     });\n  59 |"
                      },
                      "errors": [
                        {
                          "location": {
                            "file": "/Users/Lucas-Lenovo/Documents/Documentos/Portal dos Eletricistas/tests/e2e/03-login.spec.ts",
                            "column": 52,
                            "line": 56
                          },
                          "message": "TimeoutError: locator.evaluate: Timeout 10000ms exceeded.\nCall log:\n\u001b[2m  - waiting for getByLabel(/E-mail/i)\u001b[22m\n\n\n  54 |         // Verificar validação HTML5 ou mensagens de erro\n  55 |         const emailInput = page.getByLabel(/E-mail/i);\n> 56 |         const validationMessage = await emailInput.evaluate((el: HTMLInputElement) => el.validationMessage);\n     |                                                    ^\n  57 |         expect(validationMessage).toBeTruthy();\n  58 |     });\n  59 |\n    at /Users/Lucas-Lenovo/Documents/Documentos/Portal dos Eletricistas/tests/e2e/03-login.spec.ts:56:52"
                        }
                      ],
                      "stdout": [],
                      "stderr": [],
                      "retry": 0,
                      "startTime": "2026-01-30T04:12:58.638Z",
                      "annotations": [],
                      "attachments": [
                        {
                          "name": "screenshot",
                          "contentType": "image/png",
                          "path": "/Users/Lucas-Lenovo/Documents/Documentos/Portal dos Eletricistas/test-results/03-login-Login-e-Autentica-7a2e4-validar-campos-obrigatórios-chromium/test-failed-1.png"
                        },
                        {
                          "name": "video",
                          "contentType": "video/webm",
                          "path": "/Users/Lucas-Lenovo/Documents/Documentos/Portal dos Eletricistas/test-results/03-login-Login-e-Autentica-7a2e4-validar-campos-obrigatórios-chromium/video.webm"
                        },
                        {
                          "name": "error-context",
                          "contentType": "text/markdown",
                          "path": "/Users/Lucas-Lenovo/Documents/Documentos/Portal dos Eletricistas/test-results/03-login-Login-e-Autentica-7a2e4-validar-campos-obrigatórios-chromium/error-context.md"
                        }
                      ],
                      "errorLocation": {
                        "file": "/Users/Lucas-Lenovo/Documents/Documentos/Portal dos Eletricistas/tests/e2e/03-login.spec.ts",
                        "column": 52,
                        "line": 56
                      }
                    }
                  ],
                  "status": "unexpected"
                }
              ],
              "id": "9e57f58243bffce63c43-b3c2a7711121ef0c4b0f",
              "file": "03-login.spec.ts",
              "line": 50,
              "column": 9
            },
            {
              "title": "deve fazer login com sucesso",
              "ok": false,
              "tags": [],
              "tests": [
                {
                  "timeout": 30000,
                  "annotations": [],
                  "expectedStatus": "passed",
                  "projectId": "chromium",
                  "projectName": "chromium",
                  "results": [
                    {
                      "workerIndex": 12,
                      "parallelIndex": 2,
                      "status": "failed",
                      "duration": 12909,
                      "error": {
                        "message": "TimeoutError: locator.fill: Timeout 10000ms exceeded.\nCall log:\n\u001b[2m  - waiting for getByLabel(/E-mail/i)\u001b[22m\n",
                        "stack": "TimeoutError: locator.fill: Timeout 10000ms exceeded.\nCall log:\n\u001b[2m  - waiting for getByLabel(/E-mail/i)\u001b[22m\n\n    at /Users/Lucas-Lenovo/Documents/Documentos/Portal dos Eletricistas/tests/e2e/03-login.spec.ts:62:42",
                        "location": {
                          "file": "/Users/Lucas-Lenovo/Documents/Documentos/Portal dos Eletricistas/tests/e2e/03-login.spec.ts",
                          "column": 42,
                          "line": 62
                        },
                        "snippet": "  60 |     test('deve fazer login com sucesso', async ({ page }) => {\n  61 |         // Preencher credenciais válidas\n> 62 |         await page.getByLabel(/E-mail/i).fill(testCredentials.email);\n     |                                          ^\n  63 |         await page.getByLabel(/Senha/i).fill(testCredentials.password);\n  64 |\n  65 |         // Submeter"
                      },
                      "errors": [
                        {
                          "location": {
                            "file": "/Users/Lucas-Lenovo/Documents/Documentos/Portal dos Eletricistas/tests/e2e/03-login.spec.ts",
                            "column": 42,
                            "line": 62
                          },
                          "message": "TimeoutError: locator.fill: Timeout 10000ms exceeded.\nCall log:\n\u001b[2m  - waiting for getByLabel(/E-mail/i)\u001b[22m\n\n\n  60 |     test('deve fazer login com sucesso', async ({ page }) => {\n  61 |         // Preencher credenciais válidas\n> 62 |         await page.getByLabel(/E-mail/i).fill(testCredentials.email);\n     |                                          ^\n  63 |         await page.getByLabel(/Senha/i).fill(testCredentials.password);\n  64 |\n  65 |         // Submeter\n    at /Users/Lucas-Lenovo/Documents/Documentos/Portal dos Eletricistas/tests/e2e/03-login.spec.ts:62:42"
                        }
                      ],
                      "stdout": [],
                      "stderr": [],
                      "retry": 0,
                      "startTime": "2026-01-30T04:13:03.547Z",
                      "annotations": [],
                      "attachments": [
                        {
                          "name": "screenshot",
                          "contentType": "image/png",
                          "path": "/Users/Lucas-Lenovo/Documents/Documentos/Portal dos Eletricistas/test-results/03-login-Login-e-Autenticação-deve-fazer-login-com-sucesso-chromium/test-failed-1.png"
                        },
                        {
                          "name": "video",
                          "contentType": "video/webm",
                          "path": "/Users/Lucas-Lenovo/Documents/Documentos/Portal dos Eletricistas/test-results/03-login-Login-e-Autenticação-deve-fazer-login-com-sucesso-chromium/video.webm"
                        },
                        {
                          "name": "error-context",
                          "contentType": "text/markdown",
                          "path": "/Users/Lucas-Lenovo/Documents/Documentos/Portal dos Eletricistas/test-results/03-login-Login-e-Autenticação-deve-fazer-login-com-sucesso-chromium/error-context.md"
                        }
                      ],
                      "errorLocation": {
                        "file": "/Users/Lucas-Lenovo/Documents/Documentos/Portal dos Eletricistas/tests/e2e/03-login.spec.ts",
                        "column": 42,
                        "line": 62
                      }
                    }
                  ],
                  "status": "unexpected"
                }
              ],
              "id": "9e57f58243bffce63c43-fab21cc427e0a421ee99",
              "file": "03-login.spec.ts",
              "line": 60,
              "column": 9
            },
            {
              "title": "deve manter sessão após recarregar página",
              "ok": false,
              "tags": [],
              "tests": [
                {
                  "timeout": 30000,
                  "annotations": [],
                  "expectedStatus": "passed",
                  "projectId": "chromium",
                  "projectName": "chromium",
                  "results": [
                    {
                      "workerIndex": 14,
                      "parallelIndex": 0,
                      "status": "failed",
                      "duration": 13022,
                      "error": {
                        "message": "TimeoutError: locator.fill: Timeout 10000ms exceeded.\nCall log:\n\u001b[2m  - waiting for getByLabel(/E-mail/i)\u001b[22m\n",
                        "stack": "TimeoutError: locator.fill: Timeout 10000ms exceeded.\nCall log:\n\u001b[2m  - waiting for getByLabel(/E-mail/i)\u001b[22m\n\n    at /Users/Lucas-Lenovo/Documents/Documentos/Portal dos Eletricistas/tests/e2e/03-login.spec.ts:81:42",
                        "location": {
                          "file": "/Users/Lucas-Lenovo/Documents/Documentos/Portal dos Eletricistas/tests/e2e/03-login.spec.ts",
                          "column": 42,
                          "line": 81
                        },
                        "snippet": "  79 |     test('deve manter sessão após recarregar página', async ({ page, context }) => {\n  80 |         // Fazer login\n> 81 |         await page.getByLabel(/E-mail/i).fill(testCredentials.email);\n     |                                          ^\n  82 |         await page.getByLabel(/Senha/i).fill(testCredentials.password);\n  83 |         await page.getByRole('button', { name: /Entrar/i }).click();\n  84 |"
                      },
                      "errors": [
                        {
                          "location": {
                            "file": "/Users/Lucas-Lenovo/Documents/Documentos/Portal dos Eletricistas/tests/e2e/03-login.spec.ts",
                            "column": 42,
                            "line": 81
                          },
                          "message": "TimeoutError: locator.fill: Timeout 10000ms exceeded.\nCall log:\n\u001b[2m  - waiting for getByLabel(/E-mail/i)\u001b[22m\n\n\n  79 |     test('deve manter sessão após recarregar página', async ({ page, context }) => {\n  80 |         // Fazer login\n> 81 |         await page.getByLabel(/E-mail/i).fill(testCredentials.email);\n     |                                          ^\n  82 |         await page.getByLabel(/Senha/i).fill(testCredentials.password);\n  83 |         await page.getByRole('button', { name: /Entrar/i }).click();\n  84 |\n    at /Users/Lucas-Lenovo/Documents/Documentos/Portal dos Eletricistas/tests/e2e/03-login.spec.ts:81:42"
                        }
                      ],
                      "stdout": [],
                      "stderr": [],
                      "retry": 0,
                      "startTime": "2026-01-30T04:13:09.724Z",
                      "annotations": [],
                      "attachments": [
                        {
                          "name": "screenshot",
                          "contentType": "image/png",
                          "path": "/Users/Lucas-Lenovo/Documents/Documentos/Portal dos Eletricistas/test-results/03-login-Login-e-Autentica-c444d-ssão-após-recarregar-página-chromium/test-failed-1.png"
                        },
                        {
                          "name": "video",
                          "contentType": "video/webm",
                          "path": "/Users/Lucas-Lenovo/Documents/Documentos/Portal dos Eletricistas/test-results/03-login-Login-e-Autentica-c444d-ssão-após-recarregar-página-chromium/video.webm"
                        },
                        {
                          "name": "error-context",
                          "contentType": "text/markdown",
                          "path": "/Users/Lucas-Lenovo/Documents/Documentos/Portal dos Eletricistas/test-results/03-login-Login-e-Autentica-c444d-ssão-após-recarregar-página-chromium/error-context.md"
                        }
                      ],
                      "errorLocation": {
                        "file": "/Users/Lucas-Lenovo/Documents/Documentos/Portal dos Eletricistas/tests/e2e/03-login.spec.ts",
                        "column": 42,
                        "line": 81
                      }
                    }
                  ],
                  "status": "unexpected"
                }
              ],
              "id": "9e57f58243bffce63c43-cd09f063e27136eb3865",
              "file": "03-login.spec.ts",
              "line": 79,
              "column": 9
            },
            {
              "title": "deve redirecionar para login ao acessar rota protegida sem autenticação",
              "ok": true,
              "tags": [],
              "tests": [
                {
                  "timeout": 30000,
                  "annotations": [],
                  "expectedStatus": "passed",
                  "projectId": "chromium",
                  "projectName": "chromium",
                  "results": [
                    {
                      "workerIndex": 13,
                      "parallelIndex": 3,
                      "status": "passed",
                      "duration": 3466,
                      "errors": [],
                      "stdout": [],
                      "stderr": [],
                      "retry": 0,
                      "startTime": "2026-01-30T04:13:09.700Z",
                      "annotations": [],
                      "attachments": []
                    }
                  ],
                  "status": "expected"
                }
              ],
              "id": "9e57f58243bffce63c43-24a7e1c226b067013621",
              "file": "03-login.spec.ts",
              "line": 95,
              "column": 9
            },
            {
              "title": "deve navegar para página de cadastro",
              "ok": true,
              "tags": [],
              "tests": [
                {
                  "timeout": 30000,
                  "annotations": [],
                  "expectedStatus": "passed",
                  "projectId": "chromium",
                  "projectName": "chromium",
                  "results": [
                    {
                      "workerIndex": 15,
                      "parallelIndex": 1,
                      "status": "passed",
                      "duration": 2639,
                      "errors": [],
                      "stdout": [],
                      "stderr": [],
                      "retry": 0,
                      "startTime": "2026-01-30T04:13:13.518Z",
                      "annotations": [],
                      "attachments": []
                    }
                  ],
                  "status": "expected"
                }
              ],
              "id": "9e57f58243bffce63c43-96868394e432949e9a6a",
              "file": "03-login.spec.ts",
              "line": 104,
              "column": 9
            },
            {
              "title": "deve navegar para recuperação de senha",
              "ok": true,
              "tags": [],
              "tests": [
                {
                  "timeout": 30000,
                  "annotations": [],
                  "expectedStatus": "passed",
                  "projectId": "chromium",
                  "projectName": "chromium",
                  "results": [
                    {
                      "workerIndex": 16,
                      "parallelIndex": 4,
                      "status": "passed",
                      "duration": 3070,
                      "errors": [],
                      "stdout": [],
                      "stderr": [],
                      "retry": 0,
                      "startTime": "2026-01-30T04:13:14.406Z",
                      "annotations": [],
                      "attachments": []
                    }
                  ],
                  "status": "expected"
                }
              ],
              "id": "9e57f58243bffce63c43-1249763c85a8fb0edcca",
              "file": "03-login.spec.ts",
              "line": 110,
              "column": 9
            }
          ]
        },
        {
          "title": "Logout",
          "file": "03-login.spec.ts",
          "line": 117,
          "column": 6,
          "specs": [
            {
              "title": "deve fazer logout com sucesso",
              "ok": false,
              "tags": [],
              "tests": [
                {
                  "timeout": 30000,
                  "annotations": [],
                  "expectedStatus": "passed",
                  "projectId": "chromium",
                  "projectName": "chromium",
                  "results": [
                    {
                      "workerIndex": 13,
                      "parallelIndex": 3,
                      "status": "failed",
                      "duration": 13216,
                      "error": {
                        "message": "TimeoutError: locator.fill: Timeout 10000ms exceeded.\nCall log:\n\u001b[2m  - waiting for getByLabel(/E-mail/i)\u001b[22m\n",
                        "stack": "TimeoutError: locator.fill: Timeout 10000ms exceeded.\nCall log:\n\u001b[2m  - waiting for getByLabel(/E-mail/i)\u001b[22m\n\n    at /Users/Lucas-Lenovo/Documents/Documentos/Portal dos Eletricistas/tests/e2e/03-login.spec.ts:122:42",
                        "location": {
                          "file": "/Users/Lucas-Lenovo/Documents/Documentos/Portal dos Eletricistas/tests/e2e/03-login.spec.ts",
                          "column": 42,
                          "line": 122
                        },
                        "snippet": "  120 |         // Primeiro fazer login\n  121 |         await page.goto('/login');\n> 122 |         await page.getByLabel(/E-mail/i).fill(testCredentials.email);\n      |                                          ^\n  123 |         await page.getByLabel(/Senha/i).fill(testCredentials.password);\n  124 |         await page.getByRole('button', { name: /Entrar/i }).click();\n  125 |"
                      },
                      "errors": [
                        {
                          "location": {
                            "file": "/Users/Lucas-Lenovo/Documents/Documentos/Portal dos Eletricistas/tests/e2e/03-login.spec.ts",
                            "column": 42,
                            "line": 122
                          },
                          "message": "TimeoutError: locator.fill: Timeout 10000ms exceeded.\nCall log:\n\u001b[2m  - waiting for getByLabel(/E-mail/i)\u001b[22m\n\n\n  120 |         // Primeiro fazer login\n  121 |         await page.goto('/login');\n> 122 |         await page.getByLabel(/E-mail/i).fill(testCredentials.email);\n      |                                          ^\n  123 |         await page.getByLabel(/Senha/i).fill(testCredentials.password);\n  124 |         await page.getByRole('button', { name: /Entrar/i }).click();\n  125 |\n    at /Users/Lucas-Lenovo/Documents/Documentos/Portal dos Eletricistas/tests/e2e/03-login.spec.ts:122:42"
                        }
                      ],
                      "stdout": [],
                      "stderr": [],
                      "retry": 0,
                      "startTime": "2026-01-30T04:13:13.762Z",
                      "annotations": [],
                      "attachments": [
                        {
                          "name": "screenshot",
                          "contentType": "image/png",
                          "path": "/Users/Lucas-Lenovo/Documents/Documentos/Portal dos Eletricistas/test-results/03-login-Logout-deve-fazer-logout-com-sucesso-chromium/test-failed-1.png"
                        },
                        {
                          "name": "video",
                          "contentType": "video/webm",
                          "path": "/Users/Lucas-Lenovo/Documents/Documentos/Portal dos Eletricistas/test-results/03-login-Logout-deve-fazer-logout-com-sucesso-chromium/video.webm"
                        },
                        {
                          "name": "error-context",
                          "contentType": "text/markdown",
                          "path": "/Users/Lucas-Lenovo/Documents/Documentos/Portal dos Eletricistas/test-results/03-login-Logout-deve-fazer-logout-com-sucesso-chromium/error-context.md"
                        }
                      ],
                      "errorLocation": {
                        "file": "/Users/Lucas-Lenovo/Documents/Documentos/Portal dos Eletricistas/tests/e2e/03-login.spec.ts",
                        "column": 42,
                        "line": 122
                      }
                    }
                  ],
                  "status": "unexpected"
                }
              ],
              "id": "9e57f58243bffce63c43-62135fa2af5a3c4fa375",
              "file": "03-login.spec.ts",
              "line": 119,
              "column": 9
            }
          ]
        },
        {
          "title": "Recuperação de Senha",
          "file": "03-login.spec.ts",
          "line": 146,
          "column": 6,
          "specs": [
            {
              "title": "deve exibir formulário de recuperação de senha",
              "ok": false,
              "tags": [],
              "tests": [
                {
                  "timeout": 30000,
                  "annotations": [],
                  "expectedStatus": "passed",
                  "projectId": "chromium",
                  "projectName": "chromium",
                  "results": [
                    {
                      "workerIndex": 15,
                      "parallelIndex": 1,
                      "status": "failed",
                      "duration": 7530,
                      "error": {
                        "message": "Error: \u001b[2mexpect(\u001b[22m\u001b[31mlocator\u001b[39m\u001b[2m).\u001b[22mtoBeVisible\u001b[2m(\u001b[22m\u001b[2m)\u001b[22m failed\n\nLocator: getByLabel(/E-mail/i)\nExpected: visible\nTimeout: 5000ms\nError: element(s) not found\n\nCall log:\n\u001b[2m  - Expect \"toBeVisible\" with timeout 5000ms\u001b[22m\n\u001b[2m  - waiting for getByLabel(/E-mail/i)\u001b[22m\n",
                        "stack": "Error: \u001b[2mexpect(\u001b[22m\u001b[31mlocator\u001b[39m\u001b[2m).\u001b[22mtoBeVisible\u001b[2m(\u001b[22m\u001b[2m)\u001b[22m failed\n\nLocator: getByLabel(/E-mail/i)\nExpected: visible\nTimeout: 5000ms\nError: element(s) not found\n\nCall log:\n\u001b[2m  - Expect \"toBeVisible\" with timeout 5000ms\u001b[22m\n\u001b[2m  - waiting for getByLabel(/E-mail/i)\u001b[22m\n\n    at /Users/Lucas-Lenovo/Documents/Documentos/Portal dos Eletricistas/tests/e2e/03-login.spec.ts:153:50",
                        "location": {
                          "file": "/Users/Lucas-Lenovo/Documents/Documentos/Portal dos Eletricistas/tests/e2e/03-login.spec.ts",
                          "column": 50,
                          "line": 153
                        },
                        "snippet": "  151 |         // Verificar elementos\n  152 |         await expect(page.getByRole('heading', { name: /Recuperar Senha|Esqueci/i })).toBeVisible();\n> 153 |         await expect(page.getByLabel(/E-mail/i)).toBeVisible();\n      |                                                  ^\n  154 |         await expect(page.getByRole('button', { name: /Enviar|Recuperar/i })).toBeVisible();\n  155 |     });\n  156 |"
                      },
                      "errors": [
                        {
                          "location": {
                            "file": "/Users/Lucas-Lenovo/Documents/Documentos/Portal dos Eletricistas/tests/e2e/03-login.spec.ts",
                            "column": 50,
                            "line": 153
                          },
                          "message": "Error: \u001b[2mexpect(\u001b[22m\u001b[31mlocator\u001b[39m\u001b[2m).\u001b[22mtoBeVisible\u001b[2m(\u001b[22m\u001b[2m)\u001b[22m failed\n\nLocator: getByLabel(/E-mail/i)\nExpected: visible\nTimeout: 5000ms\nError: element(s) not found\n\nCall log:\n\u001b[2m  - Expect \"toBeVisible\" with timeout 5000ms\u001b[22m\n\u001b[2m  - waiting for getByLabel(/E-mail/i)\u001b[22m\n\n\n  151 |         // Verificar elementos\n  152 |         await expect(page.getByRole('heading', { name: /Recuperar Senha|Esqueci/i })).toBeVisible();\n> 153 |         await expect(page.getByLabel(/E-mail/i)).toBeVisible();\n      |                                                  ^\n  154 |         await expect(page.getByRole('button', { name: /Enviar|Recuperar/i })).toBeVisible();\n  155 |     });\n  156 |\n    at /Users/Lucas-Lenovo/Documents/Documentos/Portal dos Eletricistas/tests/e2e/03-login.spec.ts:153:50"
                        }
                      ],
                      "stdout": [],
                      "stderr": [],
                      "retry": 0,
                      "startTime": "2026-01-30T04:13:16.553Z",
                      "annotations": [],
                      "attachments": [
                        {
                          "name": "screenshot",
                          "contentType": "image/png",
                          "path": "/Users/Lucas-Lenovo/Documents/Documentos/Portal dos Eletricistas/test-results/03-login-Recuperação-de-Se-7439b-rio-de-recuperação-de-senha-chromium/test-failed-1.png"
                        },
                        {
                          "name": "video",
                          "contentType": "video/webm",
                          "path": "/Users/Lucas-Lenovo/Documents/Documentos/Portal dos Eletricistas/test-results/03-login-Recuperação-de-Se-7439b-rio-de-recuperação-de-senha-chromium/video.webm"
                        },
                        {
                          "name": "error-context",
                          "contentType": "text/markdown",
                          "path": "/Users/Lucas-Lenovo/Documents/Documentos/Portal dos Eletricistas/test-results/03-login-Recuperação-de-Se-7439b-rio-de-recuperação-de-senha-chromium/error-context.md"
                        }
                      ],
                      "errorLocation": {
                        "file": "/Users/Lucas-Lenovo/Documents/Documentos/Portal dos Eletricistas/tests/e2e/03-login.spec.ts",
                        "column": 50,
                        "line": 153
                      }
                    }
                  ],
                  "status": "unexpected"
                }
              ],
              "id": "9e57f58243bffce63c43-a25c966eaccda06e9404",
              "file": "03-login.spec.ts",
              "line": 148,
              "column": 9
            },
            {
              "title": "deve validar email no formulário de recuperação",
              "ok": false,
              "tags": [],
              "tests": [
                {
                  "timeout": 30000,
                  "annotations": [],
                  "expectedStatus": "passed",
                  "projectId": "chromium",
                  "projectName": "chromium",
                  "results": [
                    {
                      "workerIndex": 17,
                      "parallelIndex": 2,
                      "status": "failed",
                      "duration": 13847,
                      "error": {
                        "message": "TimeoutError: locator.fill: Timeout 10000ms exceeded.\nCall log:\n\u001b[2m  - waiting for getByLabel(/E-mail/i)\u001b[22m\n",
                        "stack": "TimeoutError: locator.fill: Timeout 10000ms exceeded.\nCall log:\n\u001b[2m  - waiting for getByLabel(/E-mail/i)\u001b[22m\n\n    at /Users/Lucas-Lenovo/Documents/Documentos/Portal dos Eletricistas/tests/e2e/03-login.spec.ts:161:42",
                        "location": {
                          "file": "/Users/Lucas-Lenovo/Documents/Documentos/Portal dos Eletricistas/tests/e2e/03-login.spec.ts",
                          "column": 42,
                          "line": 161
                        },
                        "snippet": "  159 |\n  160 |         // Preencher email inválido\n> 161 |         await page.getByLabel(/E-mail/i).fill('email-invalido');\n      |                                          ^\n  162 |         await page.getByRole('button', { name: /Enviar|Recuperar/i }).click();\n  163 |\n  164 |         // Verificar validação"
                      },
                      "errors": [
                        {
                          "location": {
                            "file": "/Users/Lucas-Lenovo/Documents/Documentos/Portal dos Eletricistas/tests/e2e/03-login.spec.ts",
                            "column": 42,
                            "line": 161
                          },
                          "message": "TimeoutError: locator.fill: Timeout 10000ms exceeded.\nCall log:\n\u001b[2m  - waiting for getByLabel(/E-mail/i)\u001b[22m\n\n\n  159 |\n  160 |         // Preencher email inválido\n> 161 |         await page.getByLabel(/E-mail/i).fill('email-invalido');\n      |                                          ^\n  162 |         await page.getByRole('button', { name: /Enviar|Recuperar/i }).click();\n  163 |\n  164 |         // Verificar validação\n    at /Users/Lucas-Lenovo/Documents/Documentos/Portal dos Eletricistas/tests/e2e/03-login.spec.ts:161:42"
                        }
                      ],
                      "stdout": [],
                      "stderr": [],
                      "retry": 0,
                      "startTime": "2026-01-30T04:13:19.430Z",
                      "annotations": [],
                      "attachments": [
                        {
                          "name": "screenshot",
                          "contentType": "image/png",
                          "path": "/Users/Lucas-Lenovo/Documents/Documentos/Portal dos Eletricistas/test-results/03-login-Recuperação-de-Se-0c0eb-o-formulário-de-recuperação-chromium/test-failed-1.png"
                        },
                        {
                          "name": "video",
                          "contentType": "video/webm",
                          "path": "/Users/Lucas-Lenovo/Documents/Documentos/Portal dos Eletricistas/test-results/03-login-Recuperação-de-Se-0c0eb-o-formulário-de-recuperação-chromium/video.webm"
                        },
                        {
                          "name": "error-context",
                          "contentType": "text/markdown",
                          "path": "/Users/Lucas-Lenovo/Documents/Documentos/Portal dos Eletricistas/test-results/03-login-Recuperação-de-Se-0c0eb-o-formulário-de-recuperação-chromium/error-context.md"
                        }
                      ],
                      "errorLocation": {
                        "file": "/Users/Lucas-Lenovo/Documents/Documentos/Portal dos Eletricistas/tests/e2e/03-login.spec.ts",
                        "column": 42,
                        "line": 161
                      }
                    }
                  ],
                  "status": "unexpected"
                }
              ],
              "id": "9e57f58243bffce63c43-caa12381dde4178e3051",
              "file": "03-login.spec.ts",
              "line": 157,
              "column": 9
            },
            {
              "title": "deve enviar email de recuperação",
              "ok": false,
              "tags": [],
              "tests": [
                {
                  "timeout": 30000,
                  "annotations": [],
                  "expectedStatus": "passed",
                  "projectId": "chromium",
                  "projectName": "chromium",
                  "results": [
                    {
                      "workerIndex": 16,
                      "parallelIndex": 4,
                      "status": "failed",
                      "duration": 14544,
                      "error": {
                        "message": "TimeoutError: locator.fill: Timeout 10000ms exceeded.\nCall log:\n\u001b[2m  - waiting for getByLabel(/E-mail/i)\u001b[22m\n",
                        "stack": "TimeoutError: locator.fill: Timeout 10000ms exceeded.\nCall log:\n\u001b[2m  - waiting for getByLabel(/E-mail/i)\u001b[22m\n\n    at /Users/Lucas-Lenovo/Documents/Documentos/Portal dos Eletricistas/tests/e2e/03-login.spec.ts:174:42",
                        "location": {
                          "file": "/Users/Lucas-Lenovo/Documents/Documentos/Portal dos Eletricistas/tests/e2e/03-login.spec.ts",
                          "column": 42,
                          "line": 174
                        },
                        "snippet": "  172 |\n  173 |         // Preencher email válido\n> 174 |         await page.getByLabel(/E-mail/i).fill(testCredentials.email);\n      |                                          ^\n  175 |         await page.getByRole('button', { name: /Enviar|Recuperar/i }).click();\n  176 |\n  177 |         // Verificar mensagem de sucesso"
                      },
                      "errors": [
                        {
                          "location": {
                            "file": "/Users/Lucas-Lenovo/Documents/Documentos/Portal dos Eletricistas/tests/e2e/03-login.spec.ts",
                            "column": 42,
                            "line": 174
                          },
                          "message": "TimeoutError: locator.fill: Timeout 10000ms exceeded.\nCall log:\n\u001b[2m  - waiting for getByLabel(/E-mail/i)\u001b[22m\n\n\n  172 |\n  173 |         // Preencher email válido\n> 174 |         await page.getByLabel(/E-mail/i).fill(testCredentials.email);\n      |                                          ^\n  175 |         await page.getByRole('button', { name: /Enviar|Recuperar/i }).click();\n  176 |\n  177 |         // Verificar mensagem de sucesso\n    at /Users/Lucas-Lenovo/Documents/Documentos/Portal dos Eletricistas/tests/e2e/03-login.spec.ts:174:42"
                        }
                      ],
                      "stdout": [],
                      "stderr": [],
                      "retry": 0,
                      "startTime": "2026-01-30T04:13:17.948Z",
                      "annotations": [],
                      "attachments": [
                        {
                          "name": "screenshot",
                          "contentType": "image/png",
                          "path": "/Users/Lucas-Lenovo/Documents/Documentos/Portal dos Eletricistas/test-results/03-login-Recuperação-de-Se-3f46e-enviar-email-de-recuperação-chromium/test-failed-1.png"
                        },
                        {
                          "name": "video",
                          "contentType": "video/webm",
                          "path": "/Users/Lucas-Lenovo/Documents/Documentos/Portal dos Eletricistas/test-results/03-login-Recuperação-de-Se-3f46e-enviar-email-de-recuperação-chromium/video.webm"
                        },
                        {
                          "name": "error-context",
                          "contentType": "text/markdown",
                          "path": "/Users/Lucas-Lenovo/Documents/Documentos/Portal dos Eletricistas/test-results/03-login-Recuperação-de-Se-3f46e-enviar-email-de-recuperação-chromium/error-context.md"
                        }
                      ],
                      "errorLocation": {
                        "file": "/Users/Lucas-Lenovo/Documents/Documentos/Portal dos Eletricistas/tests/e2e/03-login.spec.ts",
                        "column": 42,
                        "line": 174
                      }
                    }
                  ],
                  "status": "unexpected"
                }
              ],
              "id": "9e57f58243bffce63c43-135201e2dba5a586db1b",
              "file": "03-login.spec.ts",
              "line": 170,
              "column": 9
            }
          ]
        }
      ]
    },
    {
      "title": "04-catalogo.spec.ts",
      "file": "04-catalogo.spec.ts",
      "column": 0,
      "line": 0,
      "specs": [],
      "suites": [
        {
          "title": "Catálogo de Produtos",
          "file": "04-catalogo.spec.ts",
          "line": 8,
          "column": 6,
          "specs": [
            {
              "title": "deve exibir lista de produtos",
              "ok": false,
              "tags": [],
              "tests": [
                {
                  "timeout": 30000,
                  "annotations": [],
                  "expectedStatus": "passed",
                  "projectId": "chromium",
                  "projectName": "chromium",
                  "results": [
                    {
                      "workerIndex": 18,
                      "parallelIndex": 0,
                      "status": "failed",
                      "duration": 14016,
                      "error": {
                        "message": "TimeoutError: locator.fill: Timeout 10000ms exceeded.\nCall log:\n\u001b[2m  - waiting for getByLabel(/E-mail/i)\u001b[22m\n",
                        "stack": "TimeoutError: locator.fill: Timeout 10000ms exceeded.\nCall log:\n\u001b[2m  - waiting for getByLabel(/E-mail/i)\u001b[22m\n\n    at /Users/Lucas-Lenovo/Documents/Documentos/Portal dos Eletricistas/tests/e2e/04-catalogo.spec.ts:13:42",
                        "location": {
                          "file": "/Users/Lucas-Lenovo/Documents/Documentos/Portal dos Eletricistas/tests/e2e/04-catalogo.spec.ts",
                          "column": 42,
                          "line": 13
                        },
                        "snippet": "  11 |         // Fazer login primeiro (necessário para acessar catálogo)\n  12 |         await page.goto('/login');\n> 13 |         await page.getByLabel(/E-mail/i).fill('teste@example.com');\n     |                                          ^\n  14 |         await page.getByLabel(/Senha/i).fill('Teste@123');\n  15 |         await page.getByRole('button', { name: /Entrar/i }).click();\n  16 |         await page.waitForTimeout(2000);"
                      },
                      "errors": [
                        {
                          "location": {
                            "file": "/Users/Lucas-Lenovo/Documents/Documentos/Portal dos Eletricistas/tests/e2e/04-catalogo.spec.ts",
                            "column": 42,
                            "line": 13
                          },
                          "message": "TimeoutError: locator.fill: Timeout 10000ms exceeded.\nCall log:\n\u001b[2m  - waiting for getByLabel(/E-mail/i)\u001b[22m\n\n\n  11 |         // Fazer login primeiro (necessário para acessar catálogo)\n  12 |         await page.goto('/login');\n> 13 |         await page.getByLabel(/E-mail/i).fill('teste@example.com');\n     |                                          ^\n  14 |         await page.getByLabel(/Senha/i).fill('Teste@123');\n  15 |         await page.getByRole('button', { name: /Entrar/i }).click();\n  16 |         await page.waitForTimeout(2000);\n    at /Users/Lucas-Lenovo/Documents/Documentos/Portal dos Eletricistas/tests/e2e/04-catalogo.spec.ts:13:42"
                        }
                      ],
                      "stdout": [],
                      "stderr": [],
                      "retry": 0,
                      "startTime": "2026-01-30T04:13:26.103Z",
                      "annotations": [],
                      "attachments": [
                        {
                          "name": "screenshot",
                          "contentType": "image/png",
                          "path": "/Users/Lucas-Lenovo/Documents/Documentos/Portal dos Eletricistas/test-results/04-catalogo-Catálogo-de-Pr-cb75e-ve-exibir-lista-de-produtos-chromium/test-failed-1.png"
                        },
                        {
                          "name": "video",
                          "contentType": "video/webm",
                          "path": "/Users/Lucas-Lenovo/Documents/Documentos/Portal dos Eletricistas/test-results/04-catalogo-Catálogo-de-Pr-cb75e-ve-exibir-lista-de-produtos-chromium/video.webm"
                        },
                        {
                          "name": "error-context",
                          "contentType": "text/markdown",
                          "path": "/Users/Lucas-Lenovo/Documents/Documentos/Portal dos Eletricistas/test-results/04-catalogo-Catálogo-de-Pr-cb75e-ve-exibir-lista-de-produtos-chromium/error-context.md"
                        }
                      ],
                      "errorLocation": {
                        "file": "/Users/Lucas-Lenovo/Documents/Documentos/Portal dos Eletricistas/tests/e2e/04-catalogo.spec.ts",
                        "column": 42,
                        "line": 13
                      }
                    }
                  ],
                  "status": "unexpected"
                }
              ],
              "id": "2cef23054c74e18a00e2-e845e17fccc1ebd276aa",
              "file": "04-catalogo.spec.ts",
              "line": 22,
              "column": 9
            },
            {
              "title": "deve exibir informações básicas dos produtos",
              "ok": false,
              "tags": [],
              "tests": [
                {
                  "timeout": 30000,
                  "annotations": [],
                  "expectedStatus": "passed",
                  "projectId": "chromium",
                  "projectName": "chromium",
                  "results": [
                    {
                      "workerIndex": 19,
                      "parallelIndex": 1,
                      "status": "failed",
                      "duration": 13916,
                      "error": {
                        "message": "TimeoutError: locator.fill: Timeout 10000ms exceeded.\nCall log:\n\u001b[2m  - waiting for getByLabel(/E-mail/i)\u001b[22m\n",
                        "stack": "TimeoutError: locator.fill: Timeout 10000ms exceeded.\nCall log:\n\u001b[2m  - waiting for getByLabel(/E-mail/i)\u001b[22m\n\n    at /Users/Lucas-Lenovo/Documents/Documentos/Portal dos Eletricistas/tests/e2e/04-catalogo.spec.ts:13:42",
                        "location": {
                          "file": "/Users/Lucas-Lenovo/Documents/Documentos/Portal dos Eletricistas/tests/e2e/04-catalogo.spec.ts",
                          "column": 42,
                          "line": 13
                        },
                        "snippet": "  11 |         // Fazer login primeiro (necessário para acessar catálogo)\n  12 |         await page.goto('/login');\n> 13 |         await page.getByLabel(/E-mail/i).fill('teste@example.com');\n     |                                          ^\n  14 |         await page.getByLabel(/Senha/i).fill('Teste@123');\n  15 |         await page.getByRole('button', { name: /Entrar/i }).click();\n  16 |         await page.waitForTimeout(2000);"
                      },
                      "errors": [
                        {
                          "location": {
                            "file": "/Users/Lucas-Lenovo/Documents/Documentos/Portal dos Eletricistas/tests/e2e/04-catalogo.spec.ts",
                            "column": 42,
                            "line": 13
                          },
                          "message": "TimeoutError: locator.fill: Timeout 10000ms exceeded.\nCall log:\n\u001b[2m  - waiting for getByLabel(/E-mail/i)\u001b[22m\n\n\n  11 |         // Fazer login primeiro (necessário para acessar catálogo)\n  12 |         await page.goto('/login');\n> 13 |         await page.getByLabel(/E-mail/i).fill('teste@example.com');\n     |                                          ^\n  14 |         await page.getByLabel(/Senha/i).fill('Teste@123');\n  15 |         await page.getByRole('button', { name: /Entrar/i }).click();\n  16 |         await page.waitForTimeout(2000);\n    at /Users/Lucas-Lenovo/Documents/Documentos/Portal dos Eletricistas/tests/e2e/04-catalogo.spec.ts:13:42"
                        }
                      ],
                      "stdout": [],
                      "stderr": [],
                      "retry": 0,
                      "startTime": "2026-01-30T04:13:26.749Z",
                      "annotations": [],
                      "attachments": [
                        {
                          "name": "screenshot",
                          "contentType": "image/png",
                          "path": "/Users/Lucas-Lenovo/Documents/Documentos/Portal dos Eletricistas/test-results/04-catalogo-Catálogo-de-Pr-bbf2c-mações-básicas-dos-produtos-chromium/test-failed-1.png"
                        },
                        {
                          "name": "video",
                          "contentType": "video/webm",
                          "path": "/Users/Lucas-Lenovo/Documents/Documentos/Portal dos Eletricistas/test-results/04-catalogo-Catálogo-de-Pr-bbf2c-mações-básicas-dos-produtos-chromium/video.webm"
                        },
                        {
                          "name": "error-context",
                          "contentType": "text/markdown",
                          "path": "/Users/Lucas-Lenovo/Documents/Documentos/Portal dos Eletricistas/test-results/04-catalogo-Catálogo-de-Pr-bbf2c-mações-básicas-dos-produtos-chromium/error-context.md"
                        }
                      ],
                      "errorLocation": {
                        "file": "/Users/Lucas-Lenovo/Documents/Documentos/Portal dos Eletricistas/tests/e2e/04-catalogo.spec.ts",
                        "column": 42,
                        "line": 13
                      }
                    }
                  ],
                  "status": "unexpected"
                }
              ],
              "id": "2cef23054c74e18a00e2-b3de5bbfaa644888e6d3",
              "file": "04-catalogo.spec.ts",
              "line": 33,
              "column": 9
            },
            {
              "title": "deve permitir busca de produtos por nome",
              "ok": false,
              "tags": [],
              "tests": [
                {
                  "timeout": 30000,
                  "annotations": [],
                  "expectedStatus": "passed",
                  "projectId": "chromium",
                  "projectName": "chromium",
                  "results": [
                    {
                      "workerIndex": 20,
                      "parallelIndex": 3,
                      "status": "failed",
                      "duration": 13717,
                      "error": {
                        "message": "TimeoutError: locator.fill: Timeout 10000ms exceeded.\nCall log:\n\u001b[2m  - waiting for getByLabel(/E-mail/i)\u001b[22m\n",
                        "stack": "TimeoutError: locator.fill: Timeout 10000ms exceeded.\nCall log:\n\u001b[2m  - waiting for getByLabel(/E-mail/i)\u001b[22m\n\n    at /Users/Lucas-Lenovo/Documents/Documentos/Portal dos Eletricistas/tests/e2e/04-catalogo.spec.ts:13:42",
                        "location": {
                          "file": "/Users/Lucas-Lenovo/Documents/Documentos/Portal dos Eletricistas/tests/e2e/04-catalogo.spec.ts",
                          "column": 42,
                          "line": 13
                        },
                        "snippet": "  11 |         // Fazer login primeiro (necessário para acessar catálogo)\n  12 |         await page.goto('/login');\n> 13 |         await page.getByLabel(/E-mail/i).fill('teste@example.com');\n     |                                          ^\n  14 |         await page.getByLabel(/Senha/i).fill('Teste@123');\n  15 |         await page.getByRole('button', { name: /Entrar/i }).click();\n  16 |         await page.waitForTimeout(2000);"
                      },
                      "errors": [
                        {
                          "location": {
                            "file": "/Users/Lucas-Lenovo/Documents/Documentos/Portal dos Eletricistas/tests/e2e/04-catalogo.spec.ts",
                            "column": 42,
                            "line": 13
                          },
                          "message": "TimeoutError: locator.fill: Timeout 10000ms exceeded.\nCall log:\n\u001b[2m  - waiting for getByLabel(/E-mail/i)\u001b[22m\n\n\n  11 |         // Fazer login primeiro (necessário para acessar catálogo)\n  12 |         await page.goto('/login');\n> 13 |         await page.getByLabel(/E-mail/i).fill('teste@example.com');\n     |                                          ^\n  14 |         await page.getByLabel(/Senha/i).fill('Teste@123');\n  15 |         await page.getByRole('button', { name: /Entrar/i }).click();\n  16 |         await page.waitForTimeout(2000);\n    at /Users/Lucas-Lenovo/Documents/Documentos/Portal dos Eletricistas/tests/e2e/04-catalogo.spec.ts:13:42"
                        }
                      ],
                      "stdout": [],
                      "stderr": [],
                      "retry": 0,
                      "startTime": "2026-01-30T04:13:29.619Z",
                      "annotations": [],
                      "attachments": [
                        {
                          "name": "screenshot",
                          "contentType": "image/png",
                          "path": "/Users/Lucas-Lenovo/Documents/Documentos/Portal dos Eletricistas/test-results/04-catalogo-Catálogo-de-Pr-0be6c--busca-de-produtos-por-nome-chromium/test-failed-1.png"
                        },
                        {
                          "name": "video",
                          "contentType": "video/webm",
                          "path": "/Users/Lucas-Lenovo/Documents/Documentos/Portal dos Eletricistas/test-results/04-catalogo-Catálogo-de-Pr-0be6c--busca-de-produtos-por-nome-chromium/video.webm"
                        },
                        {
                          "name": "error-context",
                          "contentType": "text/markdown",
                          "path": "/Users/Lucas-Lenovo/Documents/Documentos/Portal dos Eletricistas/test-results/04-catalogo-Catálogo-de-Pr-0be6c--busca-de-produtos-por-nome-chromium/error-context.md"
                        }
                      ],
                      "errorLocation": {
                        "file": "/Users/Lucas-Lenovo/Documents/Documentos/Portal dos Eletricistas/tests/e2e/04-catalogo.spec.ts",
                        "column": 42,
                        "line": 13
                      }
                    }
                  ],
                  "status": "unexpected"
                }
              ],
              "id": "2cef23054c74e18a00e2-5b93e85b746ba391e3b6",
              "file": "04-catalogo.spec.ts",
              "line": 49,
              "column": 9
            },
            {
              "title": "deve exibir mensagem quando não há resultados",
              "ok": false,
              "tags": [],
              "tests": [
                {
                  "timeout": 30000,
                  "annotations": [],
                  "expectedStatus": "passed",
                  "projectId": "chromium",
                  "projectName": "chromium",
                  "results": [
                    {
                      "workerIndex": 21,
                      "parallelIndex": 4,
                      "status": "failed",
                      "duration": 12962,
                      "error": {
                        "message": "TimeoutError: locator.fill: Timeout 10000ms exceeded.\nCall log:\n\u001b[2m  - waiting for getByLabel(/E-mail/i)\u001b[22m\n",
                        "stack": "TimeoutError: locator.fill: Timeout 10000ms exceeded.\nCall log:\n\u001b[2m  - waiting for getByLabel(/E-mail/i)\u001b[22m\n\n    at /Users/Lucas-Lenovo/Documents/Documentos/Portal dos Eletricistas/tests/e2e/04-catalogo.spec.ts:13:42",
                        "location": {
                          "file": "/Users/Lucas-Lenovo/Documents/Documentos/Portal dos Eletricistas/tests/e2e/04-catalogo.spec.ts",
                          "column": 42,
                          "line": 13
                        },
                        "snippet": "  11 |         // Fazer login primeiro (necessário para acessar catálogo)\n  12 |         await page.goto('/login');\n> 13 |         await page.getByLabel(/E-mail/i).fill('teste@example.com');\n     |                                          ^\n  14 |         await page.getByLabel(/Senha/i).fill('Teste@123');\n  15 |         await page.getByRole('button', { name: /Entrar/i }).click();\n  16 |         await page.waitForTimeout(2000);"
                      },
                      "errors": [
                        {
                          "location": {
                            "file": "/Users/Lucas-Lenovo/Documents/Documentos/Portal dos Eletricistas/tests/e2e/04-catalogo.spec.ts",
                            "column": 42,
                            "line": 13
                          },
                          "message": "TimeoutError: locator.fill: Timeout 10000ms exceeded.\nCall log:\n\u001b[2m  - waiting for getByLabel(/E-mail/i)\u001b[22m\n\n\n  11 |         // Fazer login primeiro (necessário para acessar catálogo)\n  12 |         await page.goto('/login');\n> 13 |         await page.getByLabel(/E-mail/i).fill('teste@example.com');\n     |                                          ^\n  14 |         await page.getByLabel(/Senha/i).fill('Teste@123');\n  15 |         await page.getByRole('button', { name: /Entrar/i }).click();\n  16 |         await page.waitForTimeout(2000);\n    at /Users/Lucas-Lenovo/Documents/Documentos/Portal dos Eletricistas/tests/e2e/04-catalogo.spec.ts:13:42"
                        }
                      ],
                      "stdout": [],
                      "stderr": [],
                      "retry": 0,
                      "startTime": "2026-01-30T04:13:35.737Z",
                      "annotations": [],
                      "attachments": [
                        {
                          "name": "screenshot",
                          "contentType": "image/png",
                          "path": "/Users/Lucas-Lenovo/Documents/Documentos/Portal dos Eletricistas/test-results/04-catalogo-Catálogo-de-Pr-69bf6-em-quando-não-há-resultados-chromium/test-failed-1.png"
                        },
                        {
                          "name": "video",
                          "contentType": "video/webm",
                          "path": "/Users/Lucas-Lenovo/Documents/Documentos/Portal dos Eletricistas/test-results/04-catalogo-Catálogo-de-Pr-69bf6-em-quando-não-há-resultados-chromium/video.webm"
                        },
                        {
                          "name": "error-context",
                          "contentType": "text/markdown",
                          "path": "/Users/Lucas-Lenovo/Documents/Documentos/Portal dos Eletricistas/test-results/04-catalogo-Catálogo-de-Pr-69bf6-em-quando-não-há-resultados-chromium/error-context.md"
                        }
                      ],
                      "errorLocation": {
                        "file": "/Users/Lucas-Lenovo/Documents/Documentos/Portal dos Eletricistas/tests/e2e/04-catalogo.spec.ts",
                        "column": 42,
                        "line": 13
                      }
                    }
                  ],
                  "status": "unexpected"
                }
              ],
              "id": "2cef23054c74e18a00e2-4324528dc0a764dd3c9e",
              "file": "04-catalogo.spec.ts",
              "line": 68,
              "column": 9
            },
            {
              "title": "deve permitir limpar busca",
              "ok": false,
              "tags": [],
              "tests": [
                {
                  "timeout": 30000,
                  "annotations": [],
                  "expectedStatus": "passed",
                  "projectId": "chromium",
                  "projectName": "chromium",
                  "results": [
                    {
                      "workerIndex": 22,
                      "parallelIndex": 2,
                      "status": "failed",
                      "duration": 13658,
                      "error": {
                        "message": "TimeoutError: locator.fill: Timeout 10000ms exceeded.\nCall log:\n\u001b[2m  - waiting for getByLabel(/E-mail/i)\u001b[22m\n",
                        "stack": "TimeoutError: locator.fill: Timeout 10000ms exceeded.\nCall log:\n\u001b[2m  - waiting for getByLabel(/E-mail/i)\u001b[22m\n\n    at /Users/Lucas-Lenovo/Documents/Documentos/Portal dos Eletricistas/tests/e2e/04-catalogo.spec.ts:13:42",
                        "location": {
                          "file": "/Users/Lucas-Lenovo/Documents/Documentos/Portal dos Eletricistas/tests/e2e/04-catalogo.spec.ts",
                          "column": 42,
                          "line": 13
                        },
                        "snippet": "  11 |         // Fazer login primeiro (necessário para acessar catálogo)\n  12 |         await page.goto('/login');\n> 13 |         await page.getByLabel(/E-mail/i).fill('teste@example.com');\n     |                                          ^\n  14 |         await page.getByLabel(/Senha/i).fill('Teste@123');\n  15 |         await page.getByRole('button', { name: /Entrar/i }).click();\n  16 |         await page.waitForTimeout(2000);"
                      },
                      "errors": [
                        {
                          "location": {
                            "file": "/Users/Lucas-Lenovo/Documents/Documentos/Portal dos Eletricistas/tests/e2e/04-catalogo.spec.ts",
                            "column": 42,
                            "line": 13
                          },
                          "message": "TimeoutError: locator.fill: Timeout 10000ms exceeded.\nCall log:\n\u001b[2m  - waiting for getByLabel(/E-mail/i)\u001b[22m\n\n\n  11 |         // Fazer login primeiro (necessário para acessar catálogo)\n  12 |         await page.goto('/login');\n> 13 |         await page.getByLabel(/E-mail/i).fill('teste@example.com');\n     |                                          ^\n  14 |         await page.getByLabel(/Senha/i).fill('Teste@123');\n  15 |         await page.getByRole('button', { name: /Entrar/i }).click();\n  16 |         await page.waitForTimeout(2000);\n    at /Users/Lucas-Lenovo/Documents/Documentos/Portal dos Eletricistas/tests/e2e/04-catalogo.spec.ts:13:42"
                        }
                      ],
                      "stdout": [],
                      "stderr": [],
                      "retry": 0,
                      "startTime": "2026-01-30T04:13:37.693Z",
                      "annotations": [],
                      "attachments": [
                        {
                          "name": "screenshot",
                          "contentType": "image/png",
                          "path": "/Users/Lucas-Lenovo/Documents/Documentos/Portal dos Eletricistas/test-results/04-catalogo-Catálogo-de-Produtos-deve-permitir-limpar-busca-chromium/test-failed-1.png"
                        },
                        {
                          "name": "video",
                          "contentType": "video/webm",
                          "path": "/Users/Lucas-Lenovo/Documents/Documentos/Portal dos Eletricistas/test-results/04-catalogo-Catálogo-de-Produtos-deve-permitir-limpar-busca-chromium/video.webm"
                        },
                        {
                          "name": "error-context",
                          "contentType": "text/markdown",
                          "path": "/Users/Lucas-Lenovo/Documents/Documentos/Portal dos Eletricistas/test-results/04-catalogo-Catálogo-de-Produtos-deve-permitir-limpar-busca-chromium/error-context.md"
                        }
                      ],
                      "errorLocation": {
                        "file": "/Users/Lucas-Lenovo/Documents/Documentos/Portal dos Eletricistas/tests/e2e/04-catalogo.spec.ts",
                        "column": 42,
                        "line": 13
                      }
                    }
                  ],
                  "status": "unexpected"
                }
              ],
              "id": "2cef23054c74e18a00e2-5e04b90557d8719d3257",
              "file": "04-catalogo.spec.ts",
              "line": 81,
              "column": 9
            },
            {
              "title": "deve permitir clicar em um produto para ver detalhes",
              "ok": false,
              "tags": [],
              "tests": [
                {
                  "timeout": 30000,
                  "annotations": [],
                  "expectedStatus": "passed",
                  "projectId": "chromium",
                  "projectName": "chromium",
                  "results": [
                    {
                      "workerIndex": 23,
                      "parallelIndex": 0,
                      "status": "failed",
                      "duration": 13428,
                      "error": {
                        "message": "TimeoutError: locator.fill: Timeout 10000ms exceeded.\nCall log:\n\u001b[2m  - waiting for getByLabel(/E-mail/i)\u001b[22m\n",
                        "stack": "TimeoutError: locator.fill: Timeout 10000ms exceeded.\nCall log:\n\u001b[2m  - waiting for getByLabel(/E-mail/i)\u001b[22m\n\n    at /Users/Lucas-Lenovo/Documents/Documentos/Portal dos Eletricistas/tests/e2e/04-catalogo.spec.ts:13:42",
                        "location": {
                          "file": "/Users/Lucas-Lenovo/Documents/Documentos/Portal dos Eletricistas/tests/e2e/04-catalogo.spec.ts",
                          "column": 42,
                          "line": 13
                        },
                        "snippet": "  11 |         // Fazer login primeiro (necessário para acessar catálogo)\n  12 |         await page.goto('/login');\n> 13 |         await page.getByLabel(/E-mail/i).fill('teste@example.com');\n     |                                          ^\n  14 |         await page.getByLabel(/Senha/i).fill('Teste@123');\n  15 |         await page.getByRole('button', { name: /Entrar/i }).click();\n  16 |         await page.waitForTimeout(2000);"
                      },
                      "errors": [
                        {
                          "location": {
                            "file": "/Users/Lucas-Lenovo/Documents/Documentos/Portal dos Eletricistas/tests/e2e/04-catalogo.spec.ts",
                            "column": 42,
                            "line": 13
                          },
                          "message": "TimeoutError: locator.fill: Timeout 10000ms exceeded.\nCall log:\n\u001b[2m  - waiting for getByLabel(/E-mail/i)\u001b[22m\n\n\n  11 |         // Fazer login primeiro (necessário para acessar catálogo)\n  12 |         await page.goto('/login');\n> 13 |         await page.getByLabel(/E-mail/i).fill('teste@example.com');\n     |                                          ^\n  14 |         await page.getByLabel(/Senha/i).fill('Teste@123');\n  15 |         await page.getByRole('button', { name: /Entrar/i }).click();\n  16 |         await page.waitForTimeout(2000);\n    at /Users/Lucas-Lenovo/Documents/Documentos/Portal dos Eletricistas/tests/e2e/04-catalogo.spec.ts:13:42"
                        }
                      ],
                      "stdout": [],
                      "stderr": [],
                      "retry": 0,
                      "startTime": "2026-01-30T04:13:43.989Z",
                      "annotations": [],
                      "attachments": [
                        {
                          "name": "screenshot",
                          "contentType": "image/png",
                          "path": "/Users/Lucas-Lenovo/Documents/Documentos/Portal dos Eletricistas/test-results/04-catalogo-Catálogo-de-Pr-39321-m-produto-para-ver-detalhes-chromium/test-failed-1.png"
                        },
                        {
                          "name": "video",
                          "contentType": "video/webm",
                          "path": "/Users/Lucas-Lenovo/Documents/Documentos/Portal dos Eletricistas/test-results/04-catalogo-Catálogo-de-Pr-39321-m-produto-para-ver-detalhes-chromium/video.webm"
                        },
                        {
                          "name": "error-context",
                          "contentType": "text/markdown",
                          "path": "/Users/Lucas-Lenovo/Documents/Documentos/Portal dos Eletricistas/test-results/04-catalogo-Catálogo-de-Pr-39321-m-produto-para-ver-detalhes-chromium/error-context.md"
                        }
                      ],
                      "errorLocation": {
                        "file": "/Users/Lucas-Lenovo/Documents/Documentos/Portal dos Eletricistas/tests/e2e/04-catalogo.spec.ts",
                        "column": 42,
                        "line": 13
                      }
                    }
                  ],
                  "status": "unexpected"
                }
              ],
              "id": "2cef23054c74e18a00e2-d00d38ff7f4784eaee95",
              "file": "04-catalogo.spec.ts",
              "line": 101,
              "column": 9
            },
            {
              "title": "deve exibir paginação se houver muitos produtos",
              "ok": false,
              "tags": [],
              "tests": [
                {
                  "timeout": 30000,
                  "annotations": [],
                  "expectedStatus": "passed",
                  "projectId": "chromium",
                  "projectName": "chromium",
                  "results": [
                    {
                      "workerIndex": 24,
                      "parallelIndex": 1,
                      "status": "failed",
                      "duration": 13205,
                      "error": {
                        "message": "TimeoutError: locator.fill: Timeout 10000ms exceeded.\nCall log:\n\u001b[2m  - waiting for getByLabel(/E-mail/i)\u001b[22m\n",
                        "stack": "TimeoutError: locator.fill: Timeout 10000ms exceeded.\nCall log:\n\u001b[2m  - waiting for getByLabel(/E-mail/i)\u001b[22m\n\n    at /Users/Lucas-Lenovo/Documents/Documentos/Portal dos Eletricistas/tests/e2e/04-catalogo.spec.ts:13:42",
                        "location": {
                          "file": "/Users/Lucas-Lenovo/Documents/Documentos/Portal dos Eletricistas/tests/e2e/04-catalogo.spec.ts",
                          "column": 42,
                          "line": 13
                        },
                        "snippet": "  11 |         // Fazer login primeiro (necessário para acessar catálogo)\n  12 |         await page.goto('/login');\n> 13 |         await page.getByLabel(/E-mail/i).fill('teste@example.com');\n     |                                          ^\n  14 |         await page.getByLabel(/Senha/i).fill('Teste@123');\n  15 |         await page.getByRole('button', { name: /Entrar/i }).click();\n  16 |         await page.waitForTimeout(2000);"
                      },
                      "errors": [
                        {
                          "location": {
                            "file": "/Users/Lucas-Lenovo/Documents/Documentos/Portal dos Eletricistas/tests/e2e/04-catalogo.spec.ts",
                            "column": 42,
                            "line": 13
                          },
                          "message": "TimeoutError: locator.fill: Timeout 10000ms exceeded.\nCall log:\n\u001b[2m  - waiting for getByLabel(/E-mail/i)\u001b[22m\n\n\n  11 |         // Fazer login primeiro (necessário para acessar catálogo)\n  12 |         await page.goto('/login');\n> 13 |         await page.getByLabel(/E-mail/i).fill('teste@example.com');\n     |                                          ^\n  14 |         await page.getByLabel(/Senha/i).fill('Teste@123');\n  15 |         await page.getByRole('button', { name: /Entrar/i }).click();\n  16 |         await page.waitForTimeout(2000);\n    at /Users/Lucas-Lenovo/Documents/Documentos/Portal dos Eletricistas/tests/e2e/04-catalogo.spec.ts:13:42"
                        }
                      ],
                      "stdout": [],
                      "stderr": [],
                      "retry": 0,
                      "startTime": "2026-01-30T04:13:44.888Z",
                      "annotations": [],
                      "attachments": [
                        {
                          "name": "screenshot",
                          "contentType": "image/png",
                          "path": "/Users/Lucas-Lenovo/Documents/Documentos/Portal dos Eletricistas/test-results/04-catalogo-Catálogo-de-Pr-1d04b-o-se-houver-muitos-produtos-chromium/test-failed-1.png"
                        },
                        {
                          "name": "video",
                          "contentType": "video/webm",
                          "path": "/Users/Lucas-Lenovo/Documents/Documentos/Portal dos Eletricistas/test-results/04-catalogo-Catálogo-de-Pr-1d04b-o-se-houver-muitos-produtos-chromium/video.webm"
                        },
                        {
                          "name": "error-context",
                          "contentType": "text/markdown",
                          "path": "/Users/Lucas-Lenovo/Documents/Documentos/Portal dos Eletricistas/test-results/04-catalogo-Catálogo-de-Pr-1d04b-o-se-houver-muitos-produtos-chromium/error-context.md"
                        }
                      ],
                      "errorLocation": {
                        "file": "/Users/Lucas-Lenovo/Documents/Documentos/Portal dos Eletricistas/tests/e2e/04-catalogo.spec.ts",
                        "column": 42,
                        "line": 13
                      }
                    }
                  ],
                  "status": "unexpected"
                }
              ],
              "id": "2cef23054c74e18a00e2-c1a40e8c2ffc15ac3bb7",
              "file": "04-catalogo.spec.ts",
              "line": 118,
              "column": 9
            },
            {
              "title": "deve carregar imagens dos produtos",
              "ok": false,
              "tags": [],
              "tests": [
                {
                  "timeout": 30000,
                  "annotations": [],
                  "expectedStatus": "passed",
                  "projectId": "chromium",
                  "projectName": "chromium",
                  "results": [
                    {
                      "workerIndex": 25,
                      "parallelIndex": 3,
                      "status": "failed",
                      "duration": 12401,
                      "error": {
                        "message": "TimeoutError: locator.fill: Timeout 10000ms exceeded.\nCall log:\n\u001b[2m  - waiting for getByLabel(/E-mail/i)\u001b[22m\n",
                        "stack": "TimeoutError: locator.fill: Timeout 10000ms exceeded.\nCall log:\n\u001b[2m  - waiting for getByLabel(/E-mail/i)\u001b[22m\n\n    at /Users/Lucas-Lenovo/Documents/Documentos/Portal dos Eletricistas/tests/e2e/04-catalogo.spec.ts:13:42",
                        "location": {
                          "file": "/Users/Lucas-Lenovo/Documents/Documentos/Portal dos Eletricistas/tests/e2e/04-catalogo.spec.ts",
                          "column": 42,
                          "line": 13
                        },
                        "snippet": "  11 |         // Fazer login primeiro (necessário para acessar catálogo)\n  12 |         await page.goto('/login');\n> 13 |         await page.getByLabel(/E-mail/i).fill('teste@example.com');\n     |                                          ^\n  14 |         await page.getByLabel(/Senha/i).fill('Teste@123');\n  15 |         await page.getByRole('button', { name: /Entrar/i }).click();\n  16 |         await page.waitForTimeout(2000);"
                      },
                      "errors": [
                        {
                          "location": {
                            "file": "/Users/Lucas-Lenovo/Documents/Documentos/Portal dos Eletricistas/tests/e2e/04-catalogo.spec.ts",
                            "column": 42,
                            "line": 13
                          },
                          "message": "TimeoutError: locator.fill: Timeout 10000ms exceeded.\nCall log:\n\u001b[2m  - waiting for getByLabel(/E-mail/i)\u001b[22m\n\n\n  11 |         // Fazer login primeiro (necessário para acessar catálogo)\n  12 |         await page.goto('/login');\n> 13 |         await page.getByLabel(/E-mail/i).fill('teste@example.com');\n     |                                          ^\n  14 |         await page.getByLabel(/Senha/i).fill('Teste@123');\n  15 |         await page.getByRole('button', { name: /Entrar/i }).click();\n  16 |         await page.waitForTimeout(2000);\n    at /Users/Lucas-Lenovo/Documents/Documentos/Portal dos Eletricistas/tests/e2e/04-catalogo.spec.ts:13:42"
                        }
                      ],
                      "stdout": [],
                      "stderr": [],
                      "retry": 0,
                      "startTime": "2026-01-30T04:13:47.482Z",
                      "annotations": [],
                      "attachments": [
                        {
                          "name": "screenshot",
                          "contentType": "image/png",
                          "path": "/Users/Lucas-Lenovo/Documents/Documentos/Portal dos Eletricistas/test-results/04-catalogo-Catálogo-de-Pr-a59ca-rregar-imagens-dos-produtos-chromium/test-failed-1.png"
                        },
                        {
                          "name": "video",
                          "contentType": "video/webm",
                          "path": "/Users/Lucas-Lenovo/Documents/Documentos/Portal dos Eletricistas/test-results/04-catalogo-Catálogo-de-Pr-a59ca-rregar-imagens-dos-produtos-chromium/video.webm"
                        },
                        {
                          "name": "error-context",
                          "contentType": "text/markdown",
                          "path": "/Users/Lucas-Lenovo/Documents/Documentos/Portal dos Eletricistas/test-results/04-catalogo-Catálogo-de-Pr-a59ca-rregar-imagens-dos-produtos-chromium/error-context.md"
                        }
                      ],
                      "errorLocation": {
                        "file": "/Users/Lucas-Lenovo/Documents/Documentos/Portal dos Eletricistas/tests/e2e/04-catalogo.spec.ts",
                        "column": 42,
                        "line": 13
                      }
                    }
                  ],
                  "status": "unexpected"
                }
              ],
              "id": "2cef23054c74e18a00e2-db7589cfab75b1642d14",
              "file": "04-catalogo.spec.ts",
              "line": 132,
              "column": 9
            },
            {
              "title": "deve permitir adicionar produto ao carrinho/orçamento",
              "ok": false,
              "tags": [],
              "tests": [
                {
                  "timeout": 30000,
                  "annotations": [],
                  "expectedStatus": "passed",
                  "projectId": "chromium",
                  "projectName": "chromium",
                  "results": [
                    {
                      "workerIndex": 26,
                      "parallelIndex": 4,
                      "status": "failed",
                      "duration": 12118,
                      "error": {
                        "message": "TimeoutError: locator.fill: Timeout 10000ms exceeded.\nCall log:\n\u001b[2m  - waiting for getByLabel(/E-mail/i)\u001b[22m\n",
                        "stack": "TimeoutError: locator.fill: Timeout 10000ms exceeded.\nCall log:\n\u001b[2m  - waiting for getByLabel(/E-mail/i)\u001b[22m\n\n    at /Users/Lucas-Lenovo/Documents/Documentos/Portal dos Eletricistas/tests/e2e/04-catalogo.spec.ts:13:42",
                        "location": {
                          "file": "/Users/Lucas-Lenovo/Documents/Documentos/Portal dos Eletricistas/tests/e2e/04-catalogo.spec.ts",
                          "column": 42,
                          "line": 13
                        },
                        "snippet": "  11 |         // Fazer login primeiro (necessário para acessar catálogo)\n  12 |         await page.goto('/login');\n> 13 |         await page.getByLabel(/E-mail/i).fill('teste@example.com');\n     |                                          ^\n  14 |         await page.getByLabel(/Senha/i).fill('Teste@123');\n  15 |         await page.getByRole('button', { name: /Entrar/i }).click();\n  16 |         await page.waitForTimeout(2000);"
                      },
                      "errors": [
                        {
                          "location": {
                            "file": "/Users/Lucas-Lenovo/Documents/Documentos/Portal dos Eletricistas/tests/e2e/04-catalogo.spec.ts",
                            "column": 42,
                            "line": 13
                          },
                          "message": "TimeoutError: locator.fill: Timeout 10000ms exceeded.\nCall log:\n\u001b[2m  - waiting for getByLabel(/E-mail/i)\u001b[22m\n\n\n  11 |         // Fazer login primeiro (necessário para acessar catálogo)\n  12 |         await page.goto('/login');\n> 13 |         await page.getByLabel(/E-mail/i).fill('teste@example.com');\n     |                                          ^\n  14 |         await page.getByLabel(/Senha/i).fill('Teste@123');\n  15 |         await page.getByRole('button', { name: /Entrar/i }).click();\n  16 |         await page.waitForTimeout(2000);\n    at /Users/Lucas-Lenovo/Documents/Documentos/Portal dos Eletricistas/tests/e2e/04-catalogo.spec.ts:13:42"
                        }
                      ],
                      "stdout": [],
                      "stderr": [],
                      "retry": 0,
                      "startTime": "2026-01-30T04:13:52.339Z",
                      "annotations": [],
                      "attachments": [
                        {
                          "name": "screenshot",
                          "contentType": "image/png",
                          "path": "/Users/Lucas-Lenovo/Documents/Documentos/Portal dos Eletricistas/test-results/04-catalogo-Catálogo-de-Pr-f1321-oduto-ao-carrinho-orçamento-chromium/test-failed-1.png"
                        },
                        {
                          "name": "video",
                          "contentType": "video/webm",
                          "path": "/Users/Lucas-Lenovo/Documents/Documentos/Portal dos Eletricistas/test-results/04-catalogo-Catálogo-de-Pr-f1321-oduto-ao-carrinho-orçamento-chromium/video.webm"
                        },
                        {
                          "name": "error-context",
                          "contentType": "text/markdown",
                          "path": "/Users/Lucas-Lenovo/Documents/Documentos/Portal dos Eletricistas/test-results/04-catalogo-Catálogo-de-Pr-f1321-oduto-ao-carrinho-orçamento-chromium/error-context.md"
                        }
                      ],
                      "errorLocation": {
                        "file": "/Users/Lucas-Lenovo/Documents/Documentos/Portal dos Eletricistas/tests/e2e/04-catalogo.spec.ts",
                        "column": 42,
                        "line": 13
                      }
                    }
                  ],
                  "status": "unexpected"
                }
              ],
              "id": "2cef23054c74e18a00e2-c563c0a8888d2c5b6e74",
              "file": "04-catalogo.spec.ts",
              "line": 151,
              "column": 9
            },
            {
              "title": "deve manter busca ao navegar entre páginas",
              "ok": false,
              "tags": [],
              "tests": [
                {
                  "timeout": 30000,
                  "annotations": [],
                  "expectedStatus": "passed",
                  "projectId": "chromium",
                  "projectName": "chromium",
                  "results": [
                    {
                      "workerIndex": 27,
                      "parallelIndex": 2,
                      "status": "failed",
                      "duration": 12120,
                      "error": {
                        "message": "TimeoutError: locator.fill: Timeout 10000ms exceeded.\nCall log:\n\u001b[2m  - waiting for getByLabel(/E-mail/i)\u001b[22m\n",
                        "stack": "TimeoutError: locator.fill: Timeout 10000ms exceeded.\nCall log:\n\u001b[2m  - waiting for getByLabel(/E-mail/i)\u001b[22m\n\n    at /Users/Lucas-Lenovo/Documents/Documentos/Portal dos Eletricistas/tests/e2e/04-catalogo.spec.ts:13:42",
                        "location": {
                          "file": "/Users/Lucas-Lenovo/Documents/Documentos/Portal dos Eletricistas/tests/e2e/04-catalogo.spec.ts",
                          "column": 42,
                          "line": 13
                        },
                        "snippet": "  11 |         // Fazer login primeiro (necessário para acessar catálogo)\n  12 |         await page.goto('/login');\n> 13 |         await page.getByLabel(/E-mail/i).fill('teste@example.com');\n     |                                          ^\n  14 |         await page.getByLabel(/Senha/i).fill('Teste@123');\n  15 |         await page.getByRole('button', { name: /Entrar/i }).click();\n  16 |         await page.waitForTimeout(2000);"
                      },
                      "errors": [
                        {
                          "location": {
                            "file": "/Users/Lucas-Lenovo/Documents/Documentos/Portal dos Eletricistas/tests/e2e/04-catalogo.spec.ts",
                            "column": 42,
                            "line": 13
                          },
                          "message": "TimeoutError: locator.fill: Timeout 10000ms exceeded.\nCall log:\n\u001b[2m  - waiting for getByLabel(/E-mail/i)\u001b[22m\n\n\n  11 |         // Fazer login primeiro (necessário para acessar catálogo)\n  12 |         await page.goto('/login');\n> 13 |         await page.getByLabel(/E-mail/i).fill('teste@example.com');\n     |                                          ^\n  14 |         await page.getByLabel(/Senha/i).fill('Teste@123');\n  15 |         await page.getByRole('button', { name: /Entrar/i }).click();\n  16 |         await page.waitForTimeout(2000);\n    at /Users/Lucas-Lenovo/Documents/Documentos/Portal dos Eletricistas/tests/e2e/04-catalogo.spec.ts:13:42"
                        }
                      ],
                      "stdout": [],
                      "stderr": [],
                      "retry": 0,
                      "startTime": "2026-01-30T04:13:55.425Z",
                      "annotations": [],
                      "attachments": [
                        {
                          "name": "screenshot",
                          "contentType": "image/png",
                          "path": "/Users/Lucas-Lenovo/Documents/Documentos/Portal dos Eletricistas/test-results/04-catalogo-Catálogo-de-Pr-27f59-ca-ao-navegar-entre-páginas-chromium/test-failed-1.png"
                        },
                        {
                          "name": "video",
                          "contentType": "video/webm",
                          "path": "/Users/Lucas-Lenovo/Documents/Documentos/Portal dos Eletricistas/test-results/04-catalogo-Catálogo-de-Pr-27f59-ca-ao-navegar-entre-páginas-chromium/video.webm"
                        },
                        {
                          "name": "error-context",
                          "contentType": "text/markdown",
                          "path": "/Users/Lucas-Lenovo/Documents/Documentos/Portal dos Eletricistas/test-results/04-catalogo-Catálogo-de-Pr-27f59-ca-ao-navegar-entre-páginas-chromium/error-context.md"
                        }
                      ],
                      "errorLocation": {
                        "file": "/Users/Lucas-Lenovo/Documents/Documentos/Portal dos Eletricistas/tests/e2e/04-catalogo.spec.ts",
                        "column": 42,
                        "line": 13
                      }
                    }
                  ],
                  "status": "unexpected"
                }
              ],
              "id": "2cef23054c74e18a00e2-76b7a5eb181ea51b9c17",
              "file": "04-catalogo.spec.ts",
              "line": 177,
              "column": 9
            }
          ]
        },
        {
          "title": "Filtros e Ordenação (se implementados)",
          "file": "04-catalogo.spec.ts",
          "line": 202,
          "column": 6,
          "specs": [
            {
              "title": "deve permitir ordenar produtos",
              "ok": false,
              "tags": [],
              "tests": [
                {
                  "timeout": 30000,
                  "annotations": [],
                  "expectedStatus": "passed",
                  "projectId": "chromium",
                  "projectName": "chromium",
                  "results": [
                    {
                      "workerIndex": 28,
                      "parallelIndex": 0,
                      "status": "failed",
                      "duration": 12369,
                      "error": {
                        "message": "TimeoutError: locator.fill: Timeout 10000ms exceeded.\nCall log:\n\u001b[2m  - waiting for getByLabel(/E-mail/i)\u001b[22m\n",
                        "stack": "TimeoutError: locator.fill: Timeout 10000ms exceeded.\nCall log:\n\u001b[2m  - waiting for getByLabel(/E-mail/i)\u001b[22m\n\n    at /Users/Lucas-Lenovo/Documents/Documentos/Portal dos Eletricistas/tests/e2e/04-catalogo.spec.ts:206:42",
                        "location": {
                          "file": "/Users/Lucas-Lenovo/Documents/Documentos/Portal dos Eletricistas/tests/e2e/04-catalogo.spec.ts",
                          "column": 42,
                          "line": 206
                        },
                        "snippet": "  204 |     test.beforeEach(async ({ page }) => {\n  205 |         await page.goto('/login');\n> 206 |         await page.getByLabel(/E-mail/i).fill('teste@example.com');\n      |                                          ^\n  207 |         await page.getByLabel(/Senha/i).fill('Teste@123');\n  208 |         await page.getByRole('button', { name: /Entrar/i }).click();\n  209 |         await page.waitForTimeout(2000);"
                      },
                      "errors": [
                        {
                          "location": {
                            "file": "/Users/Lucas-Lenovo/Documents/Documentos/Portal dos Eletricistas/tests/e2e/04-catalogo.spec.ts",
                            "column": 42,
                            "line": 206
                          },
                          "message": "TimeoutError: locator.fill: Timeout 10000ms exceeded.\nCall log:\n\u001b[2m  - waiting for getByLabel(/E-mail/i)\u001b[22m\n\n\n  204 |     test.beforeEach(async ({ page }) => {\n  205 |         await page.goto('/login');\n> 206 |         await page.getByLabel(/E-mail/i).fill('teste@example.com');\n      |                                          ^\n  207 |         await page.getByLabel(/Senha/i).fill('Teste@123');\n  208 |         await page.getByRole('button', { name: /Entrar/i }).click();\n  209 |         await page.waitForTimeout(2000);\n    at /Users/Lucas-Lenovo/Documents/Documentos/Portal dos Eletricistas/tests/e2e/04-catalogo.spec.ts:206:42"
                        }
                      ],
                      "stdout": [],
                      "stderr": [],
                      "retry": 0,
                      "startTime": "2026-01-30T04:13:59.756Z",
                      "annotations": [],
                      "attachments": [
                        {
                          "name": "screenshot",
                          "contentType": "image/png",
                          "path": "/Users/Lucas-Lenovo/Documents/Documentos/Portal dos Eletricistas/test-results/04-catalogo-Filtros-e-Orde-48b93-e-permitir-ordenar-produtos-chromium/test-failed-1.png"
                        },
                        {
                          "name": "video",
                          "contentType": "video/webm",
                          "path": "/Users/Lucas-Lenovo/Documents/Documentos/Portal dos Eletricistas/test-results/04-catalogo-Filtros-e-Orde-48b93-e-permitir-ordenar-produtos-chromium/video.webm"
                        },
                        {
                          "name": "error-context",
                          "contentType": "text/markdown",
                          "path": "/Users/Lucas-Lenovo/Documents/Documentos/Portal dos Eletricistas/test-results/04-catalogo-Filtros-e-Orde-48b93-e-permitir-ordenar-produtos-chromium/error-context.md"
                        }
                      ],
                      "errorLocation": {
                        "file": "/Users/Lucas-Lenovo/Documents/Documentos/Portal dos Eletricistas/tests/e2e/04-catalogo.spec.ts",
                        "column": 42,
                        "line": 206
                      }
                    }
                  ],
                  "status": "unexpected"
                }
              ],
              "id": "2cef23054c74e18a00e2-4c43893472a6f59ff3f6",
              "file": "04-catalogo.spec.ts",
              "line": 214,
              "column": 9
            },
            {
              "title": "deve permitir filtrar por categoria",
              "ok": false,
              "tags": [],
              "tests": [
                {
                  "timeout": 30000,
                  "annotations": [],
                  "expectedStatus": "passed",
                  "projectId": "chromium",
                  "projectName": "chromium",
                  "results": [
                    {
                      "workerIndex": 29,
                      "parallelIndex": 1,
                      "status": "failed",
                      "duration": 12586,
                      "error": {
                        "message": "TimeoutError: locator.fill: Timeout 10000ms exceeded.\nCall log:\n\u001b[2m  - waiting for getByLabel(/E-mail/i)\u001b[22m\n",
                        "stack": "TimeoutError: locator.fill: Timeout 10000ms exceeded.\nCall log:\n\u001b[2m  - waiting for getByLabel(/E-mail/i)\u001b[22m\n\n    at /Users/Lucas-Lenovo/Documents/Documentos/Portal dos Eletricistas/tests/e2e/04-catalogo.spec.ts:206:42",
                        "location": {
                          "file": "/Users/Lucas-Lenovo/Documents/Documentos/Portal dos Eletricistas/tests/e2e/04-catalogo.spec.ts",
                          "column": 42,
                          "line": 206
                        },
                        "snippet": "  204 |     test.beforeEach(async ({ page }) => {\n  205 |         await page.goto('/login');\n> 206 |         await page.getByLabel(/E-mail/i).fill('teste@example.com');\n      |                                          ^\n  207 |         await page.getByLabel(/Senha/i).fill('Teste@123');\n  208 |         await page.getByRole('button', { name: /Entrar/i }).click();\n  209 |         await page.waitForTimeout(2000);"
                      },
                      "errors": [
                        {
                          "location": {
                            "file": "/Users/Lucas-Lenovo/Documents/Documentos/Portal dos Eletricistas/tests/e2e/04-catalogo.spec.ts",
                            "column": 42,
                            "line": 206
                          },
                          "message": "TimeoutError: locator.fill: Timeout 10000ms exceeded.\nCall log:\n\u001b[2m  - waiting for getByLabel(/E-mail/i)\u001b[22m\n\n\n  204 |     test.beforeEach(async ({ page }) => {\n  205 |         await page.goto('/login');\n> 206 |         await page.getByLabel(/E-mail/i).fill('teste@example.com');\n      |                                          ^\n  207 |         await page.getByLabel(/Senha/i).fill('Teste@123');\n  208 |         await page.getByRole('button', { name: /Entrar/i }).click();\n  209 |         await page.waitForTimeout(2000);\n    at /Users/Lucas-Lenovo/Documents/Documentos/Portal dos Eletricistas/tests/e2e/04-catalogo.spec.ts:206:42"
                        }
                      ],
                      "stdout": [],
                      "stderr": [],
                      "retry": 0,
                      "startTime": "2026-01-30T04:14:00.079Z",
                      "annotations": [],
                      "attachments": [
                        {
                          "name": "screenshot",
                          "contentType": "image/png",
                          "path": "/Users/Lucas-Lenovo/Documents/Documentos/Portal dos Eletricistas/test-results/04-catalogo-Filtros-e-Orde-195d4-mitir-filtrar-por-categoria-chromium/test-failed-1.png"
                        },
                        {
                          "name": "video",
                          "contentType": "video/webm",
                          "path": "/Users/Lucas-Lenovo/Documents/Documentos/Portal dos Eletricistas/test-results/04-catalogo-Filtros-e-Orde-195d4-mitir-filtrar-por-categoria-chromium/video.webm"
                        },
                        {
                          "name": "error-context",
                          "contentType": "text/markdown",
                          "path": "/Users/Lucas-Lenovo/Documents/Documentos/Portal dos Eletricistas/test-results/04-catalogo-Filtros-e-Orde-195d4-mitir-filtrar-por-categoria-chromium/error-context.md"
                        }
                      ],
                      "errorLocation": {
                        "file": "/Users/Lucas-Lenovo/Documents/Documentos/Portal dos Eletricistas/tests/e2e/04-catalogo.spec.ts",
                        "column": 42,
                        "line": 206
                      }
                    }
                  ],
                  "status": "unexpected"
                }
              ],
              "id": "2cef23054c74e18a00e2-c6a003918dca10fd2fcd",
              "file": "04-catalogo.spec.ts",
              "line": 229,
              "column": 9
            }
          ]
        }
      ]
    },
    {
      "title": "05-orcamentos.spec.ts",
      "file": "05-orcamentos.spec.ts",
      "column": 0,
      "line": 0,
      "specs": [],
      "suites": [
        {
          "title": "Criação de Orçamentos",
          "file": "05-orcamentos.spec.ts",
          "line": 8,
          "column": 6,
          "specs": [
            {
              "title": "deve permitir criar novo orçamento",
              "ok": false,
              "tags": [],
              "tests": [
                {
                  "timeout": 30000,
                  "annotations": [],
                  "expectedStatus": "passed",
                  "projectId": "chromium",
                  "projectName": "chromium",
                  "results": [
                    {
                      "workerIndex": 30,
                      "parallelIndex": 3,
                      "status": "failed",
                      "duration": 12515,
                      "error": {
                        "message": "TimeoutError: locator.fill: Timeout 10000ms exceeded.\nCall log:\n\u001b[2m  - waiting for getByLabel(/E-mail/i)\u001b[22m\n",
                        "stack": "TimeoutError: locator.fill: Timeout 10000ms exceeded.\nCall log:\n\u001b[2m  - waiting for getByLabel(/E-mail/i)\u001b[22m\n\n    at /Users/Lucas-Lenovo/Documents/Documentos/Portal dos Eletricistas/tests/e2e/05-orcamentos.spec.ts:13:42",
                        "location": {
                          "file": "/Users/Lucas-Lenovo/Documents/Documentos/Portal dos Eletricistas/tests/e2e/05-orcamentos.spec.ts",
                          "column": 42,
                          "line": 13
                        },
                        "snippet": "  11 |         // Login\n  12 |         await page.goto('/login');\n> 13 |         await page.getByLabel(/E-mail/i).fill('teste@example.com');\n     |                                          ^\n  14 |         await page.getByLabel(/Senha/i).fill('Teste@123');\n  15 |         await page.getByRole('button', { name: /Entrar/i }).click();\n  16 |         await page.waitForTimeout(2000);"
                      },
                      "errors": [
                        {
                          "location": {
                            "file": "/Users/Lucas-Lenovo/Documents/Documentos/Portal dos Eletricistas/tests/e2e/05-orcamentos.spec.ts",
                            "column": 42,
                            "line": 13
                          },
                          "message": "TimeoutError: locator.fill: Timeout 10000ms exceeded.\nCall log:\n\u001b[2m  - waiting for getByLabel(/E-mail/i)\u001b[22m\n\n\n  11 |         // Login\n  12 |         await page.goto('/login');\n> 13 |         await page.getByLabel(/E-mail/i).fill('teste@example.com');\n     |                                          ^\n  14 |         await page.getByLabel(/Senha/i).fill('Teste@123');\n  15 |         await page.getByRole('button', { name: /Entrar/i }).click();\n  16 |         await page.waitForTimeout(2000);\n    at /Users/Lucas-Lenovo/Documents/Documentos/Portal dos Eletricistas/tests/e2e/05-orcamentos.spec.ts:13:42"
                        }
                      ],
                      "stdout": [],
                      "stderr": [],
                      "retry": 0,
                      "startTime": "2026-01-30T04:14:01.569Z",
                      "annotations": [],
                      "attachments": [
                        {
                          "name": "screenshot",
                          "contentType": "image/png",
                          "path": "/Users/Lucas-Lenovo/Documents/Documentos/Portal dos Eletricistas/test-results/05-orcamentos-Criação-de-O-ad4d8-rmitir-criar-novo-orçamento-chromium/test-failed-1.png"
                        },
                        {
                          "name": "video",
                          "contentType": "video/webm",
                          "path": "/Users/Lucas-Lenovo/Documents/Documentos/Portal dos Eletricistas/test-results/05-orcamentos-Criação-de-O-ad4d8-rmitir-criar-novo-orçamento-chromium/video.webm"
                        },
                        {
                          "name": "error-context",
                          "contentType": "text/markdown",
                          "path": "/Users/Lucas-Lenovo/Documents/Documentos/Portal dos Eletricistas/test-results/05-orcamentos-Criação-de-O-ad4d8-rmitir-criar-novo-orçamento-chromium/error-context.md"
                        }
                      ],
                      "errorLocation": {
                        "file": "/Users/Lucas-Lenovo/Documents/Documentos/Portal dos Eletricistas/tests/e2e/05-orcamentos.spec.ts",
                        "column": 42,
                        "line": 13
                      }
                    }
                  ],
                  "status": "unexpected"
                }
              ],
              "id": "1548cc026ed8a26302ac-0db10a0d075f349f2890",
              "file": "05-orcamentos.spec.ts",
              "line": 19,
              "column": 9
            },
            {
              "title": "deve permitir buscar e adicionar produtos ao orçamento",
              "ok": false,
              "tags": [],
              "tests": [
                {
                  "timeout": 30000,
                  "annotations": [],
                  "expectedStatus": "passed",
                  "projectId": "chromium",
                  "projectName": "chromium",
                  "results": [
                    {
                      "workerIndex": 31,
                      "parallelIndex": 4,
                      "status": "failed",
                      "duration": 12313,
                      "error": {
                        "message": "TimeoutError: locator.fill: Timeout 10000ms exceeded.\nCall log:\n\u001b[2m  - waiting for getByLabel(/E-mail/i)\u001b[22m\n",
                        "stack": "TimeoutError: locator.fill: Timeout 10000ms exceeded.\nCall log:\n\u001b[2m  - waiting for getByLabel(/E-mail/i)\u001b[22m\n\n    at /Users/Lucas-Lenovo/Documents/Documentos/Portal dos Eletricistas/tests/e2e/05-orcamentos.spec.ts:13:42",
                        "location": {
                          "file": "/Users/Lucas-Lenovo/Documents/Documentos/Portal dos Eletricistas/tests/e2e/05-orcamentos.spec.ts",
                          "column": 42,
                          "line": 13
                        },
                        "snippet": "  11 |         // Login\n  12 |         await page.goto('/login');\n> 13 |         await page.getByLabel(/E-mail/i).fill('teste@example.com');\n     |                                          ^\n  14 |         await page.getByLabel(/Senha/i).fill('Teste@123');\n  15 |         await page.getByRole('button', { name: /Entrar/i }).click();\n  16 |         await page.waitForTimeout(2000);"
                      },
                      "errors": [
                        {
                          "location": {
                            "file": "/Users/Lucas-Lenovo/Documents/Documentos/Portal dos Eletricistas/tests/e2e/05-orcamentos.spec.ts",
                            "column": 42,
                            "line": 13
                          },
                          "message": "TimeoutError: locator.fill: Timeout 10000ms exceeded.\nCall log:\n\u001b[2m  - waiting for getByLabel(/E-mail/i)\u001b[22m\n\n\n  11 |         // Login\n  12 |         await page.goto('/login');\n> 13 |         await page.getByLabel(/E-mail/i).fill('teste@example.com');\n     |                                          ^\n  14 |         await page.getByLabel(/Senha/i).fill('Teste@123');\n  15 |         await page.getByRole('button', { name: /Entrar/i }).click();\n  16 |         await page.waitForTimeout(2000);\n    at /Users/Lucas-Lenovo/Documents/Documentos/Portal dos Eletricistas/tests/e2e/05-orcamentos.spec.ts:13:42"
                        }
                      ],
                      "stdout": [],
                      "stderr": [],
                      "retry": 0,
                      "startTime": "2026-01-30T04:14:05.863Z",
                      "annotations": [],
                      "attachments": [
                        {
                          "name": "screenshot",
                          "contentType": "image/png",
                          "path": "/Users/Lucas-Lenovo/Documents/Documentos/Portal dos Eletricistas/test-results/05-orcamentos-Criação-de-O-3528a-ionar-produtos-ao-orçamento-chromium/test-failed-1.png"
                        },
                        {
                          "name": "video",
                          "contentType": "video/webm",
                          "path": "/Users/Lucas-Lenovo/Documents/Documentos/Portal dos Eletricistas/test-results/05-orcamentos-Criação-de-O-3528a-ionar-produtos-ao-orçamento-chromium/video.webm"
                        },
                        {
                          "name": "error-context",
                          "contentType": "text/markdown",
                          "path": "/Users/Lucas-Lenovo/Documents/Documentos/Portal dos Eletricistas/test-results/05-orcamentos-Criação-de-O-3528a-ionar-produtos-ao-orçamento-chromium/error-context.md"
                        }
                      ],
                      "errorLocation": {
                        "file": "/Users/Lucas-Lenovo/Documents/Documentos/Portal dos Eletricistas/tests/e2e/05-orcamentos.spec.ts",
                        "column": 42,
                        "line": 13
                      }
                    }
                  ],
                  "status": "unexpected"
                }
              ],
              "id": "1548cc026ed8a26302ac-b410bf7eb9e5fd27d4b0",
              "file": "05-orcamentos.spec.ts",
              "line": 28,
              "column": 9
            },
            {
              "title": "deve permitir definir quantidade de produtos",
              "ok": false,
              "tags": [],
              "tests": [
                {
                  "timeout": 30000,
                  "annotations": [],
                  "expectedStatus": "passed",
                  "projectId": "chromium",
                  "projectName": "chromium",
                  "results": [
                    {
                      "workerIndex": 32,
                      "parallelIndex": 2,
                      "status": "failed",
                      "duration": 11839,
                      "error": {
                        "message": "TimeoutError: locator.fill: Timeout 10000ms exceeded.\nCall log:\n\u001b[2m  - waiting for getByLabel(/E-mail/i)\u001b[22m\n",
                        "stack": "TimeoutError: locator.fill: Timeout 10000ms exceeded.\nCall log:\n\u001b[2m  - waiting for getByLabel(/E-mail/i)\u001b[22m\n\n    at /Users/Lucas-Lenovo/Documents/Documentos/Portal dos Eletricistas/tests/e2e/05-orcamentos.spec.ts:13:42",
                        "location": {
                          "file": "/Users/Lucas-Lenovo/Documents/Documentos/Portal dos Eletricistas/tests/e2e/05-orcamentos.spec.ts",
                          "column": 42,
                          "line": 13
                        },
                        "snippet": "  11 |         // Login\n  12 |         await page.goto('/login');\n> 13 |         await page.getByLabel(/E-mail/i).fill('teste@example.com');\n     |                                          ^\n  14 |         await page.getByLabel(/Senha/i).fill('Teste@123');\n  15 |         await page.getByRole('button', { name: /Entrar/i }).click();\n  16 |         await page.waitForTimeout(2000);"
                      },
                      "errors": [
                        {
                          "location": {
                            "file": "/Users/Lucas-Lenovo/Documents/Documentos/Portal dos Eletricistas/tests/e2e/05-orcamentos.spec.ts",
                            "column": 42,
                            "line": 13
                          },
                          "message": "TimeoutError: locator.fill: Timeout 10000ms exceeded.\nCall log:\n\u001b[2m  - waiting for getByLabel(/E-mail/i)\u001b[22m\n\n\n  11 |         // Login\n  12 |         await page.goto('/login');\n> 13 |         await page.getByLabel(/E-mail/i).fill('teste@example.com');\n     |                                          ^\n  14 |         await page.getByLabel(/Senha/i).fill('Teste@123');\n  15 |         await page.getByRole('button', { name: /Entrar/i }).click();\n  16 |         await page.waitForTimeout(2000);\n    at /Users/Lucas-Lenovo/Documents/Documentos/Portal dos Eletricistas/tests/e2e/05-orcamentos.spec.ts:13:42"
                        }
                      ],
                      "stdout": [],
                      "stderr": [],
                      "retry": 0,
                      "startTime": "2026-01-30T04:14:08.686Z",
                      "annotations": [],
                      "attachments": [
                        {
                          "name": "screenshot",
                          "contentType": "image/png",
                          "path": "/Users/Lucas-Lenovo/Documents/Documentos/Portal dos Eletricistas/test-results/05-orcamentos-Criação-de-O-bd6c1-inir-quantidade-de-produtos-chromium/test-failed-1.png"
                        },
                        {
                          "name": "video",
                          "contentType": "video/webm",
                          "path": "/Users/Lucas-Lenovo/Documents/Documentos/Portal dos Eletricistas/test-results/05-orcamentos-Criação-de-O-bd6c1-inir-quantidade-de-produtos-chromium/video.webm"
                        },
                        {
                          "name": "error-context",
                          "contentType": "text/markdown",
                          "path": "/Users/Lucas-Lenovo/Documents/Documentos/Portal dos Eletricistas/test-results/05-orcamentos-Criação-de-O-bd6c1-inir-quantidade-de-produtos-chromium/error-context.md"
                        }
                      ],
                      "errorLocation": {
                        "file": "/Users/Lucas-Lenovo/Documents/Documentos/Portal dos Eletricistas/tests/e2e/05-orcamentos.spec.ts",
                        "column": 42,
                        "line": 13
                      }
                    }
                  ],
                  "status": "unexpected"
                }
              ],
              "id": "1548cc026ed8a26302ac-523599711d7d48347f6e",
              "file": "05-orcamentos.spec.ts",
              "line": 46,
              "column": 9
            },
            {
              "title": "deve calcular subtotal automaticamente",
              "ok": false,
              "tags": [],
              "tests": [
                {
                  "timeout": 30000,
                  "annotations": [],
                  "expectedStatus": "passed",
                  "projectId": "chromium",
                  "projectName": "chromium",
                  "results": [
                    {
                      "workerIndex": 33,
                      "parallelIndex": 0,
                      "status": "failed",
                      "duration": 11981,
                      "error": {
                        "message": "TimeoutError: locator.fill: Timeout 10000ms exceeded.\nCall log:\n\u001b[2m  - waiting for getByLabel(/E-mail/i)\u001b[22m\n",
                        "stack": "TimeoutError: locator.fill: Timeout 10000ms exceeded.\nCall log:\n\u001b[2m  - waiting for getByLabel(/E-mail/i)\u001b[22m\n\n    at /Users/Lucas-Lenovo/Documents/Documentos/Portal dos Eletricistas/tests/e2e/05-orcamentos.spec.ts:13:42",
                        "location": {
                          "file": "/Users/Lucas-Lenovo/Documents/Documentos/Portal dos Eletricistas/tests/e2e/05-orcamentos.spec.ts",
                          "column": 42,
                          "line": 13
                        },
                        "snippet": "  11 |         // Login\n  12 |         await page.goto('/login');\n> 13 |         await page.getByLabel(/E-mail/i).fill('teste@example.com');\n     |                                          ^\n  14 |         await page.getByLabel(/Senha/i).fill('Teste@123');\n  15 |         await page.getByRole('button', { name: /Entrar/i }).click();\n  16 |         await page.waitForTimeout(2000);"
                      },
                      "errors": [
                        {
                          "location": {
                            "file": "/Users/Lucas-Lenovo/Documents/Documentos/Portal dos Eletricistas/tests/e2e/05-orcamentos.spec.ts",
                            "column": 42,
                            "line": 13
                          },
                          "message": "TimeoutError: locator.fill: Timeout 10000ms exceeded.\nCall log:\n\u001b[2m  - waiting for getByLabel(/E-mail/i)\u001b[22m\n\n\n  11 |         // Login\n  12 |         await page.goto('/login');\n> 13 |         await page.getByLabel(/E-mail/i).fill('teste@example.com');\n     |                                          ^\n  14 |         await page.getByLabel(/Senha/i).fill('Teste@123');\n  15 |         await page.getByRole('button', { name: /Entrar/i }).click();\n  16 |         await page.waitForTimeout(2000);\n    at /Users/Lucas-Lenovo/Documents/Documentos/Portal dos Eletricistas/tests/e2e/05-orcamentos.spec.ts:13:42"
                        }
                      ],
                      "stdout": [],
                      "stderr": [],
                      "retry": 0,
                      "startTime": "2026-01-30T04:14:14.329Z",
                      "annotations": [],
                      "attachments": [
                        {
                          "name": "screenshot",
                          "contentType": "image/png",
                          "path": "/Users/Lucas-Lenovo/Documents/Documentos/Portal dos Eletricistas/test-results/05-orcamentos-Criação-de-O-03f54-ar-subtotal-automaticamente-chromium/test-failed-1.png"
                        },
                        {
                          "name": "video",
                          "contentType": "video/webm",
                          "path": "/Users/Lucas-Lenovo/Documents/Documentos/Portal dos Eletricistas/test-results/05-orcamentos-Criação-de-O-03f54-ar-subtotal-automaticamente-chromium/video.webm"
                        },
                        {
                          "name": "error-context",
                          "contentType": "text/markdown",
                          "path": "/Users/Lucas-Lenovo/Documents/Documentos/Portal dos Eletricistas/test-results/05-orcamentos-Criação-de-O-03f54-ar-subtotal-automaticamente-chromium/error-context.md"
                        }
                      ],
                      "errorLocation": {
                        "file": "/Users/Lucas-Lenovo/Documents/Documentos/Portal dos Eletricistas/tests/e2e/05-orcamentos.spec.ts",
                        "column": 42,
                        "line": 13
                      }
                    }
                  ],
                  "status": "unexpected"
                }
              ],
              "id": "1548cc026ed8a26302ac-9af421681fda1de6a20f",
              "file": "05-orcamentos.spec.ts",
              "line": 69,
              "column": 9
            },
            {
              "title": "deve permitir preencher dados do cliente",
              "ok": false,
              "tags": [],
              "tests": [
                {
                  "timeout": 30000,
                  "annotations": [],
                  "expectedStatus": "passed",
                  "projectId": "chromium",
                  "projectName": "chromium",
                  "results": [
                    {
                      "workerIndex": 34,
                      "parallelIndex": 1,
                      "status": "failed",
                      "duration": 11929,
                      "error": {
                        "message": "TimeoutError: locator.fill: Timeout 10000ms exceeded.\nCall log:\n\u001b[2m  - waiting for getByLabel(/E-mail/i)\u001b[22m\n",
                        "stack": "TimeoutError: locator.fill: Timeout 10000ms exceeded.\nCall log:\n\u001b[2m  - waiting for getByLabel(/E-mail/i)\u001b[22m\n\n    at /Users/Lucas-Lenovo/Documents/Documentos/Portal dos Eletricistas/tests/e2e/05-orcamentos.spec.ts:13:42",
                        "location": {
                          "file": "/Users/Lucas-Lenovo/Documents/Documentos/Portal dos Eletricistas/tests/e2e/05-orcamentos.spec.ts",
                          "column": 42,
                          "line": 13
                        },
                        "snippet": "  11 |         // Login\n  12 |         await page.goto('/login');\n> 13 |         await page.getByLabel(/E-mail/i).fill('teste@example.com');\n     |                                          ^\n  14 |         await page.getByLabel(/Senha/i).fill('Teste@123');\n  15 |         await page.getByRole('button', { name: /Entrar/i }).click();\n  16 |         await page.waitForTimeout(2000);"
                      },
                      "errors": [
                        {
                          "location": {
                            "file": "/Users/Lucas-Lenovo/Documents/Documentos/Portal dos Eletricistas/tests/e2e/05-orcamentos.spec.ts",
                            "column": 42,
                            "line": 13
                          },
                          "message": "TimeoutError: locator.fill: Timeout 10000ms exceeded.\nCall log:\n\u001b[2m  - waiting for getByLabel(/E-mail/i)\u001b[22m\n\n\n  11 |         // Login\n  12 |         await page.goto('/login');\n> 13 |         await page.getByLabel(/E-mail/i).fill('teste@example.com');\n     |                                          ^\n  14 |         await page.getByLabel(/Senha/i).fill('Teste@123');\n  15 |         await page.getByRole('button', { name: /Entrar/i }).click();\n  16 |         await page.waitForTimeout(2000);\n    at /Users/Lucas-Lenovo/Documents/Documentos/Portal dos Eletricistas/tests/e2e/05-orcamentos.spec.ts:13:42"
                        }
                      ],
                      "stdout": [],
                      "stderr": [],
                      "retry": 0,
                      "startTime": "2026-01-30T04:14:15.064Z",
                      "annotations": [],
                      "attachments": [
                        {
                          "name": "screenshot",
                          "contentType": "image/png",
                          "path": "/Users/Lucas-Lenovo/Documents/Documentos/Portal dos Eletricistas/test-results/05-orcamentos-Criação-de-O-670e2--preencher-dados-do-cliente-chromium/test-failed-1.png"
                        },
                        {
                          "name": "video",
                          "contentType": "video/webm",
                          "path": "/Users/Lucas-Lenovo/Documents/Documentos/Portal dos Eletricistas/test-results/05-orcamentos-Criação-de-O-670e2--preencher-dados-do-cliente-chromium/video.webm"
                        },
                        {
                          "name": "error-context",
                          "contentType": "text/markdown",
                          "path": "/Users/Lucas-Lenovo/Documents/Documentos/Portal dos Eletricistas/test-results/05-orcamentos-Criação-de-O-670e2--preencher-dados-do-cliente-chromium/error-context.md"
                        }
                      ],
                      "errorLocation": {
                        "file": "/Users/Lucas-Lenovo/Documents/Documentos/Portal dos Eletricistas/tests/e2e/05-orcamentos.spec.ts",
                        "column": 42,
                        "line": 13
                      }
                    }
                  ],
                  "status": "unexpected"
                }
              ],
              "id": "1548cc026ed8a26302ac-0f1421755c57e3346d02",
              "file": "05-orcamentos.spec.ts",
              "line": 90,
              "column": 9
            },
            {
              "title": "deve permitir adicionar mão de obra",
              "ok": false,
              "tags": [],
              "tests": [
                {
                  "timeout": 30000,
                  "annotations": [],
                  "expectedStatus": "passed",
                  "projectId": "chromium",
                  "projectName": "chromium",
                  "results": [
                    {
                      "workerIndex": 35,
                      "parallelIndex": 3,
                      "status": "failed",
                      "duration": 11895,
                      "error": {
                        "message": "TimeoutError: locator.fill: Timeout 10000ms exceeded.\nCall log:\n\u001b[2m  - waiting for getByLabel(/E-mail/i)\u001b[22m\n",
                        "stack": "TimeoutError: locator.fill: Timeout 10000ms exceeded.\nCall log:\n\u001b[2m  - waiting for getByLabel(/E-mail/i)\u001b[22m\n\n    at /Users/Lucas-Lenovo/Documents/Documentos/Portal dos Eletricistas/tests/e2e/05-orcamentos.spec.ts:13:42",
                        "location": {
                          "file": "/Users/Lucas-Lenovo/Documents/Documentos/Portal dos Eletricistas/tests/e2e/05-orcamentos.spec.ts",
                          "column": 42,
                          "line": 13
                        },
                        "snippet": "  11 |         // Login\n  12 |         await page.goto('/login');\n> 13 |         await page.getByLabel(/E-mail/i).fill('teste@example.com');\n     |                                          ^\n  14 |         await page.getByLabel(/Senha/i).fill('Teste@123');\n  15 |         await page.getByRole('button', { name: /Entrar/i }).click();\n  16 |         await page.waitForTimeout(2000);"
                      },
                      "errors": [
                        {
                          "location": {
                            "file": "/Users/Lucas-Lenovo/Documents/Documentos/Portal dos Eletricistas/tests/e2e/05-orcamentos.spec.ts",
                            "column": 42,
                            "line": 13
                          },
                          "message": "TimeoutError: locator.fill: Timeout 10000ms exceeded.\nCall log:\n\u001b[2m  - waiting for getByLabel(/E-mail/i)\u001b[22m\n\n\n  11 |         // Login\n  12 |         await page.goto('/login');\n> 13 |         await page.getByLabel(/E-mail/i).fill('teste@example.com');\n     |                                          ^\n  14 |         await page.getByLabel(/Senha/i).fill('Teste@123');\n  15 |         await page.getByRole('button', { name: /Entrar/i }).click();\n  16 |         await page.waitForTimeout(2000);\n    at /Users/Lucas-Lenovo/Documents/Documentos/Portal dos Eletricistas/tests/e2e/05-orcamentos.spec.ts:13:42"
                        }
                      ],
                      "stdout": [],
                      "stderr": [],
                      "retry": 0,
                      "startTime": "2026-01-30T04:14:16.490Z",
                      "annotations": [],
                      "attachments": [
                        {
                          "name": "screenshot",
                          "contentType": "image/png",
                          "path": "/Users/Lucas-Lenovo/Documents/Documentos/Portal dos Eletricistas/test-results/05-orcamentos-Criação-de-O-8553a-mitir-adicionar-mão-de-obra-chromium/test-failed-1.png"
                        },
                        {
                          "name": "video",
                          "contentType": "video/webm",
                          "path": "/Users/Lucas-Lenovo/Documents/Documentos/Portal dos Eletricistas/test-results/05-orcamentos-Criação-de-O-8553a-mitir-adicionar-mão-de-obra-chromium/video.webm"
                        },
                        {
                          "name": "error-context",
                          "contentType": "text/markdown",
                          "path": "/Users/Lucas-Lenovo/Documents/Documentos/Portal dos Eletricistas/test-results/05-orcamentos-Criação-de-O-8553a-mitir-adicionar-mão-de-obra-chromium/error-context.md"
                        }
                      ],
                      "errorLocation": {
                        "file": "/Users/Lucas-Lenovo/Documents/Documentos/Portal dos Eletricistas/tests/e2e/05-orcamentos.spec.ts",
                        "column": 42,
                        "line": 13
                      }
                    }
                  ],
                  "status": "unexpected"
                }
              ],
              "id": "1548cc026ed8a26302ac-c3580dc461983a027fad",
              "file": "05-orcamentos.spec.ts",
              "line": 106,
              "column": 9
            },
            {
              "title": "deve permitir salvar orçamento como rascunho",
              "ok": false,
              "tags": [],
              "tests": [
                {
                  "timeout": 30000,
                  "annotations": [],
                  "expectedStatus": "passed",
                  "projectId": "chromium",
                  "projectName": "chromium",
                  "results": [
                    {
                      "workerIndex": 36,
                      "parallelIndex": 4,
                      "status": "failed",
                      "duration": 12234,
                      "error": {
                        "message": "TimeoutError: locator.fill: Timeout 10000ms exceeded.\nCall log:\n\u001b[2m  - waiting for getByLabel(/E-mail/i)\u001b[22m\n",
                        "stack": "TimeoutError: locator.fill: Timeout 10000ms exceeded.\nCall log:\n\u001b[2m  - waiting for getByLabel(/E-mail/i)\u001b[22m\n\n    at /Users/Lucas-Lenovo/Documents/Documentos/Portal dos Eletricistas/tests/e2e/05-orcamentos.spec.ts:13:42",
                        "location": {
                          "file": "/Users/Lucas-Lenovo/Documents/Documentos/Portal dos Eletricistas/tests/e2e/05-orcamentos.spec.ts",
                          "column": 42,
                          "line": 13
                        },
                        "snippet": "  11 |         // Login\n  12 |         await page.goto('/login');\n> 13 |         await page.getByLabel(/E-mail/i).fill('teste@example.com');\n     |                                          ^\n  14 |         await page.getByLabel(/Senha/i).fill('Teste@123');\n  15 |         await page.getByRole('button', { name: /Entrar/i }).click();\n  16 |         await page.waitForTimeout(2000);"
                      },
                      "errors": [
                        {
                          "location": {
                            "file": "/Users/Lucas-Lenovo/Documents/Documentos/Portal dos Eletricistas/tests/e2e/05-orcamentos.spec.ts",
                            "column": 42,
                            "line": 13
                          },
                          "message": "TimeoutError: locator.fill: Timeout 10000ms exceeded.\nCall log:\n\u001b[2m  - waiting for getByLabel(/E-mail/i)\u001b[22m\n\n\n  11 |         // Login\n  12 |         await page.goto('/login');\n> 13 |         await page.getByLabel(/E-mail/i).fill('teste@example.com');\n     |                                          ^\n  14 |         await page.getByLabel(/Senha/i).fill('Teste@123');\n  15 |         await page.getByRole('button', { name: /Entrar/i }).click();\n  16 |         await page.waitForTimeout(2000);\n    at /Users/Lucas-Lenovo/Documents/Documentos/Portal dos Eletricistas/tests/e2e/05-orcamentos.spec.ts:13:42"
                        }
                      ],
                      "stdout": [],
                      "stderr": [],
                      "retry": 0,
                      "startTime": "2026-01-30T04:14:19.378Z",
                      "annotations": [],
                      "attachments": [
                        {
                          "name": "screenshot",
                          "contentType": "image/png",
                          "path": "/Users/Lucas-Lenovo/Documents/Documentos/Portal dos Eletricistas/test-results/05-orcamentos-Criação-de-O-1f97c-var-orçamento-como-rascunho-chromium/test-failed-1.png"
                        },
                        {
                          "name": "video",
                          "contentType": "video/webm",
                          "path": "/Users/Lucas-Lenovo/Documents/Documentos/Portal dos Eletricistas/test-results/05-orcamentos-Criação-de-O-1f97c-var-orçamento-como-rascunho-chromium/video.webm"
                        },
                        {
                          "name": "error-context",
                          "contentType": "text/markdown",
                          "path": "/Users/Lucas-Lenovo/Documents/Documentos/Portal dos Eletricistas/test-results/05-orcamentos-Criação-de-O-1f97c-var-orçamento-como-rascunho-chromium/error-context.md"
                        }
                      ],
                      "errorLocation": {
                        "file": "/Users/Lucas-Lenovo/Documents/Documentos/Portal dos Eletricistas/tests/e2e/05-orcamentos.spec.ts",
                        "column": 42,
                        "line": 13
                      }
                    }
                  ],
                  "status": "unexpected"
                }
              ],
              "id": "1548cc026ed8a26302ac-91dea58998d9eaed05f5",
              "file": "05-orcamentos.spec.ts",
              "line": 123,
              "column": 9
            },
            {
              "title": "deve permitir adicionar produto externo",
              "ok": false,
              "tags": [],
              "tests": [
                {
                  "timeout": 30000,
                  "annotations": [],
                  "expectedStatus": "passed",
                  "projectId": "chromium",
                  "projectName": "chromium",
                  "results": [
                    {
                      "workerIndex": 37,
                      "parallelIndex": 2,
                      "status": "failed",
                      "duration": 15378,
                      "error": {
                        "message": "TimeoutError: locator.fill: Timeout 10000ms exceeded.\nCall log:\n\u001b[2m  - waiting for getByLabel(/E-mail/i)\u001b[22m\n",
                        "stack": "TimeoutError: locator.fill: Timeout 10000ms exceeded.\nCall log:\n\u001b[2m  - waiting for getByLabel(/E-mail/i)\u001b[22m\n\n    at /Users/Lucas-Lenovo/Documents/Documentos/Portal dos Eletricistas/tests/e2e/05-orcamentos.spec.ts:13:42",
                        "location": {
                          "file": "/Users/Lucas-Lenovo/Documents/Documentos/Portal dos Eletricistas/tests/e2e/05-orcamentos.spec.ts",
                          "column": 42,
                          "line": 13
                        },
                        "snippet": "  11 |         // Login\n  12 |         await page.goto('/login');\n> 13 |         await page.getByLabel(/E-mail/i).fill('teste@example.com');\n     |                                          ^\n  14 |         await page.getByLabel(/Senha/i).fill('Teste@123');\n  15 |         await page.getByRole('button', { name: /Entrar/i }).click();\n  16 |         await page.waitForTimeout(2000);"
                      },
                      "errors": [
                        {
                          "location": {
                            "file": "/Users/Lucas-Lenovo/Documents/Documentos/Portal dos Eletricistas/tests/e2e/05-orcamentos.spec.ts",
                            "column": 42,
                            "line": 13
                          },
                          "message": "TimeoutError: locator.fill: Timeout 10000ms exceeded.\nCall log:\n\u001b[2m  - waiting for getByLabel(/E-mail/i)\u001b[22m\n\n\n  11 |         // Login\n  12 |         await page.goto('/login');\n> 13 |         await page.getByLabel(/E-mail/i).fill('teste@example.com');\n     |                                          ^\n  14 |         await page.getByLabel(/Senha/i).fill('Teste@123');\n  15 |         await page.getByRole('button', { name: /Entrar/i }).click();\n  16 |         await page.waitForTimeout(2000);\n    at /Users/Lucas-Lenovo/Documents/Documentos/Portal dos Eletricistas/tests/e2e/05-orcamentos.spec.ts:13:42"
                        }
                      ],
                      "stdout": [],
                      "stderr": [],
                      "retry": 0,
                      "startTime": "2026-01-30T04:14:21.522Z",
                      "annotations": [],
                      "attachments": [
                        {
                          "name": "screenshot",
                          "contentType": "image/png",
                          "path": "/Users/Lucas-Lenovo/Documents/Documentos/Portal dos Eletricistas/test-results/05-orcamentos-Criação-de-O-4135d-r-adicionar-produto-externo-chromium/test-failed-1.png"
                        },
                        {
                          "name": "video",
                          "contentType": "video/webm",
                          "path": "/Users/Lucas-Lenovo/Documents/Documentos/Portal dos Eletricistas/test-results/05-orcamentos-Criação-de-O-4135d-r-adicionar-produto-externo-chromium/video.webm"
                        },
                        {
                          "name": "error-context",
                          "contentType": "text/markdown",
                          "path": "/Users/Lucas-Lenovo/Documents/Documentos/Portal dos Eletricistas/test-results/05-orcamentos-Criação-de-O-4135d-r-adicionar-produto-externo-chromium/error-context.md"
                        }
                      ],
                      "errorLocation": {
                        "file": "/Users/Lucas-Lenovo/Documents/Documentos/Portal dos Eletricistas/tests/e2e/05-orcamentos.spec.ts",
                        "column": 42,
                        "line": 13
                      }
                    }
                  ],
                  "status": "unexpected"
                }
              ],
              "id": "1548cc026ed8a26302ac-8dd3b66c32e6c5e0b6ad",
              "file": "05-orcamentos.spec.ts",
              "line": 152,
              "column": 9
            }
          ]
        },
        {
          "title": "Gestão de Orçamentos",
          "file": "05-orcamentos.spec.ts",
          "line": 179,
          "column": 6,
          "specs": [
            {
              "title": "deve listar orçamentos existentes",
              "ok": false,
              "tags": [],
              "tests": [
                {
                  "timeout": 30000,
                  "annotations": [],
                  "expectedStatus": "passed",
                  "projectId": "chromium",
                  "projectName": "chromium",
                  "results": [
                    {
                      "workerIndex": 38,
                      "parallelIndex": 0,
                      "status": "failed",
                      "duration": 11977,
                      "error": {
                        "message": "TimeoutError: locator.fill: Timeout 10000ms exceeded.\nCall log:\n\u001b[2m  - waiting for getByLabel(/E-mail/i)\u001b[22m\n",
                        "stack": "TimeoutError: locator.fill: Timeout 10000ms exceeded.\nCall log:\n\u001b[2m  - waiting for getByLabel(/E-mail/i)\u001b[22m\n\n    at /Users/Lucas-Lenovo/Documents/Documentos/Portal dos Eletricistas/tests/e2e/05-orcamentos.spec.ts:184:42",
                        "location": {
                          "file": "/Users/Lucas-Lenovo/Documents/Documentos/Portal dos Eletricistas/tests/e2e/05-orcamentos.spec.ts",
                          "column": 42,
                          "line": 184
                        },
                        "snippet": "  182 |         // Login\n  183 |         await page.goto('/login');\n> 184 |         await page.getByLabel(/E-mail/i).fill('teste@example.com');\n      |                                          ^\n  185 |         await page.getByLabel(/Senha/i).fill('Teste@123');\n  186 |         await page.getByRole('button', { name: /Entrar/i }).click();\n  187 |         await page.waitForTimeout(2000);"
                      },
                      "errors": [
                        {
                          "location": {
                            "file": "/Users/Lucas-Lenovo/Documents/Documentos/Portal dos Eletricistas/tests/e2e/05-orcamentos.spec.ts",
                            "column": 42,
                            "line": 184
                          },
                          "message": "TimeoutError: locator.fill: Timeout 10000ms exceeded.\nCall log:\n\u001b[2m  - waiting for getByLabel(/E-mail/i)\u001b[22m\n\n\n  182 |         // Login\n  183 |         await page.goto('/login');\n> 184 |         await page.getByLabel(/E-mail/i).fill('teste@example.com');\n      |                                          ^\n  185 |         await page.getByLabel(/Senha/i).fill('Teste@123');\n  186 |         await page.getByRole('button', { name: /Entrar/i }).click();\n  187 |         await page.waitForTimeout(2000);\n    at /Users/Lucas-Lenovo/Documents/Documentos/Portal dos Eletricistas/tests/e2e/05-orcamentos.spec.ts:184:42"
                        }
                      ],
                      "stdout": [],
                      "stderr": [],
                      "retry": 0,
                      "startTime": "2026-01-30T04:14:27.164Z",
                      "annotations": [],
                      "attachments": [
                        {
                          "name": "screenshot",
                          "contentType": "image/png",
                          "path": "/Users/Lucas-Lenovo/Documents/Documentos/Portal dos Eletricistas/test-results/05-orcamentos-Gestão-de-Or-020bb-istar-orçamentos-existentes-chromium/test-failed-1.png"
                        },
                        {
                          "name": "video",
                          "contentType": "video/webm",
                          "path": "/Users/Lucas-Lenovo/Documents/Documentos/Portal dos Eletricistas/test-results/05-orcamentos-Gestão-de-Or-020bb-istar-orçamentos-existentes-chromium/video.webm"
                        },
                        {
                          "name": "error-context",
                          "contentType": "text/markdown",
                          "path": "/Users/Lucas-Lenovo/Documents/Documentos/Portal dos Eletricistas/test-results/05-orcamentos-Gestão-de-Or-020bb-istar-orçamentos-existentes-chromium/error-context.md"
                        }
                      ],
                      "errorLocation": {
                        "file": "/Users/Lucas-Lenovo/Documents/Documentos/Portal dos Eletricistas/tests/e2e/05-orcamentos.spec.ts",
                        "column": 42,
                        "line": 184
                      }
                    }
                  ],
                  "status": "unexpected"
                }
              ],
              "id": "1548cc026ed8a26302ac-6cf9083d0570cf7cf195",
              "file": "05-orcamentos.spec.ts",
              "line": 194,
              "column": 9
            },
            {
              "title": "deve exibir informações dos orçamentos na lista",
              "ok": false,
              "tags": [],
              "tests": [
                {
                  "timeout": 30000,
                  "annotations": [],
                  "expectedStatus": "passed",
                  "projectId": "chromium",
                  "projectName": "chromium",
                  "results": [
                    {
                      "workerIndex": 39,
                      "parallelIndex": 1,
                      "status": "failed",
                      "duration": 11923,
                      "error": {
                        "message": "TimeoutError: locator.fill: Timeout 10000ms exceeded.\nCall log:\n\u001b[2m  - waiting for getByLabel(/E-mail/i)\u001b[22m\n",
                        "stack": "TimeoutError: locator.fill: Timeout 10000ms exceeded.\nCall log:\n\u001b[2m  - waiting for getByLabel(/E-mail/i)\u001b[22m\n\n    at /Users/Lucas-Lenovo/Documents/Documentos/Portal dos Eletricistas/tests/e2e/05-orcamentos.spec.ts:184:42",
                        "location": {
                          "file": "/Users/Lucas-Lenovo/Documents/Documentos/Portal dos Eletricistas/tests/e2e/05-orcamentos.spec.ts",
                          "column": 42,
                          "line": 184
                        },
                        "snippet": "  182 |         // Login\n  183 |         await page.goto('/login');\n> 184 |         await page.getByLabel(/E-mail/i).fill('teste@example.com');\n      |                                          ^\n  185 |         await page.getByLabel(/Senha/i).fill('Teste@123');\n  186 |         await page.getByRole('button', { name: /Entrar/i }).click();\n  187 |         await page.waitForTimeout(2000);"
                      },
                      "errors": [
                        {
                          "location": {
                            "file": "/Users/Lucas-Lenovo/Documents/Documentos/Portal dos Eletricistas/tests/e2e/05-orcamentos.spec.ts",
                            "column": 42,
                            "line": 184
                          },
                          "message": "TimeoutError: locator.fill: Timeout 10000ms exceeded.\nCall log:\n\u001b[2m  - waiting for getByLabel(/E-mail/i)\u001b[22m\n\n\n  182 |         // Login\n  183 |         await page.goto('/login');\n> 184 |         await page.getByLabel(/E-mail/i).fill('teste@example.com');\n      |                                          ^\n  185 |         await page.getByLabel(/Senha/i).fill('Teste@123');\n  186 |         await page.getByRole('button', { name: /Entrar/i }).click();\n  187 |         await page.waitForTimeout(2000);\n    at /Users/Lucas-Lenovo/Documents/Documentos/Portal dos Eletricistas/tests/e2e/05-orcamentos.spec.ts:184:42"
                        }
                      ],
                      "stdout": [],
                      "stderr": [],
                      "retry": 0,
                      "startTime": "2026-01-30T04:14:27.971Z",
                      "annotations": [],
                      "attachments": [
                        {
                          "name": "screenshot",
                          "contentType": "image/png",
                          "path": "/Users/Lucas-Lenovo/Documents/Documentos/Portal dos Eletricistas/test-results/05-orcamentos-Gestão-de-Or-5ad98-ões-dos-orçamentos-na-lista-chromium/test-failed-1.png"
                        },
                        {
                          "name": "video",
                          "contentType": "video/webm",
                          "path": "/Users/Lucas-Lenovo/Documents/Documentos/Portal dos Eletricistas/test-results/05-orcamentos-Gestão-de-Or-5ad98-ões-dos-orçamentos-na-lista-chromium/video.webm"
                        },
                        {
                          "name": "error-context",
                          "contentType": "text/markdown",
                          "path": "/Users/Lucas-Lenovo/Documents/Documentos/Portal dos Eletricistas/test-results/05-orcamentos-Gestão-de-Or-5ad98-ões-dos-orçamentos-na-lista-chromium/error-context.md"
                        }
                      ],
                      "errorLocation": {
                        "file": "/Users/Lucas-Lenovo/Documents/Documentos/Portal dos Eletricistas/tests/e2e/05-orcamentos.spec.ts",
                        "column": 42,
                        "line": 184
                      }
                    }
                  ],
                  "status": "unexpected"
                }
              ],
              "id": "1548cc026ed8a26302ac-3890963deb07b1be2db4",
              "file": "05-orcamentos.spec.ts",
              "line": 205,
              "column": 9
            },
            {
              "title": "deve permitir visualizar detalhes de um orçamento",
              "ok": false,
              "tags": [],
              "tests": [
                {
                  "timeout": 30000,
                  "annotations": [],
                  "expectedStatus": "passed",
                  "projectId": "chromium",
                  "projectName": "chromium",
                  "results": [
                    {
                      "workerIndex": 40,
                      "parallelIndex": 3,
                      "status": "failed",
                      "duration": 12208,
                      "error": {
                        "message": "TimeoutError: locator.fill: Timeout 10000ms exceeded.\nCall log:\n\u001b[2m  - waiting for getByLabel(/E-mail/i)\u001b[22m\n",
                        "stack": "TimeoutError: locator.fill: Timeout 10000ms exceeded.\nCall log:\n\u001b[2m  - waiting for getByLabel(/E-mail/i)\u001b[22m\n\n    at /Users/Lucas-Lenovo/Documents/Documentos/Portal dos Eletricistas/tests/e2e/05-orcamentos.spec.ts:184:42",
                        "location": {
                          "file": "/Users/Lucas-Lenovo/Documents/Documentos/Portal dos Eletricistas/tests/e2e/05-orcamentos.spec.ts",
                          "column": 42,
                          "line": 184
                        },
                        "snippet": "  182 |         // Login\n  183 |         await page.goto('/login');\n> 184 |         await page.getByLabel(/E-mail/i).fill('teste@example.com');\n      |                                          ^\n  185 |         await page.getByLabel(/Senha/i).fill('Teste@123');\n  186 |         await page.getByRole('button', { name: /Entrar/i }).click();\n  187 |         await page.waitForTimeout(2000);"
                      },
                      "errors": [
                        {
                          "location": {
                            "file": "/Users/Lucas-Lenovo/Documents/Documentos/Portal dos Eletricistas/tests/e2e/05-orcamentos.spec.ts",
                            "column": 42,
                            "line": 184
                          },
                          "message": "TimeoutError: locator.fill: Timeout 10000ms exceeded.\nCall log:\n\u001b[2m  - waiting for getByLabel(/E-mail/i)\u001b[22m\n\n\n  182 |         // Login\n  183 |         await page.goto('/login');\n> 184 |         await page.getByLabel(/E-mail/i).fill('teste@example.com');\n      |                                          ^\n  185 |         await page.getByLabel(/Senha/i).fill('Teste@123');\n  186 |         await page.getByRole('button', { name: /Entrar/i }).click();\n  187 |         await page.waitForTimeout(2000);\n    at /Users/Lucas-Lenovo/Documents/Documentos/Portal dos Eletricistas/tests/e2e/05-orcamentos.spec.ts:184:42"
                        }
                      ],
                      "stdout": [],
                      "stderr": [],
                      "retry": 0,
                      "startTime": "2026-01-30T04:14:29.461Z",
                      "annotations": [],
                      "attachments": [
                        {
                          "name": "screenshot",
                          "contentType": "image/png",
                          "path": "/Users/Lucas-Lenovo/Documents/Documentos/Portal dos Eletricistas/test-results/05-orcamentos-Gestão-de-Or-b5ea5-ar-detalhes-de-um-orçamento-chromium/test-failed-1.png"
                        },
                        {
                          "name": "video",
                          "contentType": "video/webm",
                          "path": "/Users/Lucas-Lenovo/Documents/Documentos/Portal dos Eletricistas/test-results/05-orcamentos-Gestão-de-Or-b5ea5-ar-detalhes-de-um-orçamento-chromium/video.webm"
                        },
                        {
                          "name": "error-context",
                          "contentType": "text/markdown",
                          "path": "/Users/Lucas-Lenovo/Documents/Documentos/Portal dos Eletricistas/test-results/05-orcamentos-Gestão-de-Or-b5ea5-ar-detalhes-de-um-orçamento-chromium/error-context.md"
                        }
                      ],
                      "errorLocation": {
                        "file": "/Users/Lucas-Lenovo/Documents/Documentos/Portal dos Eletricistas/tests/e2e/05-orcamentos.spec.ts",
                        "column": 42,
                        "line": 184
                      }
                    }
                  ],
                  "status": "unexpected"
                }
              ],
              "id": "1548cc026ed8a26302ac-633eb2a13975972770e8",
              "file": "05-orcamentos.spec.ts",
              "line": 223,
              "column": 9
            },
            {
              "title": "deve permitir editar orçamento",
              "ok": false,
              "tags": [],
              "tests": [
                {
                  "timeout": 30000,
                  "annotations": [],
                  "expectedStatus": "passed",
                  "projectId": "chromium",
                  "projectName": "chromium",
                  "results": [
                    {
                      "workerIndex": 41,
                      "parallelIndex": 4,
                      "status": "failed",
                      "duration": 11892,
                      "error": {
                        "message": "TimeoutError: locator.fill: Timeout 10000ms exceeded.\nCall log:\n\u001b[2m  - waiting for getByLabel(/E-mail/i)\u001b[22m\n",
                        "stack": "TimeoutError: locator.fill: Timeout 10000ms exceeded.\nCall log:\n\u001b[2m  - waiting for getByLabel(/E-mail/i)\u001b[22m\n\n    at /Users/Lucas-Lenovo/Documents/Documentos/Portal dos Eletricistas/tests/e2e/05-orcamentos.spec.ts:184:42",
                        "location": {
                          "file": "/Users/Lucas-Lenovo/Documents/Documentos/Portal dos Eletricistas/tests/e2e/05-orcamentos.spec.ts",
                          "column": 42,
                          "line": 184
                        },
                        "snippet": "  182 |         // Login\n  183 |         await page.goto('/login');\n> 184 |         await page.getByLabel(/E-mail/i).fill('teste@example.com');\n      |                                          ^\n  185 |         await page.getByLabel(/Senha/i).fill('Teste@123');\n  186 |         await page.getByRole('button', { name: /Entrar/i }).click();\n  187 |         await page.waitForTimeout(2000);"
                      },
                      "errors": [
                        {
                          "location": {
                            "file": "/Users/Lucas-Lenovo/Documents/Documentos/Portal dos Eletricistas/tests/e2e/05-orcamentos.spec.ts",
                            "column": 42,
                            "line": 184
                          },
                          "message": "TimeoutError: locator.fill: Timeout 10000ms exceeded.\nCall log:\n\u001b[2m  - waiting for getByLabel(/E-mail/i)\u001b[22m\n\n\n  182 |         // Login\n  183 |         await page.goto('/login');\n> 184 |         await page.getByLabel(/E-mail/i).fill('teste@example.com');\n      |                                          ^\n  185 |         await page.getByLabel(/Senha/i).fill('Teste@123');\n  186 |         await page.getByRole('button', { name: /Entrar/i }).click();\n  187 |         await page.waitForTimeout(2000);\n    at /Users/Lucas-Lenovo/Documents/Documentos/Portal dos Eletricistas/tests/e2e/05-orcamentos.spec.ts:184:42"
                        }
                      ],
                      "stdout": [],
                      "stderr": [],
                      "retry": 0,
                      "startTime": "2026-01-30T04:14:32.841Z",
                      "annotations": [],
                      "attachments": [
                        {
                          "name": "screenshot",
                          "contentType": "image/png",
                          "path": "/Users/Lucas-Lenovo/Documents/Documentos/Portal dos Eletricistas/test-results/05-orcamentos-Gestão-de-Or-d6667-e-permitir-editar-orçamento-chromium/test-failed-1.png"
                        },
                        {
                          "name": "video",
                          "contentType": "video/webm",
                          "path": "/Users/Lucas-Lenovo/Documents/Documentos/Portal dos Eletricistas/test-results/05-orcamentos-Gestão-de-Or-d6667-e-permitir-editar-orçamento-chromium/video.webm"
                        },
                        {
                          "name": "error-context",
                          "contentType": "text/markdown",
                          "path": "/Users/Lucas-Lenovo/Documents/Documentos/Portal dos Eletricistas/test-results/05-orcamentos-Gestão-de-Or-d6667-e-permitir-editar-orçamento-chromium/error-context.md"
                        }
                      ],
                      "errorLocation": {
                        "file": "/Users/Lucas-Lenovo/Documents/Documentos/Portal dos Eletricistas/tests/e2e/05-orcamentos.spec.ts",
                        "column": 42,
                        "line": 184
                      }
                    }
                  ],
                  "status": "unexpected"
                }
              ],
              "id": "1548cc026ed8a26302ac-2824e4488084c87ba425",
              "file": "05-orcamentos.spec.ts",
              "line": 240,
              "column": 9
            },
            {
              "title": "deve permitir excluir orçamento",
              "ok": false,
              "tags": [],
              "tests": [
                {
                  "timeout": 30000,
                  "annotations": [],
                  "expectedStatus": "passed",
                  "projectId": "chromium",
                  "projectName": "chromium",
                  "results": [
                    {
                      "workerIndex": 42,
                      "parallelIndex": 2,
                      "status": "failed",
                      "duration": 12239,
                      "error": {
                        "message": "TimeoutError: locator.fill: Timeout 10000ms exceeded.\nCall log:\n\u001b[2m  - waiting for getByLabel(/E-mail/i)\u001b[22m\n",
                        "stack": "TimeoutError: locator.fill: Timeout 10000ms exceeded.\nCall log:\n\u001b[2m  - waiting for getByLabel(/E-mail/i)\u001b[22m\n\n    at /Users/Lucas-Lenovo/Documents/Documentos/Portal dos Eletricistas/tests/e2e/05-orcamentos.spec.ts:184:42",
                        "location": {
                          "file": "/Users/Lucas-Lenovo/Documents/Documentos/Portal dos Eletricistas/tests/e2e/05-orcamentos.spec.ts",
                          "column": 42,
                          "line": 184
                        },
                        "snippet": "  182 |         // Login\n  183 |         await page.goto('/login');\n> 184 |         await page.getByLabel(/E-mail/i).fill('teste@example.com');\n      |                                          ^\n  185 |         await page.getByLabel(/Senha/i).fill('Teste@123');\n  186 |         await page.getByRole('button', { name: /Entrar/i }).click();\n  187 |         await page.waitForTimeout(2000);"
                      },
                      "errors": [
                        {
                          "location": {
                            "file": "/Users/Lucas-Lenovo/Documents/Documentos/Portal dos Eletricistas/tests/e2e/05-orcamentos.spec.ts",
                            "column": 42,
                            "line": 184
                          },
                          "message": "TimeoutError: locator.fill: Timeout 10000ms exceeded.\nCall log:\n\u001b[2m  - waiting for getByLabel(/E-mail/i)\u001b[22m\n\n\n  182 |         // Login\n  183 |         await page.goto('/login');\n> 184 |         await page.getByLabel(/E-mail/i).fill('teste@example.com');\n      |                                          ^\n  185 |         await page.getByLabel(/Senha/i).fill('Teste@123');\n  186 |         await page.getByRole('button', { name: /Entrar/i }).click();\n  187 |         await page.waitForTimeout(2000);\n    at /Users/Lucas-Lenovo/Documents/Documentos/Portal dos Eletricistas/tests/e2e/05-orcamentos.spec.ts:184:42"
                        }
                      ],
                      "stdout": [],
                      "stderr": [],
                      "retry": 0,
                      "startTime": "2026-01-30T04:14:37.829Z",
                      "annotations": [],
                      "attachments": [
                        {
                          "name": "screenshot",
                          "contentType": "image/png",
                          "path": "/Users/Lucas-Lenovo/Documents/Documentos/Portal dos Eletricistas/test-results/05-orcamentos-Gestão-de-Or-f97d6--permitir-excluir-orçamento-chromium/test-failed-1.png"
                        },
                        {
                          "name": "video",
                          "contentType": "video/webm",
                          "path": "/Users/Lucas-Lenovo/Documents/Documentos/Portal dos Eletricistas/test-results/05-orcamentos-Gestão-de-Or-f97d6--permitir-excluir-orçamento-chromium/video.webm"
                        },
                        {
                          "name": "error-context",
                          "contentType": "text/markdown",
                          "path": "/Users/Lucas-Lenovo/Documents/Documentos/Portal dos Eletricistas/test-results/05-orcamentos-Gestão-de-Or-f97d6--permitir-excluir-orçamento-chromium/error-context.md"
                        }
                      ],
                      "errorLocation": {
                        "file": "/Users/Lucas-Lenovo/Documents/Documentos/Portal dos Eletricistas/tests/e2e/05-orcamentos.spec.ts",
                        "column": 42,
                        "line": 184
                      }
                    }
                  ],
                  "status": "unexpected"
                }
              ],
              "id": "1548cc026ed8a26302ac-ed491d3f78b12687587d",
              "file": "05-orcamentos.spec.ts",
              "line": 263,
              "column": 9
            }
          ]
        },
        {
          "title": "Compartilhamento de Orçamentos",
          "file": "05-orcamentos.spec.ts",
          "line": 295,
          "column": 6,
          "specs": [
            {
              "title": "deve permitir gerar PDF do orçamento",
              "ok": false,
              "tags": [],
              "tests": [
                {
                  "timeout": 30000,
                  "annotations": [],
                  "expectedStatus": "passed",
                  "projectId": "chromium",
                  "projectName": "chromium",
                  "results": [
                    {
                      "workerIndex": 43,
                      "parallelIndex": 0,
                      "status": "failed",
                      "duration": 11765,
                      "error": {
                        "message": "TimeoutError: locator.fill: Timeout 10000ms exceeded.\nCall log:\n\u001b[2m  - waiting for getByLabel(/E-mail/i)\u001b[22m\n",
                        "stack": "TimeoutError: locator.fill: Timeout 10000ms exceeded.\nCall log:\n\u001b[2m  - waiting for getByLabel(/E-mail/i)\u001b[22m\n\n    at /Users/Lucas-Lenovo/Documents/Documentos/Portal dos Eletricistas/tests/e2e/05-orcamentos.spec.ts:299:42",
                        "location": {
                          "file": "/Users/Lucas-Lenovo/Documents/Documentos/Portal dos Eletricistas/tests/e2e/05-orcamentos.spec.ts",
                          "column": 42,
                          "line": 299
                        },
                        "snippet": "  297 |     test.beforeEach(async ({ page }) => {\n  298 |         await page.goto('/login');\n> 299 |         await page.getByLabel(/E-mail/i).fill('teste@example.com');\n      |                                          ^\n  300 |         await page.getByLabel(/Senha/i).fill('Teste@123');\n  301 |         await page.getByRole('button', { name: /Entrar/i }).click();\n  302 |         await page.waitForTimeout(2000);"
                      },
                      "errors": [
                        {
                          "location": {
                            "file": "/Users/Lucas-Lenovo/Documents/Documentos/Portal dos Eletricistas/tests/e2e/05-orcamentos.spec.ts",
                            "column": 42,
                            "line": 299
                          },
                          "message": "TimeoutError: locator.fill: Timeout 10000ms exceeded.\nCall log:\n\u001b[2m  - waiting for getByLabel(/E-mail/i)\u001b[22m\n\n\n  297 |     test.beforeEach(async ({ page }) => {\n  298 |         await page.goto('/login');\n> 299 |         await page.getByLabel(/E-mail/i).fill('teste@example.com');\n      |                                          ^\n  300 |         await page.getByLabel(/Senha/i).fill('Teste@123');\n  301 |         await page.getByRole('button', { name: /Entrar/i }).click();\n  302 |         await page.waitForTimeout(2000);\n    at /Users/Lucas-Lenovo/Documents/Documentos/Portal dos Eletricistas/tests/e2e/05-orcamentos.spec.ts:299:42"
                        }
                      ],
                      "stdout": [],
                      "stderr": [],
                      "retry": 0,
                      "startTime": "2026-01-30T04:14:40.051Z",
                      "annotations": [],
                      "attachments": [
                        {
                          "name": "screenshot",
                          "contentType": "image/png",
                          "path": "/Users/Lucas-Lenovo/Documents/Documentos/Portal dos Eletricistas/test-results/05-orcamentos-Compartilham-680ea-itir-gerar-PDF-do-orçamento-chromium/test-failed-1.png"
                        },
                        {
                          "name": "video",
                          "contentType": "video/webm",
                          "path": "/Users/Lucas-Lenovo/Documents/Documentos/Portal dos Eletricistas/test-results/05-orcamentos-Compartilham-680ea-itir-gerar-PDF-do-orçamento-chromium/video.webm"
                        },
                        {
                          "name": "error-context",
                          "contentType": "text/markdown",
                          "path": "/Users/Lucas-Lenovo/Documents/Documentos/Portal dos Eletricistas/test-results/05-orcamentos-Compartilham-680ea-itir-gerar-PDF-do-orçamento-chromium/error-context.md"
                        }
                      ],
                      "errorLocation": {
                        "file": "/Users/Lucas-Lenovo/Documents/Documentos/Portal dos Eletricistas/tests/e2e/05-orcamentos.spec.ts",
                        "column": 42,
                        "line": 299
                      }
                    }
                  ],
                  "status": "unexpected"
                }
              ],
              "id": "1548cc026ed8a26302ac-0044a1ce680f643eadc9",
              "file": "05-orcamentos.spec.ts",
              "line": 307,
              "column": 9
            },
            {
              "title": "deve permitir compartilhar via WhatsApp",
              "ok": false,
              "tags": [],
              "tests": [
                {
                  "timeout": 30000,
                  "annotations": [],
                  "expectedStatus": "passed",
                  "projectId": "chromium",
                  "projectName": "chromium",
                  "results": [
                    {
                      "workerIndex": 44,
                      "parallelIndex": 1,
                      "status": "failed",
                      "duration": 11706,
                      "error": {
                        "message": "TimeoutError: locator.fill: Timeout 10000ms exceeded.\nCall log:\n\u001b[2m  - waiting for getByLabel(/E-mail/i)\u001b[22m\n",
                        "stack": "TimeoutError: locator.fill: Timeout 10000ms exceeded.\nCall log:\n\u001b[2m  - waiting for getByLabel(/E-mail/i)\u001b[22m\n\n    at /Users/Lucas-Lenovo/Documents/Documentos/Portal dos Eletricistas/tests/e2e/05-orcamentos.spec.ts:299:42",
                        "location": {
                          "file": "/Users/Lucas-Lenovo/Documents/Documentos/Portal dos Eletricistas/tests/e2e/05-orcamentos.spec.ts",
                          "column": 42,
                          "line": 299
                        },
                        "snippet": "  297 |     test.beforeEach(async ({ page }) => {\n  298 |         await page.goto('/login');\n> 299 |         await page.getByLabel(/E-mail/i).fill('teste@example.com');\n      |                                          ^\n  300 |         await page.getByLabel(/Senha/i).fill('Teste@123');\n  301 |         await page.getByRole('button', { name: /Entrar/i }).click();\n  302 |         await page.waitForTimeout(2000);"
                      },
                      "errors": [
                        {
                          "location": {
                            "file": "/Users/Lucas-Lenovo/Documents/Documentos/Portal dos Eletricistas/tests/e2e/05-orcamentos.spec.ts",
                            "column": 42,
                            "line": 299
                          },
                          "message": "TimeoutError: locator.fill: Timeout 10000ms exceeded.\nCall log:\n\u001b[2m  - waiting for getByLabel(/E-mail/i)\u001b[22m\n\n\n  297 |     test.beforeEach(async ({ page }) => {\n  298 |         await page.goto('/login');\n> 299 |         await page.getByLabel(/E-mail/i).fill('teste@example.com');\n      |                                          ^\n  300 |         await page.getByLabel(/Senha/i).fill('Teste@123');\n  301 |         await page.getByRole('button', { name: /Entrar/i }).click();\n  302 |         await page.waitForTimeout(2000);\n    at /Users/Lucas-Lenovo/Documents/Documentos/Portal dos Eletricistas/tests/e2e/05-orcamentos.spec.ts:299:42"
                        }
                      ],
                      "stdout": [],
                      "stderr": [],
                      "retry": 0,
                      "startTime": "2026-01-30T04:14:41.072Z",
                      "annotations": [],
                      "attachments": [
                        {
                          "name": "screenshot",
                          "contentType": "image/png",
                          "path": "/Users/Lucas-Lenovo/Documents/Documentos/Portal dos Eletricistas/test-results/05-orcamentos-Compartilham-15ef4-r-compartilhar-via-WhatsApp-chromium/test-failed-1.png"
                        },
                        {
                          "name": "video",
                          "contentType": "video/webm",
                          "path": "/Users/Lucas-Lenovo/Documents/Documentos/Portal dos Eletricistas/test-results/05-orcamentos-Compartilham-15ef4-r-compartilhar-via-WhatsApp-chromium/video.webm"
                        },
                        {
                          "name": "error-context",
                          "contentType": "text/markdown",
                          "path": "/Users/Lucas-Lenovo/Documents/Documentos/Portal dos Eletricistas/test-results/05-orcamentos-Compartilham-15ef4-r-compartilhar-via-WhatsApp-chromium/error-context.md"
                        }
                      ],
                      "errorLocation": {
                        "file": "/Users/Lucas-Lenovo/Documents/Documentos/Portal dos Eletricistas/tests/e2e/05-orcamentos.spec.ts",
                        "column": 42,
                        "line": 299
                      }
                    }
                  ],
                  "status": "unexpected"
                }
              ],
              "id": "1548cc026ed8a26302ac-d50e71a8985793279b97",
              "file": "05-orcamentos.spec.ts",
              "line": 329,
              "column": 9
            },
            {
              "title": "deve permitir copiar link do orçamento",
              "ok": false,
              "tags": [],
              "tests": [
                {
                  "timeout": 30000,
                  "annotations": [],
                  "expectedStatus": "passed",
                  "projectId": "chromium",
                  "projectName": "chromium",
                  "results": [
                    {
                      "workerIndex": 45,
                      "parallelIndex": 3,
                      "status": "failed",
                      "duration": 11655,
                      "error": {
                        "message": "TimeoutError: locator.fill: Timeout 10000ms exceeded.\nCall log:\n\u001b[2m  - waiting for getByLabel(/E-mail/i)\u001b[22m\n",
                        "stack": "TimeoutError: locator.fill: Timeout 10000ms exceeded.\nCall log:\n\u001b[2m  - waiting for getByLabel(/E-mail/i)\u001b[22m\n\n    at /Users/Lucas-Lenovo/Documents/Documentos/Portal dos Eletricistas/tests/e2e/05-orcamentos.spec.ts:299:42",
                        "location": {
                          "file": "/Users/Lucas-Lenovo/Documents/Documentos/Portal dos Eletricistas/tests/e2e/05-orcamentos.spec.ts",
                          "column": 42,
                          "line": 299
                        },
                        "snippet": "  297 |     test.beforeEach(async ({ page }) => {\n  298 |         await page.goto('/login');\n> 299 |         await page.getByLabel(/E-mail/i).fill('teste@example.com');\n      |                                          ^\n  300 |         await page.getByLabel(/Senha/i).fill('Teste@123');\n  301 |         await page.getByRole('button', { name: /Entrar/i }).click();\n  302 |         await page.waitForTimeout(2000);"
                      },
                      "errors": [
                        {
                          "location": {
                            "file": "/Users/Lucas-Lenovo/Documents/Documentos/Portal dos Eletricistas/tests/e2e/05-orcamentos.spec.ts",
                            "column": 42,
                            "line": 299
                          },
                          "message": "TimeoutError: locator.fill: Timeout 10000ms exceeded.\nCall log:\n\u001b[2m  - waiting for getByLabel(/E-mail/i)\u001b[22m\n\n\n  297 |     test.beforeEach(async ({ page }) => {\n  298 |         await page.goto('/login');\n> 299 |         await page.getByLabel(/E-mail/i).fill('teste@example.com');\n      |                                          ^\n  300 |         await page.getByLabel(/Senha/i).fill('Teste@123');\n  301 |         await page.getByRole('button', { name: /Entrar/i }).click();\n  302 |         await page.waitForTimeout(2000);\n    at /Users/Lucas-Lenovo/Documents/Documentos/Portal dos Eletricistas/tests/e2e/05-orcamentos.spec.ts:299:42"
                        }
                      ],
                      "stdout": [],
                      "stderr": [],
                      "retry": 0,
                      "startTime": "2026-01-30T04:14:42.739Z",
                      "annotations": [],
                      "attachments": [
                        {
                          "name": "screenshot",
                          "contentType": "image/png",
                          "path": "/Users/Lucas-Lenovo/Documents/Documentos/Portal dos Eletricistas/test-results/05-orcamentos-Compartilham-ddd09-ir-copiar-link-do-orçamento-chromium/test-failed-1.png"
                        },
                        {
                          "name": "video",
                          "contentType": "video/webm",
                          "path": "/Users/Lucas-Lenovo/Documents/Documentos/Portal dos Eletricistas/test-results/05-orcamentos-Compartilham-ddd09-ir-copiar-link-do-orçamento-chromium/video.webm"
                        },
                        {
                          "name": "error-context",
                          "contentType": "text/markdown",
                          "path": "/Users/Lucas-Lenovo/Documents/Documentos/Portal dos Eletricistas/test-results/05-orcamentos-Compartilham-ddd09-ir-copiar-link-do-orçamento-chromium/error-context.md"
                        }
                      ],
                      "errorLocation": {
                        "file": "/Users/Lucas-Lenovo/Documents/Documentos/Portal dos Eletricistas/tests/e2e/05-orcamentos.spec.ts",
                        "column": 42,
                        "line": 299
                      }
                    }
                  ],
                  "status": "unexpected"
                }
              ],
              "id": "1548cc026ed8a26302ac-d688b00d94cfdb5e0bf0",
              "file": "05-orcamentos.spec.ts",
              "line": 347,
              "column": 9
            }
          ]
        }
      ]
    }
  ],
  "errors": [],
  "stats": {
    "startTime": "2026-01-30T04:12:20.142Z",
    "duration": 154446.23700000002,
    "expected": 13,
    "skipped": 0,
    "unexpected": 46,
    "flaky": 0
  }
}
